 TEST

 Timestamp is 65b58903 (Sun Jan 28 01:51:47 2024)

 Preferred load address is 88000000

 Start         Length     Name                   Class
 0001:00000000 00000100H .idata$5                DATA
 0001:00000100 00039804H .rdata                  DATA
 0001:00039904 0000006dH .rdata$debug            DATA
 0001:00039978 0000041cH .xdata                  DATA
 0001:00039d94 00000240H .xdata$x                DATA
 0002:00000000 000032c8H .pdata                  DATA
 0003:00000000 0006065cH .text                   CODE
 0003:00060660 00000454H .text$yc                CODE
 0003:00060ab8 0000041cH .text$yd                CODE
 0003:00060ed4 00000390H .xidata                 CODE
 0003:00061264 00000000H .xedata                 CODE
 0004:00000000 00000004H .CRT$RIA                DATA
 0004:00000004 00000004H .CRT$RII10              DATA
 0004:00000008 00000004H .CRT$RII20              DATA
 0004:0000000c 00000004H .CRT$RIZ                DATA
 0004:00000010 00000004H .CRT$XCA                DATA
 0004:00000014 00000004H .CRT$XCAA               DATA
 0004:00000018 00000010H .CRT$XCC                DATA
 0004:00000028 00000064H .CRT$XCU                DATA
 0004:0000008c 00000004H .CRT$XCZ                DATA
 0004:00000090 00000004H .CRT$XIA                DATA
 0004:00000094 00000008H .CRT$XIC                DATA
 0004:0000009c 00000004H .CRT$XIZ                DATA
 0004:000000a0 00000004H .CRT$XPA                DATA
 0004:000000a4 00000004H .CRT$XPX                DATA
 0004:000000a8 00000004H .CRT$XPXA               DATA
 0004:000000ac 00000004H .CRT$XPZ                DATA
 0004:000000b0 00000004H .CRT$XTA                DATA
 0004:000000b4 00000004H .CRT$XTZ                DATA
 0004:000000c0 00016edcH .data                   DATA
 0004:00016fa0 00002b10H .bss                    DATA
 0005:00000000 00000031H .edata                  DATA
 0006:00000000 00000028H .idata$2                DATA
 0006:00000028 00000014H .idata$3                DATA
 0006:0000003c 00000100H .idata$4                DATA
 0006:0000013c 00000032H .idata$6                DATA
 0007:00000000 00000080H .XBLD$V                 DATA

  Address         Publics by Value              Rva+Base       Lib:Object

 0000:00000000       ___safe_se_handler_table   00000000     <absolute>
 0000:00000000       ___safe_se_handler_count   00000000     <absolute>
 0001:00000000       __imp_XamInputGetCapabilities 88000400     XAPILIB:xam.xex@3529.0+1861.0
 0001:00000004       __imp_XamLaunchNewImage    88000404     XAPILIB:xam.xex@3529.0+1861.0
 0001:00000008       __imp_XamInputGetState     88000408     XAPILIB:xam.xex@3529.0+1861.0
 0001:0000000c       __imp_XamShowMessageBoxUI  8800040c     XAPILIB:xam.xex@3529.0+1861.0
 0001:00000010       \177xam.xex@3529.0+1861_NULL_THUNK_DATA 88000410     XAPILIB:xam.xex@3529.0+1861.0
 0001:00000014       __imp_VdShutdownEngines    88000414     xboxkrnl:xboxkrnl.exe@3529.0+1861.0
 0001:00000018       __imp_ExRegisterTitleTerminateNotification 88000418     xboxkrnl:xboxkrnl.exe@3529.0+1861.0
 0001:0000001c       __imp_RtlInitializeCriticalSection 8800041c     xboxkrnl:xboxkrnl.exe@3529.0+1861.0
 0001:00000020       __imp_MmAllocatePhysicalMemoryEx 88000420     xboxkrnl:xboxkrnl.exe@3529.0+1861.0
 0001:00000024       __imp_RtlInitAnsiString    88000424     xboxkrnl:xboxkrnl.exe@3529.0+1861.0
 0001:00000028       __imp_DbgPrint             88000428     xboxkrnl:xboxkrnl.exe@3529.0+1861.0
 0001:0000002c       __imp_RtlVsnprintf         8800042c     xboxkrnl:xboxkrnl.exe@3529.0+1861.0
 0001:00000030       __imp_XboxKrnlVersion      88000430     xboxkrnl:xboxkrnl.exe@3529.0+1861.0
 0001:00000030       XboxKrnlVersion            88000430     xboxkrnl:xboxkrnl.exe@3529.0+1861.0
 0001:00000034       __imp_ExCreateThread       88000434     xboxkrnl:xboxkrnl.exe@3529.0+1861.0
 0001:00000038       __imp_RtlSprintf           88000438     xboxkrnl:xboxkrnl.exe@3529.0+1861.0
 0001:0000003c       __imp_KeDebugMonitorData   8800043c     xboxkrnl:xboxkrnl.exe@3529.0+1861.0
 0001:0000003c       KeDebugMonitorData         8800043c     xboxkrnl:xboxkrnl.exe@3529.0+1861.0
 0001:00000040       __imp_RtlEnterCriticalSection 88000440     xboxkrnl:xboxkrnl.exe@3529.0+1861.0
 0001:00000044       __imp_RtlLeaveCriticalSection 88000444     xboxkrnl:xboxkrnl.exe@3529.0+1861.0
 0001:00000048       __imp_KfAcquireSpinLock    88000448     xboxkrnl:xboxkrnl.exe@3529.0+1861.0
 0001:0000004c       __imp_KfReleaseSpinLock    8800044c     xboxkrnl:xboxkrnl.exe@3529.0+1861.0
 0001:00000050       __imp_MmFreePhysicalMemory 88000450     xboxkrnl:xboxkrnl.exe@3529.0+1861.0
 0001:00000054       __imp_VdGlobalDevice       88000454     xboxkrnl:xboxkrnl.exe@3529.0+1861.0
 0001:00000054       VdGlobalDevice             88000454     xboxkrnl:xboxkrnl.exe@3529.0+1861.0
 0001:00000058       __imp_RtlVswprintf         88000458     xboxkrnl:xboxkrnl.exe@3529.0+1861.0
 0001:0000005c       __imp_RtlVscwprintf        8800045c     xboxkrnl:xboxkrnl.exe@3529.0+1861.0
 0001:00000060       __imp_KeGetCurrentProcessType 88000460     xboxkrnl:xboxkrnl.exe@3529.0+1861.0
 0001:00000064       __imp_XeCryptBnQwBeSigVerify 88000464     xboxkrnl:xboxkrnl.exe@3529.0+1861.0
 0001:00000068       __imp_XeKeysGetKey         88000468     xboxkrnl:xboxkrnl.exe@3529.0+1861.0
 0001:0000006c       __imp_XeCryptRotSumSha     8800046c     xboxkrnl:xboxkrnl.exe@3529.0+1861.0
 0001:00000070       __imp_XeCryptSha           88000470     xboxkrnl:xboxkrnl.exe@3529.0+1861.0
 0001:00000074       __imp___C_specific_handler 88000474     xboxkrnl:xboxkrnl.exe@3529.0+1861.0
 0001:00000078       __imp_KeBugCheck           88000478     xboxkrnl:xboxkrnl.exe@3529.0+1861.0
 0001:0000007c       __imp_RtlUnwind            8800047c     xboxkrnl:xboxkrnl.exe@3529.0+1861.0
 0001:00000080       __imp_TlsAlloc             88000480     xboxkrnl:xboxkrnl.exe@3529.0+1861.0
 0001:00000084       __imp_TlsGetValue          88000484     xboxkrnl:xboxkrnl.exe@3529.0+1861.0
 0001:00000088       __imp_TlsSetValue          88000488     xboxkrnl:xboxkrnl.exe@3529.0+1861.0
 0001:0000008c       __imp_TlsFree              8800048c     xboxkrnl:xboxkrnl.exe@3529.0+1861.0
 0001:00000090       __imp_RtlCaptureContext    88000490     xboxkrnl:xboxkrnl.exe@3529.0+1861.0
 0001:00000094       __imp_RtlNtStatusToDosError 88000494     xboxkrnl:xboxkrnl.exe@3529.0+1861.0
 0001:00000098       __imp_RtlMultiByteToUnicodeN 88000498     xboxkrnl:xboxkrnl.exe@3529.0+1861.0
 0001:0000009c       __imp_NtClose              8800049c     xboxkrnl:xboxkrnl.exe@3529.0+1861.0
 0001:000000a0       __imp_NtCreateFile         880004a0     xboxkrnl:xboxkrnl.exe@3529.0+1861.0
 0001:000000a4       __imp_NtResumeThread       880004a4     xboxkrnl:xboxkrnl.exe@3529.0+1861.0
 0001:000000a8       __imp_NtProtectVirtualMemory 880004a8     xboxkrnl:xboxkrnl.exe@3529.0+1861.0
 0001:000000ac       __imp_NtQueryVirtualMemory 880004ac     xboxkrnl:xboxkrnl.exe@3529.0+1861.0
 0001:000000b0       __imp_XexGetModuleHandle   880004b0     xboxkrnl:xboxkrnl.exe@3529.0+1861.0
 0001:000000b4       __imp_NtSetInformationFile 880004b4     xboxkrnl:xboxkrnl.exe@3529.0+1861.0
 0001:000000b8       __imp_NtQueryInformationFile 880004b8     xboxkrnl:xboxkrnl.exe@3529.0+1861.0
 0001:000000bc       __imp_NtWaitForSingleObjectEx 880004bc     xboxkrnl:xboxkrnl.exe@3529.0+1861.0
 0001:000000c0       __imp_NtWriteFile          880004c0     xboxkrnl:xboxkrnl.exe@3529.0+1861.0
 0001:000000c4       KeTimeStampBundle          880004c4     xboxkrnl:xboxkrnl.exe@3529.0+1861.0
 0001:000000c4       __imp_KeTimeStampBundle    880004c4     xboxkrnl:xboxkrnl.exe@3529.0+1861.0
 0001:000000c8       __imp_NtReadFile           880004c8     xboxkrnl:xboxkrnl.exe@3529.0+1861.0
 0001:000000cc       __imp_MmQueryAllocationSize 880004cc     xboxkrnl:xboxkrnl.exe@3529.0+1861.0
 0001:000000d0       __imp_RtlRaiseException    880004d0     xboxkrnl:xboxkrnl.exe@3529.0+1861.0
 0001:000000d4       __imp_RtlImageXexHeaderField 880004d4     xboxkrnl:xboxkrnl.exe@3529.0+1861.0
 0001:000000d8       __imp_XexExecutableModuleHandle 880004d8     xboxkrnl:xboxkrnl.exe@3529.0+1861.0
 0001:000000d8       XexExecutableModuleHandle  880004d8     xboxkrnl:xboxkrnl.exe@3529.0+1861.0
 0001:000000dc       __imp_NtAllocateVirtualMemory 880004dc     xboxkrnl:xboxkrnl.exe@3529.0+1861.0
 0001:000000e0       __imp_KeBugCheckEx         880004e0     xboxkrnl:xboxkrnl.exe@3529.0+1861.0
 0001:000000e4       __imp_NtFreeVirtualMemory  880004e4     xboxkrnl:xboxkrnl.exe@3529.0+1861.0
 0001:000000e8       __imp_RtlCompareMemoryUlong 880004e8     xboxkrnl:xboxkrnl.exe@3529.0+1861.0
 0001:000000ec       __imp_KeQuerySystemTime    880004ec     xboxkrnl:xboxkrnl.exe@3529.0+1861.0
 0001:000000f0       __imp_NtFlushBuffersFile   880004f0     xboxkrnl:xboxkrnl.exe@3529.0+1861.0
 0001:000000f4       __imp_ExTerminateThread    880004f4     xboxkrnl:xboxkrnl.exe@3529.0+1861.0
 0001:000000f8       __imp_KeDelayExecutionThread 880004f8     xboxkrnl:xboxkrnl.exe@3529.0+1861.0
 0001:000000fc       \177xboxkrnl.exe@3529.0+1861_NULL_THUNK_DATA 880004fc     xboxkrnl:xboxkrnl.exe@3529.0+1861.0
 0001:00000fbc       ??_7exception@std@@6B@     880013bc     PatchData.obj
 0001:00000fbc       ??_7bad_alloc@std@@6B@     880013bc     PatchData.obj
 0001:00000fbc       ??_7bad_cast@std@@6B@      880013bc     PatchData.obj
 0001:00000fbc       ??_7__non_rtti_object@std@@6B@ 880013bc     LIBCMT:rtti.obj
 0001:00000fbc       ??_7bad_typeid@std@@6B@    880013bc     LIBCMT:rtti.obj
 0001:00000fc4       ??_C@_0BC@EOODALEL@Unknown?5exception?$AA@ 880013c4     PatchData.obj
 0001:00000fd8       ??_7?$basic_ios@DU?$char_traits@D@std@@@std@@6B@ 880013d8     PatchData.obj
 0001:00000fd8       ??_7ios_base@std@@6B@      880013d8     PatchData.obj
 0001:00000fdc       ??_7IDestructible@Memory@SoX@Sonicteam@@6B@ 880013dc     PatchData.obj
 0001:00000fe0       ??_7sp_counted_base@detail@boost@@6B@ 880013e0     PatchData.obj
 0001:00000ff0       ??_7bad_weak_ptr@boost@@6B@ 880013f0     PatchData.obj
 0001:00000ff8       ??_C@_0BE@GLILEGNA@boost?3?3bad_weak_ptr?$AA@ 880013f8     PatchData.obj
 0001:0000100c       ??_7Object2@PlayerState@Marathon@@6B@ 8800140c     PatchData.obj
 0001:00001038       ??_7CommonObject@PlayerState@Marathon@@6B@ 88001438     PatchData.obj
 0001:000010a0       ??_7StateWait@SonicStates@Multiplayer4P@@6B@ 880014a0     PatchData.obj
 0001:000010cc       __real@447a0000            880014cc     PatchData.obj
 0001:000010d0       __real@4024000000000000    880014d0     PatchData.obj
 0001:000010d8       __real@3fb5555555555555    880014d8     PatchData.obj
 0001:000010e0       __real@4014000000000000    880014e0     PatchData.obj
 0001:000010e8       __real@3f91111111111111    880014e8     PatchData.obj
 0001:000010f0       __real@0000000000000000    880014f0     PatchData.obj
 0001:000010f8       __real@3ff0000000000000    880014f8     PatchData.obj
 0001:00001100       __real@3c9ba5e3            88001500     PatchData.obj
 0001:00001108       __real@3fb99999a0000000    88001508     PatchData.obj
 0001:00001110       __real@3d0f5c29            88001510     PatchData.obj
 0001:00001118       __real@3fd0000000000000    88001518     PatchData.obj
 0001:00001120       __real@3fe4cccccccccccd    88001520     PatchData.obj
 0001:00001128       __real@41a80000            88001528     PatchData.obj
 0001:00001130       __real@3f847ae147ae147b    88001530     PatchData.obj
 0001:00001138       ??_7?$basic_ostream@DU?$char_traits@D@std@@@std@@6B@ 88001538     PatchData.obj
 0001:0000113c       ??_7?$basic_istream@DU?$char_traits@D@std@@@std@@6B@ 8800153c     PatchData.obj
 0001:00001140       ??_7?$basic_iostream@DU?$char_traits@D@std@@@std@@6B@ 88001540     PatchData.obj
 0001:00001144       ??_7?$sp_counted_impl_p@VStateWait@SonicStates@Multiplayer4P@@@detail@boost@@6B@ 88001544     PatchData.obj
 0001:00001154       ??_7TailsContextEX@TailsGauge@@6BIExportWeaponRequestFlag@@@ 88001554     PatchData.obj
 0001:0000115c       ??_7TailsContextEX@TailsGauge@@6BIExportPostureRequestFlag@Player@Sonicteam@@@ 8800155c     PatchData.obj
 0001:00001164       ??_7TailsContextEX@TailsGauge@@6BIFlagCommunicator@Player@Sonicteam@@@ 88001564     PatchData.obj
 0001:00001198       ??_7TailsContextEX@TailsGauge@@6BIDynamicLink@Player@Sonicteam@@@ 88001598     PatchData.obj
 0001:000011a0       ??_7TailsContextEX@TailsGauge@@6BIVarible@Player@Sonicteam@@@ 880015a0     PatchData.obj
 0001:000011a0       ??_7AmyContext@State@Player@Sonicteam@@6BIVarible@23@@ 880015a0     DLLModule.obj
 0001:000011a0       ??_7CommonContext@State@Player@Sonicteam@@6BIVarible@23@@ 880015a0     CommonContext.obj
 0001:000011f8       ??_7?$basic_streambuf@DU?$char_traits@D@std@@@std@@6B@ 880015f8     PatchData.obj
 0001:00001230       ??_7?$basic_stringbuf@DU?$char_traits@D@std@@V?$allocator@D@2@@std@@6B@ 88001630     PatchData.obj
 0001:00001268       ??_7?$basic_stringstream@DU?$char_traits@D@std@@V?$allocator@D@2@@std@@6B@ 88001668     PatchData.obj
 0001:000015e8       ??_7runtime_error@std@@6B@ 880019e8     PatchData.obj
 0001:000015e8       ??_7logic_error@std@@6B@   880019e8     PatchData.obj
 0001:00001688       ??_7failure@ios_base@std@@6B@ 88001a88     PatchData.obj
 0001:00001688       ??_7length_error@std@@6B@  88001a88     PatchData.obj
 0001:00001688       ??_7out_of_range@std@@6B@  88001a88     PatchData.obj
 0001:00001690       ??_C@_0BD@OLBABOEK@vector?$DMT?$DO?5too?5long?$AA@ 88001a90     PatchData.obj
 0001:00001718       ??_C@_0BA@ELKIONDK@bad?5locale?5name?$AA@ 88001b18     PatchData.obj
 0001:000017a0       ??_C@_01GFHCPBMG@C?$AA@    88001ba0     PatchData.obj
 0001:000017a4       ??_7?$ctype@D@std@@6B@     88001ba4     PatchData.obj
 0001:00001818       ??_C@_0BF@OOHOMBOF@ios_base?3?3eofbit?5set?$AA@ 88001c18     PatchData.obj
 0001:00001830       ??_C@_0BG@FMKFHCIL@ios_base?3?3failbit?5set?$AA@ 88001c30     PatchData.obj
 0001:00001848       ??_C@_0BF@PHHKMMFD@ios_base?3?3badbit?5set?$AA@ 88001c48     PatchData.obj
 0001:00001ab8       ??_C@_0BM@PAPJHAGI@invalid?5map?1set?$DMT?$DO?5iterator?$AA@ 88001eb8     PatchData.obj
 0001:00001b10       ??_C@_08EPJLHIJG@bad?5cast?$AA@ 88001f10     PatchData.obj
 0001:00001b68       ??_7?$num_put@DV?$ostreambuf_iterator@DU?$char_traits@D@std@@@std@@@std@@6B@ 88001f68     PatchData.obj
 0001:00001bc8       ??_C@_05LAPONLG@false?$AA@ 88001fc8     PatchData.obj
 0001:00001bd0       ??_C@_04LOAJBDKD@true?$AA@ 88001fd0     PatchData.obj
 0001:00001c40       ??_7?$num_get@DV?$istreambuf_iterator@DU?$char_traits@D@std@@@std@@@std@@6B@ 88002040     PatchData.obj
 0001:00001ce0       ??_7?$numpunct@D@std@@6B@  880020e0     PatchData.obj
 0001:00001ea0       ??_C@_0BE@JONHPENG@map?1set?$DMT?$DO?5too?5long?$AA@ 880022a0     PatchData.obj
 0001:00002108       ??_8?$basic_istream@DU?$char_traits@D@std@@@std@@7B@ 88002508     PatchData.obj
 0001:000026c0       ??_8?$basic_ostream@DU?$char_traits@D@std@@@std@@7B@ 88002ac0     PatchData.obj
 0001:000026c0       ??_8?$basic_iostream@DU?$char_traits@D@std@@@std@@7B?$basic_ostream@DU?$char_traits@D@std@@@1@@ 88002ac0     PatchData.obj
 0001:000026c8       ??_8?$basic_iostream@DU?$char_traits@D@std@@@std@@7B?$basic_istream@DU?$char_traits@D@std@@@1@@ 88002ac8     PatchData.obj
 0001:000027a8       ??_C@_01KGKMHCOC@e?$AA@    88002ba8     PatchData.obj
 0001:000027ac       ??_C@_01DDCIFGEA@E?$AA@    88002bac     PatchData.obj
 0001:00002890       ??_C@_0BH@HHDGIIFB@0123456789abcdefABCDEF?$AA@ 88002c90     PatchData.obj
 0001:000029d8       ??_8?$basic_stringstream@DU?$char_traits@D@std@@V?$allocator@D@2@@std@@7B?$basic_ostream@DU?$char_traits@D@std@@@1@@ 88002dd8     PatchData.obj
 0001:000029e0       ??_8?$basic_stringstream@DU?$char_traits@D@std@@V?$allocator@D@2@@std@@7B?$basic_istream@DU?$char_traits@D@std@@@1@@ 88002de0     PatchData.obj
 0001:00002a88       ??_C@_02EAOCLKAK@ld?$AA@   88002e88     PatchData.obj
 0001:00002a8c       ??_C@_02BDDLJJBK@lu?$AA@   88002e8c     PatchData.obj
 0001:00002a90       ??_C@_02HIKPPMOK@Ld?$AA@   88002e90     PatchData.obj
 0001:00002a94       ??_C@_02CLHGNPPK@Lu?$AA@   88002e94     PatchData.obj
 0001:00002a98       __real@38aa95a5b7f87a0f    88002e98     PatchData.obj
 0001:00002aa0       __real@4202a05f20000000    88002ea0     PatchData.obj
 0001:00002aa8       __real@3ddb7cdfd9d7bdbb    88002ea8     PatchData.obj
 0001:00002ab0       __real@4733426172c74d82    88002eb0     PatchData.obj
 0001:00002ab8       ??_C@_02BBAHNLBA@?$CFp?$AA@ 88002eb8     PatchData.obj
 0001:00003188       ??_7Doc@Engine@SoX@Sonicteam@@6B@ 88003588     DocMarathonImp.obj
 0001:00003198       ??_7DocMarathonImp@Sonicteam@@6B@ 88003598     DocMarathonImp.obj
 0001:00003410       ??_7HUDOption@Sonicteam@@6BMessageReceiver@SoX@1@@ 88003810     HUDOption.obj
 0001:00003418       ??_7HUDOption@Sonicteam@@6BComponent@SoX@1@@ 88003818     HUDOption.obj
 0001:00003680       ?str@IVarible@Player@Marathon@@2QBDB 88003a80     Marathon.obj
 0001:0000368c       ?flt@ICommonContextIF@State@Player@Marathon@@2MB 88003a8c     Marathon.obj
 0001:000036c0       ??_7IDynamicLink@Player@Sonicteam@@6B@ 88003ac0     IDynamicLink.obj
 0001:000036c8       ??_7MessageReceiver@SoX@Sonicteam@@6B@ 88003ac8     MessageReceiver.obj
 0001:000036c8       ??_7IStepable@Player@Sonicteam@@6B@ 88003ac8     IStepable.obj
 0001:000036c8       ??_7IExportPostureRequestFlag@Player@Sonicteam@@6B@ 88003ac8     IExportPostureRequestFlag.obj
 0001:000036c8       ??_7IExportWeaponRequestFlag@@6B@ 88003ac8     IExportWeaponRequestFlag.obj
 0001:000036d0       ??_7IFlagCommunicator@Player@Sonicteam@@6B@ 88003ad0     IFlagCommunicator.obj
 0001:00003cbc       ??_7CommonContext@State@Player@Sonicteam@@6BIFlagCommunicator@23@@ 880040bc     CommonContext.obj
 0001:00003cbc       ??_7AmyContext@State@Player@Sonicteam@@6BIFlagCommunicator@23@@ 880040bc     DLLModule.obj
 0001:00003cf0       ??_7AmyContext@State@Player@Sonicteam@@6BIDynamicLink@23@@ 880040f0     DLLModule.obj
 0001:00003cf0       ??_7CommonContext@State@Player@Sonicteam@@6BIDynamicLink@23@@ 880040f0     CommonContext.obj
 0001:00003cf8       ??_7CommonContext@State@Player@Sonicteam@@6BIPlugIn@23@@ 880040f8     CommonContext.obj
 0001:00003cf8       ??_7AmyContext@State@Player@Sonicteam@@6BIPlugIn@23@@ 880040f8     DLLModule.obj
 0001:00003cf8       ??_7TailsContextEX@TailsGauge@@6BIPlugIn@Player@Sonicteam@@@ 880040f8     PatchData.obj
 0001:00004340       ??_7ICommonContext@State@Player@Sonicteam@@6B@ 88004740     ICommonContext.obj
 0001:0000435c       ??_7ICommonContext@State@Player@Sonicteam@@6BIFlagCommunicator@23@@ 8800475c     ICommonContext.obj
 0001:00004390       ??_7ICommonContext@State@Player@Sonicteam@@6BIDynamicLink@23@@ 88004790     ICommonContext.obj
 0001:00004398       ??_7ICommonContext@State@Player@Sonicteam@@6BIPlugIn@23@@ 88004798     ICommonContext.obj
 0001:000043e0       ?unk_float@ICommonContextIF@State@Player@Sonicteam@@2MB 880047e0     ICommonContextIF.obj
 0001:000043e4       ??_7ICommonContextIF@State@Player@Sonicteam@@6B@ 880047e4     ICommonContextIF.obj
 0001:00004410       ??_7IContext@State@Player@Sonicteam@@6BIFlagCommunicator@23@@ 88004810     IContext.obj
 0001:00004444       ??_7IContext@State@Player@Sonicteam@@6BIDynamicLink@23@@ 88004844     IContext.obj
 0001:0000444c       ??_7IVarible@Player@Sonicteam@@6B@ 8800484c     IVarible.obj
 0001:0000444c       ??_7IContext@State@Player@Sonicteam@@6BIVarible@23@@ 8800484c     IContext.obj
 0001:0000444c       ??_7ICommonContext@State@Player@Sonicteam@@6BIVarible@23@@ 8800484c     ICommonContext.obj
 0001:0000444c       ??_7IGauge@Player@Sonicteam@@6BIVarible@12@@ 8800484c     IGauge.obj
 0001:00004450       ??_7IContext@State@Player@Sonicteam@@6BIPlugIn@23@@ 88004850     IContext.obj
 0001:00004554       ??_7IMachine@State@Player@Sonicteam@@6B@ 88004954     IMachine.obj
 0001:000045c0       ??_7?$StateMashine@VIContext@State@Player@Sonicteam@@@AI@SoX@Sonicteam@@6B@ 880049c0     Machine2.obj
 0001:000045dc       ??_7Machine2@State@Player@Sonicteam@@6BIMachine@123@@ 880049dc     Machine2.obj
 0001:00004600       ??_7Machine2@State@Player@Sonicteam@@6B?$StateMashine@VIContext@State@Player@Sonicteam@@@AI@SoX@3@@ 88004a00     Machine2.obj
 0001:00004730       ??_7GaugeStandard@Player@Sonicteam@@6BIStepable@12@@ 88004b30     GaugeStandard.obj
 0001:00004738       ??_7GaugeStandard@Player@Sonicteam@@6BIVarible@12@@ 88004b38     GaugeStandard.obj
 0001:0000473c       ??_7GaugeStandard@Player@Sonicteam@@6BIPlugIn@12@@ 88004b3c     GaugeStandard.obj
 0001:000047a0       ??_7IGauge@Player@Sonicteam@@6BIStepable@12@@ 88004ba0     IGauge.obj
 0001:000047a8       ??_7IGauge@Player@Sonicteam@@6BIPlugIn@12@@ 88004ba8     IGauge.obj
 0001:000048e0       ??_7IListener@Input@Player@Sonicteam@@6B@ 88004ce0     IListener.obj
 0001:00004a4c       __real@3dcccccd            88004e4c     ListenerNormal.obj
 0001:00004a50       ??_7ListenerNormal@Input@Player@Sonicteam@@6BIVarible@23@@ 88004e50     ListenerNormal.obj
 0001:00004a54       ??_7IPlugIn@Player@Sonicteam@@6B@ 88004e54     IPlugIn.obj
 0001:00004a54       ??_7ListenerNormal@Input@Player@Sonicteam@@6BIPlugIn@23@@ 88004e54     ListenerNormal.obj
 0001:00004a58       ??_7ListenerNormal@Input@Player@Sonicteam@@6BIStepable@23@@ 88004e58     ListenerNormal.obj
 0001:00004a60       ??_7ListenerNormal@Input@Player@Sonicteam@@6BIListener@123@@ 88004e60     ListenerNormal.obj
 0001:00004d18       ??_7AttackManager@Combo@Sonicteam@@6B@ 88005118     AttackManager.obj
 0001:00004d78       ??_7Component@SoX@Sonicteam@@6B@ 88005178     Component.obj
 0001:00004e20       ??_7Object@SoX@Sonicteam@@6B@ 88005220     Object.obj
 0001:00004e28       ??_7ObjectRework@SoX@Sonicteam@@6B@ 88005228     Object.obj
 0001:00004e30       ??_7RefCountObject@SoX@Sonicteam@@6B@ 88005230     RefCountObject.obj
 0001:00004e30       ??_7HUDOption@Sonicteam@@6B@ 88005230     HUDOption.obj
 0001:00004e84       ??_7Task@Engine@SoX@Sonicteam@@6BMessageReceiver@23@@ 88005284     Task.obj
 0001:00004e8c       ??_7Task@Engine@SoX@Sonicteam@@6BComponent@23@@ 8800528c     Task.obj
 0001:00004f10       ??_7Frame@Graphics@SoX@Sonicteam@@6B@ 88005310     Frame.obj
 0001:00004f14       ??_7FrameSynchronizer@Graphics@SoX@Sonicteam@@6B@ 88005314     FrameSynchronizer.obj
 0001:00004f14       ??_7facet@locale@std@@6B@  88005314     PatchData.obj
 0001:00004f14       ??_7View@Engine@SoX@Sonicteam@@6B@ 88005314     View.obj
 0001:00005028       szModuleName               88005428     DLLModule.obj
 0001:00005038       ??_7AmyContext@State@Player@Sonicteam@@6BIExportWeaponRequestFlag@@@ 88005438     DLLModule.obj
 0001:00005038       ??_7CommonContext@State@Player@Sonicteam@@6BIExportWeaponRequestFlag@@@ 88005438     CommonContext.obj
 0001:00005040       ??_7CommonContext@State@Player@Sonicteam@@6BIExportPostureRequestFlag@23@@ 88005440     CommonContext.obj
 0001:00005040       ??_7AmyContext@State@Player@Sonicteam@@6BIExportPostureRequestFlag@23@@ 88005440     DLLModule.obj
 0001:00005048       ??_7AmyContext@State@Player@Sonicteam@@6BICommonContext@123@@ 88005448     DLLModule.obj
 0001:00005048       ??_7CommonContext@State@Player@Sonicteam@@6BICommonContext@123@@ 88005448     CommonContext.obj
 0001:00005048       ??_7TailsContextEX@TailsGauge@@6BICommonContext@State@Player@Sonicteam@@@ 88005448     PatchData.obj
 0001:00005064       ??_7?$sp_counted_impl_p@VGaugeStandard@Player@Sonicteam@@@detail@boost@@6B@ 88005464     DLLModule.obj
 0001:000050e0       ?anisoFilterMap@?1??MapMaxAnisotropyToGpuAnisoFilter@D3D@@YA?AW4GPUANISOFILTER@@K@Z@4QBW43@B 880054e0     d3d9:state.obj
 0001:00005124       __real@42000000            88005524     d3d9:state.obj
 0001:00005128       __real@41000000            88005528     d3d9:state.obj
 0001:0000512c       __real@41800000            8800552c     d3d9:state.obj
 0001:00005130       __real@3d800000            88005530     d3d9:state.obj
 0001:00005134       __real@c1000000            88005534     d3d9:state.obj
 0001:00005138       __real@3e000000            88005538     d3d9:state.obj
 0001:0000513c       __real@3d000000            8800553c     d3d9:state.obj
 0001:00005140       __real@42c80000            88005540     d3d9:pix.obj
 0001:00005408       __real@41200000            88005808     d3d9:scaler.obj
 0001:00006cd0       ??_C@_01EEMJAFIK@?6?$AA@   880070d0     d3d9:commands.obj
 0001:00006d04       ??_C@_09PGPFFBEG@VGT_DEBUG?$AA@ 88007104     d3d9:debug.obj
 0001:00006d10       ??_C@_0M@IEIEFLFF@PA_SU_DEBUG?$AA@ 88007110     d3d9:debug.obj
 0001:00006d1c       ??_C@_0M@DOFAGDPJ@PA_SC_DEBUG?$AA@ 8800711c     d3d9:debug.obj
 0001:00006d28       ??_C@_0L@EDCMACCG@RBBM?5DEBUG?$AA@ 88007128     d3d9:debug.obj
 0001:00006d34       ??_C@_08IEPKCEKF@CP?5DEBUG?$AA@ 88007134     d3d9:debug.obj
 0001:00006d40       ??_C@_0BH@NDMACDKK@PTR_BUFF_STATUS?50xAc24?$AA@ 88007140     d3d9:debug.obj
 0001:00006d58       ??_C@_0BF@PJMJJLNA@PIX_TB_STATUS?50x9c24?$AA@ 88007158     d3d9:debug.obj
 0001:00006d70       ??_C@_0BF@MEDBLFBA@VTX_TB_STATUS?50x8C24?$AA@ 88007170     d3d9:debug.obj
 0001:00006d88       ??_C@_0L@DEOMDBCD@RB_DEBUG_0?$AA@ 88007188     d3d9:debug.obj
 0001:00006d94       ??_C@_0BA@KDEDGLM@TPC_CNTL_STATUS?$AA@ 88007194     d3d9:debug.obj
 0001:00006da4       ??_C@_0BA@OAFLIFPJ@TP3_CNTL_STATUS?$AA@ 880071a4     d3d9:debug.obj
 0001:00006db4       ??_C@_0BA@HNFEGEIP@TP2_CNTL_STATUS?$AA@ 880071b4     d3d9:debug.obj
 0001:00006dc4       ??_C@_0BA@BDFEBFE@TP1_CNTL_STATUS?$AA@ 880071c4     d3d9:debug.obj
 0001:00006dd4       ??_C@_0BA@JMDKKACC@TP0_CNTL_STATUS?$AA@ 880071d4     d3d9:debug.obj
 0001:00006de4       ??_C@_0P@KHEIJPIO@TC_CNTL_STATUS?$AA@ 880071e4     d3d9:debug.obj
 0001:00006df4       ??_C@_0BC@BKIMAGHF@PA_SU_CNTL_STATUS?$AA@ 880071f4     d3d9:debug.obj
 0001:00006e08       ??_C@_0BC@IEPMHBKP@PA_SC_CNTL_STATUS?$AA@ 88007208     d3d9:debug.obj
 0001:00006e1c       ??_C@_0BC@JGAKFKBG@PA_CL_CNTL_STATUS?$AA@ 8800721c     d3d9:debug.obj
 0001:00006e30       ??_C@_0P@PMOCOBP@VC_CNTL_STATUS?$AA@ 88007230     d3d9:debug.obj
 0001:00006e40       ??_C@_0BA@FBIIBFCG@VGT_CNTL_STATUS?$AA@ 88007240     d3d9:debug.obj
 0001:00006e50       ??_C@_0M@FBPPHOMA@CP_MEQ_STAT?$AA@ 88007250     d3d9:debug.obj
 0001:00006e5c       ??_C@_0N@OHNJPNBE@CP_MEQ_AVAIL?$AA@ 8800725c     d3d9:debug.obj
 0001:00006e6c       ??_C@_0BA@BOIHOLJP@CP_CSQ_IB2_STAT?$AA@ 8800726c     d3d9:debug.obj
 0001:00006e7c       ??_C@_0BA@CPGPPBAC@CP_CSQ_IB1_STAT?$AA@ 8800727c     d3d9:debug.obj
 0001:00006e8c       ??_C@_0P@KNLABLB@CP_CSQ_RB_STAT?$AA@ 8800728c     d3d9:debug.obj
 0001:00006e9c       ??_C@_0N@CGMKPGFM@CP_CSQ_AVAIL?$AA@ 8800729c     d3d9:debug.obj
 0001:00006eac       ??_C@_08JONKIEGH@CP_DEBUG?$AA@ 880072ac     d3d9:debug.obj
 0001:00006eb8       ??_C@_07HHJBOEEE@CP_STAT?$AA@ 880072b8     d3d9:debug.obj
 0001:00006ec0       ??_C@_0N@IFPNDEEJ@CP_IB2_BUFSZ?$AA@ 880072c0     d3d9:debug.obj
 0001:00006ed0       ??_C@_0M@MKLEDNDM@CP_IB2_BASE?$AA@ 880072d0     d3d9:debug.obj
 0001:00006edc       ??_C@_0N@LHCDDKK@CP_IB1_BUFSZ?$AA@ 880072dc     d3d9:debug.obj
 0001:00006eec       ??_C@_0M@PLFMCHKB@CP_IB1_BASE?$AA@ 880072ec     d3d9:debug.obj
 0001:00006ef8       ??_C@_0L@FEGELGBI@CP_RB_WPTR?$AA@ 880072f8     d3d9:debug.obj
 0001:00006f04       ??_C@_0L@JMIEDJGI@CP_RB_RPTR?$AA@ 88007304     d3d9:debug.obj
 0001:00006f10       ??_C@_0L@BEANAMAD@CP_RB_BASE?$AA@ 88007310     d3d9:debug.obj
 0001:00006f1c       ??_C@_02KIPEGDIF@BC?$AA@   8800731c     d3d9:debug.obj
 0001:00006f20       ??_C@_02MNOENKBB@SQ?$AA@   88007320     d3d9:debug.obj
 0001:00006f24       ??_C@_02IFGAHGBJ@PA?$AA@   88007324     d3d9:debug.obj
 0001:00006f28       ??_C@_02LFBAKKMC@SC?$AA@   88007328     d3d9:debug.obj
 0001:00006f2c       ??_C@_03CNDMIKGA@TPC?$AA@  8800732c     d3d9:debug.obj
 0001:00006f30       ??_C@_02BMCGGBFI@SX?$AA@   88007330     d3d9:debug.obj
 0001:00006f34       ??_C@_02EAFMPNHD@MH?$AA@   88007334     d3d9:debug.obj
 0001:00006f38       ??_C@_02MINJEICA@CP?$AA@   88007338     d3d9:debug.obj
 0001:00006f3c       ??_C@_04HMNKGMBJ@RBBM?$AA@ 8800733c     d3d9:debug.obj
 0001:00006f44       ??_C@_03JLNPHDII@VGT?$AA@  88007344     d3d9:debug.obj
 0001:00006f48       ??_C@_02LAFPLMEH@TC?$AA@   88007348     d3d9:debug.obj
 0001:00006f4c       ??_C@_0M@CNEMNOEK@?$CFs?50x?$CF02x?3?5?$AA@ 8800734c     d3d9:debug.obj
 0001:00006f58       ??_C@_05ECIELPFL@?$CF08x?5?$AA@ 88007358     d3d9:debug.obj
 0001:00006f60       ??_C@_03OFAPEBGM@?$CFs?6?$AA@ 88007360     d3d9:debug.obj
 0001:00006f64       ??_C@_0BB@IGFJDCCA@?5?5?5?$CF25s?3?50x?$CF08x?6?$AA@ 88007364     d3d9:debug.obj
 0001:00006f78       ??_C@_02MNMNLDAI@?$CJ?6?$AA@ 88007378     d3d9:debug.obj
 0001:00006f7c       ??_C@_0BE@IFEGNEDC@CPU?5Synchronization?$AA@ 8800737c     d3d9:debug.obj
 0001:00006f90       ??_C@_02KEGNLNML@?0?5?$AA@ 88007390     d3d9:debug.obj
 0001:00006f94       ??_C@_0BC@FDGPBEGG@?5?5?5?$CF25s?3?50x?$CF08x?5?$CI?$AA@ 88007394     d3d9:debug.obj
 0001:00006fa8       ??_C@_0M@LMOFDNIB@RBBM_STATUS?$AA@ 880073a8     d3d9:debug.obj
 0001:00006fb4       ??_C@_0BD@MGOELPJA@?5?5?5?5?5?5?5?50x?$CFx?50x?$CFx?6?$AA@ 880073b4     d3d9:debug.obj
 0001:00006fc8       ??_C@_0IE@HAPKKEFG@?5?5?5?5Could?5the?5contents?5have?5beco@ 880073c8     d3d9:debug.obj
 0001:00007050       ??_C@_0HP@JGLGJJKJ@?5?5?5?5It?5was?5a?5growable?5command?5bu@ 88007450     d3d9:debug.obj
 0001:000070d0       ??_C@_0IJ@INJCEODI@?6?5?5o?5The?5GPU?5appears?5to?5have?5hun@ 880074d0     d3d9:debug.obj
 0001:00007160       ??_C@_0IJ@HDJLGDNG@?6The?5GPU?5state?5doesn?8t?5match?5any@ 88007560     d3d9:debug.obj
 0001:000071f0       ??_C@_0IG@NJBDKJCM@?6If?5your?5hang?5didn?8t?5occur?5for?5t@ 880075f0     d3d9:debug.obj
 0001:00007278       ??_C@_0KO@DHDAEFFD@?5?5?5?5If?5you?5hit?5this?5hang?5more?5th@ 88007678     d3d9:debug.obj
 0001:00007328       ??_C@_0IB@IOBHKEGL@?6?5?5o?5The?5hang?5may?5have?5occurred?5@ 88007728     d3d9:debug.obj
 0001:000073b0       ??_C@_0JE@BABLHBCI@?5?5?5?5on?5a?5draw?5call?5doesn?8t?5prope@ 880077b0     d3d9:debug.obj
 0001:00007448       ??_C@_0IB@COOKGCFD@?6?5?5o?5The?5hang?5may?5have?5occurred?5@ 88007848     d3d9:debug.obj
 0001:000074cc       ??_C@_0CM@HAFCCHIJ@It?8s?5still?5running?5on?5processor?5@ 880078cc     d3d9:debug.obj
 0001:000074f8       ??_C@_0KA@NNFGANAA@It?5appears?5that?5a?5callback?5routi@ 880078f8     d3d9:debug.obj
 0001:00007598       ??_C@_0EI@KDPGAJKG@The?5GPU?5is?5hung?$CB?5?5D3D?5version?5is@ 88007998     d3d9:debug.obj
 0001:000075e0       ??_C@_06EANLHNAH@retail?$AA@ 880079e0     d3d9:debug.obj
 0001:000075e8       ??_C@_0GA@IPENGLBM@Breaking?5into?5the?5debugger?4?5?5The@ 880079e8     d3d9:debug.obj
 0001:00007648       ??_C@_0NJ@EBOIONOI@?6ERR?$FLD3D?$FN?3?5Try?5reproducing?5the?5h@ 88007a48     d3d9:debug.obj
 0001:00007728       ??_C@_0EN@CLOCNIHP@?$CL?$CL?$CL?$CL?$CL?$CL?$CL?$CL?$CL?$CL?$CL?$CL?$CL?$CL?$CL?$CL?$CL?$CL?$CL?$CL?$CL?$CL?$CL?$CL?$CL?$CL?$CL?$CL?$CL?$CL?$CL?$CL@ 88007b28     d3d9:debug.obj
 0001:000078e0       ?g_PFP@D3D@@3QBKB          88007ce0     d3d9:microcode.obj
 0001:00007d60       ?g_PM4@D3D@@3QAY02$$CBKA   88008160     d3d9:microcode.obj
 0001:0000a1f4       ??_7GdipFontRenderer@Xui@@6B@ 8800a5f4     xuirenderltcg:gdipfont.obj
 0001:0000a218       __real@3c638e39            8800a618     xuirenderltcg:gdipfont.obj
 0001:0000a21c       g_abSaltXtt                8800a61c     xuirenderltcg:font.obj
 0001:0000a228       ??_C@_04LLIHEPK@glyf?$AA@  8800a628     xuirenderltcg:font.obj
 0001:0000a230       __real@3c47e282            8800a630     xuirenderltcg:font.obj
 0001:0000a234       __real@3faaaaab            8800a634     xuirenderltcg:font.obj
 0001:0000a238       ??_C@_05DOIEBMOI@1?41?44?$AA@ 8800a638     xuirenderltcg:compress.obj
 0001:0000a240       ??_C@_04MEMAJGDJ@name?$AA@ 8800a640     xuirenderltcg:truetype.obj
 0001:0000a248       ??_C@_04CEOEJCDD@xglf?$AA@ 8800a648     xuirenderltcg:truetype.obj
 0001:0000a250       ??_C@_04NEODDMOL@head?$AA@ 8800a650     xuirenderltcg:truetype.obj
 0001:0000a258       ??_C@_04FMPHLIKP@hhea?$AA@ 8800a658     xuirenderltcg:truetype.obj
 0001:0000a260       ??_C@_04EICJPCEA@cmap?$AA@ 8800a660     xuirenderltcg:truetype.obj
 0001:0000a268       ??_C@_04DACNFKGE@loca?$AA@ 8800a668     xuirenderltcg:truetype.obj
 0001:0000a270       ??_C@_04IMNEFPCO@xloc?$AA@ 8800a670     xuirenderltcg:truetype.obj
 0001:0000a278       ??_C@_04ONMNCIMC@hmtx?$AA@ 8800a678     xuirenderltcg:truetype.obj
 0001:0000a280       ??_C@_04BJCBNDPF@xchk?$AA@ 8800a680     xuirenderltcg:truetype.obj
 0001:0000a288       ??_C@_04HEHNJIIK@xttf?$AA@ 8800a688     xuirenderltcg:truetype.obj
 0001:0000a290       XMatrixIdentityFIX16       8800a690     xuirenderltcg:matrix.obj
 0001:0000a354       ??_C@_0BA@MOKMMFOD@need?5dictionary?$AA@ 8800a754     xuirenderltcg:inflate.obj
 0001:0000a364       ??_C@_0BL@IHKGDAEE@unknown?5compression?5method?$AA@ 8800a764     xuirenderltcg:inflate.obj
 0001:0000a380       ??_C@_0BE@EMOGCLGO@invalid?5window?5size?$AA@ 8800a780     xuirenderltcg:inflate.obj
 0001:0000a394       ??_C@_0BH@LIBMMIGA@incorrect?5header?5check?$AA@ 8800a794     xuirenderltcg:inflate.obj
 0001:0000a3ac       ??_C@_0BF@MEIGEHBE@incorrect?5data?5check?$AA@ 8800a7ac     xuirenderltcg:inflate.obj
 0001:0000aa10       ?_dist_code@XuiTex@@3QBEB  8800ae10     xuirenderltcg:trees.obj
 0001:0000ac10       ?_length_code@XuiTex@@3QBEB 8800b010     xuirenderltcg:trees.obj
 0001:0000ae3c       ??_C@_0BF@CJFPCCEG@incompatible?5version?$AA@ 8800b23c     xuirenderltcg:zutil.obj
 0001:0000ae54       ??_C@_0N@DFPGLBGC@buffer?5error?$AA@ 8800b254     xuirenderltcg:zutil.obj
 0001:0000ae64       ??_C@_0BE@OGGJBMCE@insufficient?5memory?$AA@ 8800b264     xuirenderltcg:zutil.obj
 0001:0000ae78       ??_C@_0L@HAHMBNLP@data?5error?$AA@ 8800b278     xuirenderltcg:zutil.obj
 0001:0000ae84       ??_C@_0N@MKKNPMJD@stream?5error?$AA@ 8800b284     xuirenderltcg:zutil.obj
 0001:0000ae94       ??_C@_0L@KIJFAKBJ@file?5error?$AA@ 8800b294     xuirenderltcg:zutil.obj
 0001:0000ae9f       ??_C@_00CNPNBAHC@?$AA@     8800b29f     xuirenderltcg:zutil.obj
 0001:0000aea0       ??_C@_0L@FNAOCBOG@stream?5end?$AA@ 8800b2a0     xuirenderltcg:zutil.obj
 0001:0000aeac       ?z_errmsg@XuiTex@@3QBQBDB  8800b2ac     xuirenderltcg:zutil.obj
 0001:0000af3c       ??_C@_0BK@BMMPFBBH@invalid?5bit?5length?5repeat?$AA@ 8800b33c     xuirenderltcg:infblock.obj
 0001:0000af58       ??_C@_0CE@GMIGFPBB@too?5many?5length?5or?5distance?5symb@ 8800b358     xuirenderltcg:infblock.obj
 0001:0000af7c       ??_C@_0BN@LGAADGOK@invalid?5stored?5block?5lengths?$AA@ 8800b37c     xuirenderltcg:infblock.obj
 0001:0000af9c       ??_C@_0BD@PJCBIDD@invalid?5block?5type?$AA@ 8800b39c     xuirenderltcg:infblock.obj
 0001:0000afc4       ??_C@_0BM@FFFLPBBC@invalid?5literal?1length?5code?$AA@ 8800b3c4     xuirenderltcg:infcodes.obj
 0001:0000afe0       ??_C@_0BG@LBKINIKP@invalid?5distance?5code?$AA@ 8800b3e0     xuirenderltcg:infcodes.obj
 0001:0000c2e8       ??_C@_0CE@LOHAHEGK@incomplete?5dynamic?5bit?5lengths?5t@ 8800c6e8     xuirenderltcg:inftrees.obj
 0001:0000c30c       ??_C@_0CI@CGMOPDPD@oversubscribed?5dynamic?5bit?5lengt@ 8800c70c     xuirenderltcg:inftrees.obj
 0001:0000c334       ??_C@_0BP@NEEEJJNA@incomplete?5literal?1length?5tree?$AA@ 8800c734     xuirenderltcg:inftrees.obj
 0001:0000c354       ??_C@_0CD@GJIDGCKE@oversubscribed?5literal?1length?5tr@ 8800c754     xuirenderltcg:inftrees.obj
 0001:0000c378       ??_C@_0CB@KPKKKLFO@empty?5distance?5tree?5with?5lengths@ 8800c778     xuirenderltcg:inftrees.obj
 0001:0000c39c       ??_C@_0BJ@CBCPDPJF@incomplete?5distance?5tree?$AA@ 8800c79c     xuirenderltcg:inftrees.obj
 0001:0000c3b8       ??_C@_0BN@KBLCDIAI@oversubscribed?5distance?5tree?$AA@ 8800c7b8     xuirenderltcg:inftrees.obj
 0001:0000c3d8       ?inflate_mask@XuiTex@@3QBIB 8800c7d8     xuirenderltcg:infutil.obj
 0001:0000c420       lua_ident                  8800c820     LUA:lapi.obj
 0001:0000c4ac       ??_C@_01OGPIMHDM@?$DP?$AA@ 8800c8ac     LUA:lapi.obj
 0001:0000c4b0       ??_C@_0BC@ENOOLCNF@not?5enough?5memory?$AA@ 8800c8b0     LUA:lstate.obj
 0001:0000c4c4       ??_C@_07FCDHCGBN@?$CFs?3?$CFd?3?5?$AA@ 8800c8c4     LUA:lauxlib.obj
 0001:0000c4cc       ??_C@_03IMACECCO@Snl?$AA@  8800c8cc     LUA:lauxlib.obj
 0001:0000c4d0       ??_C@_01DICPFPGM@k?$AA@    8800c8d0     LUA:lauxlib.obj
 0001:0000c4d4       ??_C@_06BPGFKLEK@__mode?$AA@ 8800c8d4     LUA:lauxlib.obj
 0001:0000c4dc       ??_C@_01EFFIKLCJ@n?$AA@    8800c8dc     LUA:lauxlib.obj
 0001:0000c4e0       ??_C@_0BD@NGJHEBAH@cannot?5read?5?$CFs?3?5?$CFs?$AA@ 8800c8e0     LUA:lauxlib.obj
 0001:0000c4f4       ??_C@_02JDPG@rb?$AA@       8800c8f4     LUA:lauxlib.obj
 0001:0000c4f8       ??_C@_01KDCPPGHE@r?$AA@    8800c8f8     LUA:lauxlib.obj
 0001:0000c4fc       ??_C@_03HPDLNGOA@?$EA?$CFs?$AA@ 8800c8fc     LUA:lauxlib.obj
 0001:0000c500       ??_C@_06CCPPALKB@?$DNstdin?$AA@ 8800c900     LUA:lauxlib.obj
 0001:0000c508       ??_C@_06PDCMBPNP@_ALERT?$AA@ 8800c908     LUA:lauxlib.obj
 0001:0000c510       ??_C@_06GABBCIBA@method?$AA@ 8800c910     LUA:lauxlib.obj
 0001:0000c518       ??_C@_0BI@KGOCJOGJ@error?5in?5error?5handling?$AA@ 8800c918     LUA:ldo.obj
 0001:0000c530       ??_C@_0P@EODJGPIM@stack?5overflow?$AA@ 8800c930     LUA:ldo.obj
 0001:0000c540       ??_C@_04OMFAIDPG@call?$AA@ 8800c940     LUA:ldo.obj
 0001:0000c548       ??_C@_0BB@EJOGNINL@C?5stack?5overflow?$AA@ 8800c948     LUA:ldo.obj
 0001:0000c55c       ??_C@_06JPFLIIOJ@__call?$AA@ 8800c95c     LUA:ltm.obj
 0001:0000c564       ??_C@_08HGDAODEP@__concat?$AA@ 8800c964     LUA:ltm.obj
 0001:0000c570       ??_C@_04EJLHOCKK@__le?$AA@ 8800c970     LUA:ltm.obj
 0001:0000c578       ??_C@_04BKGOMBLK@__lt?$AA@ 8800c978     LUA:ltm.obj
 0001:0000c580       ??_C@_05MHFNBPAK@__unm?$AA@ 8800c980     LUA:ltm.obj
 0001:0000c588       ??_C@_05EBGMHPNE@__pow?$AA@ 8800c988     LUA:ltm.obj
 0001:0000c590       ??_C@_05IDIBPCOP@__div?$AA@ 8800c990     LUA:ltm.obj
 0001:0000c598       ??_C@_05FLJIBNKK@__mul?$AA@ 8800c998     LUA:ltm.obj
 0001:0000c5a0       ??_C@_05HFNNBAII@__sub?$AA@ 8800c9a0     LUA:ltm.obj
 0001:0000c5a8       ??_C@_05MEHDOBFN@__add?$AA@ 8800c9a8     LUA:ltm.obj
 0001:0000c5b0       ??_C@_04GIMIAOHA@__eq?$AA@ 8800c9b0     LUA:ltm.obj
 0001:0000c5b8       ??_C@_04BDLIKKMN@__gc?$AA@ 8800c9b8     LUA:ltm.obj
 0001:0000c5c0       ??_C@_0L@GADKNKH@__newindex?$AA@ 8800c9c0     LUA:ltm.obj
 0001:0000c5cc       ??_C@_07NHABFFHN@__index?$AA@ 8800c9cc     LUA:ltm.obj
 0001:0000c5d4       ??_C@_06FJHNOCKE@thread?$AA@ 8800c9d4     LUA:ltm.obj
 0001:0000c5dc       ??_C@_08HFFPPCHF@function?$AA@ 8800c9dc     LUA:ltm.obj
 0001:0000c5e8       ??_C@_05LCLENNFI@table?$AA@ 8800c9e8     LUA:ltm.obj
 0001:0000c5f0       ??_C@_06ICGJLFIM@string?$AA@ 8800c9f0     LUA:ltm.obj
 0001:0000c5f8       ??_C@_06EBGNBFIA@number?$AA@ 8800c9f8     LUA:ltm.obj
 0001:0000c600       ??_C@_08NOEPOPLB@userdata?$AA@ 8800ca00     LUA:ltm.obj
 0001:0000c60c       ??_C@_07GOBOHMJA@boolean?$AA@ 8800ca0c     LUA:ltm.obj
 0001:0000c614       ??_C@_03ILAMHENH@nil?$AA@  8800ca14     LUA:ltm.obj
 0001:0000c618       luaT_typenames             8800ca18     LUA:ltm.obj
 0001:0000c678       ??_C@_05CGOEHEFE@?$CF?414g?$AA@ 8800ca78     LUA:lvm.obj
 0001:0000c680       ??_C@_05FKHKFDID@index?$AA@ 8800ca80     LUA:lvm.obj
 0001:0000c688       ??_C@_0BB@JEECHIJH@loop?5in?5gettable?$AA@ 8800ca88     LUA:lvm.obj
 0001:0000c69c       ??_C@_0BB@GFGOGLOK@loop?5in?5settable?$AA@ 8800ca9c     LUA:lvm.obj
 0001:0000c6b0       ??_C@_0BF@IMDEEHDK@string?5size?5overflow?$AA@ 8800cab0     LUA:lvm.obj
 0001:0000c6c8       ??_C@_0CJ@KPOAFKCE@?$GA__pow?8?5?$CI?$GA?$FO?8?5operator?$CJ?5is?5not?5a?5@ 8800cac8     LUA:lvm.obj
 0001:0000c740       ??_C@_0CF@POOBFDLI@?$GAfor?8?5initial?5value?5must?5be?5a?5nu@ 8800cb40     LUA:lvm.obj
 0001:0000c768       ??_C@_0BN@ODCLKLJN@?$GAfor?8?5limit?5must?5be?5a?5number?$AA@ 8800cb68     LUA:lvm.obj
 0001:0000c788       ??_C@_0BM@CPFDBJJK@?$GAfor?8?5step?5must?5be?5a?5number?$AA@ 8800cb88     LUA:lvm.obj
 0001:0000c7a4       ??_C@_04CJGEDOF@next?$AA@  8800cba4     LUA:lvm.obj
 0001:0000c7b0       luaO_nilobject             8800cbb0     LUA:lobject.obj
 0001:0000c8c0       ??_C@_01FGNFDNOH@?$CF?$AA@ 8800ccc0     LUA:lobject.obj
 0001:0000c8c4       ??_C@_02DEGCJHHK@?$CC?$FN?$AA@ 8800ccc4     LUA:lobject.obj
 0001:0000c8c8       ??_C@_09PHLFBDIK@?$FLstring?5?$CC?$AA@ 8800ccc8     LUA:lobject.obj
 0001:0000c8d4       ??_C@_03KHICJKCI@?4?4?4?$AA@ 8800ccd4     LUA:lobject.obj
 0001:0000c8d8       ??_C@_0P@KKABOKCO@table?5overflow?$AA@ 8800ccd8     LUA:ltable.obj
 0001:0000c8e8       ??_C@_0BD@BKBJANLJ@table?5index?5is?5NaN?$AA@ 8800cce8     LUA:ltable.obj
 0001:0000c8fc       ??_C@_0BD@BDIKLFBP@table?5index?5is?5nil?$AA@ 8800ccfc     LUA:ltable.obj
 0001:0000c910       ??_C@_0BH@EOHDEKEB@invalid?5key?5for?5?$GAnext?8?$AA@ 8800cd10     LUA:ltable.obj
 0001:0000c928       ??_C@_04NBPDLJKJ@?$BLLua?$AA@ 8800cd28     LUA:ldump.obj
 0001:0000c930       ??_C@_03CBKFDHDL@Lua?$AA@  8800cd30     LUA:ldebug.obj
 0001:0000c934       ??_C@_04GHJNJNPO@main?$AA@ 8800cd34     LUA:ldebug.obj
 0001:0000c93c       ??_C@_04BKJOMPG@?$DN?$FLC?$FN?$AA@ 8800cd3c     LUA:ldebug.obj
 0001:0000c944       ??_C@_04DIFLAKIP@tail?$AA@ 8800cd44     LUA:ldebug.obj
 0001:0000c94c       ??_C@_0N@DIENKKJP@?$DN?$CItail?5call?$CJ?$AA@ 8800cd4c     LUA:ldebug.obj
 0001:0000c984       ??_C@_06FJKEMHGD@global?$AA@ 8800cd84     LUA:ldebug.obj
 0001:0000c98c       ??_C@_05EIBGDMPB@field?$AA@ 8800cd8c     LUA:ldebug.obj
 0001:0000c994       ??_C@_05IDKHKMLA@local?$AA@ 8800cd94     LUA:ldebug.obj
 0001:0000c99c       ??_C@_09BHPFBFOI@?$CFs?3?$CFd?3?5?$CFs?$AA@ 8800cd9c     LUA:ldebug.obj
 0001:0000c9a8       ??_C@_0CK@IOFHDOLG@value?5for?5?$GAlua_getinfo?8?5is?5not?5a@ 8800cda8     LUA:ldebug.obj
 0001:0000c9d4       ??_C@_0BJ@HGCMIDJD@attempt?5to?5?$CFs?5a?5?$CFs?5value?$AA@ 8800cdd4     LUA:ldebug.obj
 0001:0000c9f0       ??_C@_0CD@CLMGLFIL@attempt?5to?5?$CFs?5?$CFs?5?$GA?$CFs?8?5?$CIa?5?$CFs?5valu@ 8800cdf0     LUA:ldebug.obj
 0001:0000ca14       ??_C@_0M@LPKAOE@concatenate?$AA@ 8800ce14     LUA:ldebug.obj
 0001:0000ca20       ??_C@_0BG@IOLALLOM@perform?5arithmetic?5on?$AA@ 8800ce20     LUA:ldebug.obj
 0001:0000ca38       ??_C@_0BO@DNBGDDFP@attempt?5to?5compare?5?$CFs?5with?5?$CFs?$AA@ 8800ce38     LUA:ldebug.obj
 0001:0000ca58       ??_C@_0CB@DEJMKNMB@attempt?5to?5compare?5two?5?$CFs?5values@ 8800ce58     LUA:ldebug.obj
 0001:0000ca7c       ??_C@_0CH@LBFPMMCP@memory?5allocation?5error?3?5block?5t@ 8800ce7c     LUA:lmem.obj
 0001:0000caa4       ??_C@_05CINCKAN@?$DMeof?$DO?$AA@ 8800cea4     LUA:llex.obj
 0001:0000caac       ??_C@_07BCJBMLAF@?$CKstring?$AA@ 8800ceac     LUA:llex.obj
 0001:0000cab4       ??_C@_07NBJFGLAJ@?$CKnumber?$AA@ 8800ceb4     LUA:llex.obj
 0001:0000cabc       ??_C@_02DEDJCLAJ@?$HO?$DN?$AA@ 8800cebc     LUA:llex.obj
 0001:0000cac0       ??_C@_02EHCHHCKH@?$DM?$DN?$AA@ 8800cec0     LUA:llex.obj
 0001:0000cac4       ??_C@_02EEKDKGMJ@?$DO?$DN?$AA@ 8800cec4     LUA:llex.obj
 0001:0000cac8       ??_C@_02EGOFBIJA@?$DN?$DN?$AA@ 8800cec8     LUA:llex.obj
 0001:0000cacc       ??_C@_02DJGKEECL@?4?4?$AA@ 8800cecc     LUA:llex.obj
 0001:0000cad0       ??_C@_05BFBHOGNH@?$CKname?$AA@ 8800ced0     LUA:llex.obj
 0001:0000cad8       ??_C@_05OODBEKIG@while?$AA@ 8800ced8     LUA:llex.obj
 0001:0000cae0       ??_C@_05FJMDOIMN@until?$AA@ 8800cee0     LUA:llex.obj
 0001:0000cae8       ??_C@_04HOHPNOOD@then?$AA@ 8800cee8     LUA:llex.obj
 0001:0000caf0       ??_C@_06LNOFJDNM@return?$AA@ 8800cef0     LUA:llex.obj
 0001:0000caf8       ??_C@_06LGDBIFHB@repeat?$AA@ 8800cef8     LUA:llex.obj
 0001:0000cb00       ??_C@_02FODMLBIE@or?$AA@   8800cf00     LUA:llex.obj
 0001:0000cb04       ??_C@_03NJKJADM@not?$AA@   8800cf04     LUA:llex.obj
 0001:0000cb08       ??_C@_02LMMGJAGL@in?$AA@   8800cf08     LUA:llex.obj
 0001:0000cb0c       ??_C@_02HEBPBKGD@if?$AA@   8800cf0c     LUA:llex.obj
 0001:0000cb10       ??_C@_03JOHEBPFF@for?$AA@  8800cf10     LUA:llex.obj
 0001:0000cb14       ??_C@_03JBJLGPFL@end?$AA@  8800cf14     LUA:llex.obj
 0001:0000cb18       ??_C@_06CAACNEC@elseif?$AA@ 8800cf18     LUA:llex.obj
 0001:0000cb20       ??_C@_04FHMCPBIP@else?$AA@ 8800cf20     LUA:llex.obj
 0001:0000cb28       ??_C@_02KNAFDCHJ@do?$AA@   8800cf28     LUA:llex.obj
 0001:0000cb2c       ??_C@_05ELPHFHOI@break?$AA@ 8800cf2c     LUA:llex.obj
 0001:0000cb34       ??_C@_03BOPJPIAM@and?$AA@  8800cf34     LUA:llex.obj
 0001:0000cbb4       ??_C@_0BE@GKGAKFBG@?$CFs?3?$CFd?3?5?$CFs?5near?5?$GA?$CFs?8?$AA@ 8800cfb4     LUA:llex.obj
 0001:0000cbc8       ??_C@_02HAOIJKIC@?$CFc?$AA@ 8800cfc8     LUA:llex.obj
 0001:0000cbcc       ??_C@_0BB@CFMNENCE@malformed?5number?$AA@ 8800cfcc     LUA:llex.obj
 0001:0000cbe0       ??_C@_0DI@KNOLHHPJ@ambiguous?5syntax?5?$CIdecimal?5point?5@ 8800cfe0     LUA:llex.obj
 0001:0000cc18       ??_C@_0BH@JNMIODME@too?5many?5?$CFs?5?$CIlimit?$DN?$CFd?$CJ?$AA@ 8800d018     LUA:llex.obj
 0001:0000cc30       ??_C@_0BB@IGNCAHNA@lines?5in?5a?5chunk?$AA@ 8800d030     LUA:llex.obj
 0001:0000cc44       ??_C@_0BH@BBMFLJJP@unfinished?5long?5string?$AA@ 8800d044     LUA:llex.obj
 0001:0000cc5c       ??_C@_0BI@ONEAKEIB@unfinished?5long?5comment?$AA@ 8800d05c     LUA:llex.obj
 0001:0000cc74       ??_C@_0BC@IBAFBKML@unfinished?5string?$AA@ 8800d074     LUA:llex.obj
 0001:0000cc88       ??_C@_0BK@GLJFEJMO@escape?5sequence?5too?5large?$AA@ 8800d088     LUA:llex.obj
 0001:0000cca4       ??_C@_0BF@EHKLJMMB@invalid?5control?5char?$AA@ 8800d0a4     LUA:llex.obj
 0001:0000ccbc       ??_C@_08HJPIMBHL@char?$CI?$CFd?$CJ?$AA@ 8800d0bc     LUA:llex.obj
 0001:0000cce4       ??_C@_0O@BHLEKGEF@?$GA?$CFs?8?5expected?$AA@ 8800d0e4     LUA:lparser.obj
 0001:0000ccf4       ??_C@_0CJ@LBNCBJHF@?$GA?$CFs?8?5expected?5?$CIto?5close?5?$GA?$CFs?8?5at?5@ 8800d0f4     LUA:lparser.obj
 0001:0000cd20       ??_C@_0BA@JPNMEOII@?$DMname?$DO?5expected?$AA@ 8800d120     LUA:lparser.obj
 0001:0000cd30       ??_C@_0BA@EIDMAHJI@local?5variables?$AA@ 8800d130     LUA:lparser.obj
 0001:0000cd40       ??_C@_08JKPCMKJ@upvalues?$AA@ 8800d140     LUA:lparser.obj
 0001:0000cd4c       ??_C@_03CAOIPBNL@arg?$AA@  8800d14c     LUA:lparser.obj
 0001:0000cd50       ??_C@_0L@HHPOFMCB@parameters?$AA@ 8800d150     LUA:lparser.obj
 0001:0000cd5c       ??_C@_0BI@DGLMJHJB@constant?5table?5overflow?$AA@ 8800d15c     LUA:lparser.obj
 0001:0000cd74       ??_C@_0BH@IAOKECIM@items?5in?5a?5constructor?$AA@ 8800d174     LUA:lparser.obj
 0001:0000cd8c       ??_C@_0BJ@JGHMPHBJ@?$DMname?$DO?5or?5?$GA?4?4?4?8?5expected?$AA@ 8800d18c     LUA:lparser.obj
 0001:0000cda8       ??_C@_04PJDNGLKJ@self?$AA@ 8800d1a8     LUA:lparser.obj
 0001:0000cdb0       ??_C@_0DB@LGGKFLCP@ambiguous?5syntax?5?$CIfunction?5call?5@ 8800d1b0     LUA:lparser.obj
 0001:0000cde4       ??_C@_0BM@HEIHHEKF@function?5arguments?5expected?$AA@ 8800d1e4     LUA:lparser.obj
 0001:0000ce00       ??_C@_0BC@KBCKKGAJ@unexpected?5symbol?$AA@ 8800d200     LUA:lparser.obj
 0001:0000ce14       ??_C@_0BH@EPLHAPOA@too?5many?5syntax?5levels?$AA@ 8800d214     LUA:lparser.obj
 0001:0000ce2c       ??_C@_0N@MNJHOOI@syntax?5error?$AA@ 8800d22c     LUA:lparser.obj
 0001:0000ce3c       ??_C@_0BO@IEICNJMN@?$GAwhile?8?5condition?5too?5complex?$AA@ 8800d23c     LUA:lparser.obj
 0001:0000ce5c       ??_C@_0L@ELGHHMFI@?$CIfor?5step?$CJ?$AA@ 8800d25c     LUA:lparser.obj
 0001:0000ce68       ??_C@_0M@HGGGDCAE@?$CIfor?5limit?$CJ?$AA@ 8800d268     LUA:lparser.obj
 0001:0000ce74       ??_C@_0M@CCNPGEGC@?$CIfor?5state?$CJ?$AA@ 8800d274     LUA:lparser.obj
 0001:0000ce80       ??_C@_0BA@IJIMMPHF@?$CIfor?5generator?$CJ?$AA@ 8800d280     LUA:lparser.obj
 0001:0000ce90       ??_C@_0BF@EJFBMCLB@?$GA?$DN?8?5or?5?$GAin?8?5expected?$AA@ 8800d290     LUA:lparser.obj
 0001:0000cea8       ??_C@_0BB@DBFONGCK@no?5loop?5to?5break?$AA@ 8800d2a8     LUA:lparser.obj
 0001:0000cebc       ??_C@_0P@NKPPCNBC@?$DMeof?$DO?5expected?$AA@ 8800d2bc     LUA:lparser.obj
 0001:0000cecc       ??_C@_0BN@MPGKNHPH@unexpected?5end?5of?5file?5in?5?$CFs?$AA@ 8800d2cc     LUA:lundump.obj
 0001:0000ceec       ??_C@_0BC@KMAEDEOJ@bad?5integer?5in?5?$CFs?$AA@ 8800d2ec     LUA:lundump.obj
 0001:0000cf00       ??_C@_0CK@JLHBFODP@bad?5nupvalues?5in?5?$CFs?3?5read?5?$CFd?$DL?5ex@ 8800d300     LUA:lundump.obj
 0001:0000cf2c       ??_C@_0BN@NCOMFAFN@bad?5constant?5type?5?$CI?$CFd?$CJ?5in?5?$CFs?$AA@ 8800d32c     LUA:lundump.obj
 0001:0000cf4c       ??_C@_0P@CJIBHDJE@bad?5code?5in?5?$CFs?$AA@ 8800d34c     LUA:lundump.obj
 0001:0000cf5c       ??_C@_0BE@EDHJNGCP@bad?5signature?5in?5?$CFs?$AA@ 8800d35c     LUA:lundump.obj
 0001:0000cf70       ??_C@_0DN@NBAGCEID@virtual?5machine?5mismatch?5in?5?$CFs?3?5@ 8800d370     LUA:lundump.obj
 0001:0000cfb0       ??_C@_0BM@HNBDABI@unknown?5number?5format?5in?5?$CFs?$AA@ 8800d3b0     LUA:lundump.obj
 0001:0000cfcc       ??_C@_01HMGJMAIH@B?$AA@    8800d3cc     LUA:lundump.obj
 0001:0000cfd0       ??_C@_01FHEEJDEE@A?$AA@    8800d3d0     LUA:lundump.obj
 0001:0000cfd4       ??_C@_02MBMDLBEE@OP?$AA@   8800d3d4     LUA:lundump.obj
 0001:0000cfd8       ??_C@_0M@LHLPIFKK@Instruction?$AA@ 8800d3d8     LUA:lundump.obj
 0001:0000cfe4       ??_C@_06DMBJOIF@size_t?$AA@ 8800d3e4     LUA:lundump.obj
 0001:0000cfec       ??_C@_03JBIPMCLC@int?$AA@  8800d3ec     LUA:lundump.obj
 0001:0000cff0       ??_C@_0DI@FAOBBLCM@?$CFs?5too?5old?3?5read?5version?5?$CFd?4?$CFd?$DL?5@ 8800d3f0     LUA:lundump.obj
 0001:0000d028       ??_C@_0DH@LLFFCBFG@?$CFs?5too?5new?3?5read?5version?5?$CFd?4?$CFd?$DL?5@ 8800d428     LUA:lundump.obj
 0001:0000d060       ??_C@_0O@CNJIDMJE@binary?5string?$AA@ 8800d460     LUA:lundump.obj
 0001:0000d070       luaP_opmodes               8800d470     LUA:lopcodes.obj
 0001:0000d0ac       ??_C@_0BL@BDOLDOFI@control?5structure?5too?5long?$AA@ 8800d4ac     LUA:lcode.obj
 0001:0000d0c8       ??_C@_0CD@HGHHKJGL@function?5or?5expression?5too?5compl@ 8800d4c8     LUA:lcode.obj
 0001:0000d0ec       ??_C@_0BD@LKJEPOHE@code?5size?5overflow?$AA@ 8800d4ec     LUA:lcode.obj
 0001:0000d100       __real@46fffe00            8800d500     atgframework:AtgInput.obj
 0001:0000d108       ??_C@_0BAPF@DGCCBJG@struct?5VS_IN?5?5?5?5?5?5?5?5?5?5?5?5?5?5?5?5?5?5?5?5@ 8800d508     atgframework:AtgFont.obj
 0001:0000e200       ??_C@_06MKALHDJD@ps?42?40?$AA@ 8800e600     atgframework:AtgFont.obj
 0001:0000e208       ??_C@_06KJNLEGKJ@vs?42?40?$AA@ 8800e608     atgframework:AtgFont.obj
 0001:0000e210       ??_C@_0P@GHFPNOJB@bad?5allocation?$AA@ 8800e610     atgframework:AtgDevice.obj
 0001:0000e220       ??_C@_07CIFAGBMG@unknown?$AA@ 8800e620     atgframework:AtgDevice.obj
 0001:0000e228       ??_C@_0FME@IJJAMBIE@struct?5VS_IN?5?5?5?5?5?5?5?5?5?5?5?5?5?5?5?5?5?5?5?5@ 8800e628     atgframework:AtgUtil.obj
 0001:0000e838       ??_C@_01NBENCBCI@?$CK?$AA@ 8800ec38     libcpmt:locale0.obj
 0001:0000e83c       ??_7_Locimp@locale@std@@6B@ 8800ec3c     libcpmt:locale0.obj
 0001:0000e918       ?_BADOFF@std@@3JB          8800ed18     libcpmt:ios.obj
 0001:0000e91c       ??_C@_0BA@JFNIOLAK@string?5too?5long?$AA@ 8800ed1c     libcpmt:string.obj
 0001:0000e968       ??_C@_0BI@CFPLBAOH@invalid?5string?5position?$AA@ 8800ed68     libcpmt:string.obj
 0001:0000ea08       __real@3fb999999999999a    8800ee08     libcpmt:xstod.obj
 0001:0000eafc       _FPinit                    8800eefc     LIBCMT:fpinit.obj
 0001:0000eb00       _FPmtinit                  8800ef00     LIBCMT:fpinit.obj
 0001:0000eb04       _FPmtterm                  8800ef04     LIBCMT:fpinit.obj
 0001:0000eb08       ??_7type_info@@6B@         8800ef08     LIBCMT:typinfo.obj
 0001:0000eb2c       ??_C@_0CB@CGKGGDFI@Access?5violation?5?9?5no?5RTTI?5data?$CB@ 8800ef2c     LIBCMT:rtti.obj
 0001:0000eb50       ??_C@_0BC@JNJNLHBP@Bad?5dynamic_cast?$CB?$AA@ 8800ef50     LIBCMT:rtti.obj
 0001:0000ecb8       __real@43abc16d674ec800    8800f0b8     LIBCMT:floor.obj
 0001:0000ecc0       ??_C@_0EA@FCLIIPNN@Visual?5C?$CL?$CL?5CRT?3?5Not?5enough?5memor@ 8800f0c0     LIBCMT:strerror.obj
 0001:0000ed00       __newctype                 8800f100     LIBCMT:ctype.obj
 0001:0000f000       _wctype                    8800f400     LIBCMT:ctype.obj
 0001:0000f208       __newclmap                 8800f608     LIBCMT:ctype.obj
 0001:0000f388       __newcumap                 8800f788     LIBCMT:ctype.obj
 0001:0000f508       _pDestructExceptionObject  8800f908     LIBCMT:frame.obj
 0001:0000f50c       ??_C@_05KLBDPFGC@e?$CL000?$AA@ 8800f90c     LIBCMT:cvt.obj
 0001:0000f514       ??_C@_0P@GGKDKEEG@runtime?5error?5?$AA@ 8800f914     LIBCMT:crt0msg.obj
 0001:0000f524       ??_C@_0N@HLECBOKK@TLOSS?5error?6?$AA@ 8800f924     LIBCMT:crt0msg.obj
 0001:0000f534       ??_C@_0M@HDJFGCEL@SING?5error?6?$AA@ 8800f934     LIBCMT:crt0msg.obj
 0001:0000f540       ??_C@_0O@KIGJDBC@DOMAIN?5error?6?$AA@ 8800f940     LIBCMT:crt0msg.obj
 0001:0000f550       ??_C@_0JJ@EHLNCKAH@R6034?6An?5application?5has?5made?5an@ 8800f950     LIBCMT:crt0msg.obj
 0001:0000f5f0       ??_C@_0PF@DPHMCJHG@R6033?6?9?5Attempt?5to?5use?5MSIL?5code@ 8800f9f0     LIBCMT:crt0msg.obj
 0001:0000f6e8       ??_C@_0DB@EPBKACEI@R6032?6?9?5not?5enough?5space?5for?5loc@ 8800fae8     LIBCMT:crt0msg.obj
 0001:0000f720       ??_C@_0GB@PENCOJEC@R6031?6?9?5Attempt?5to?5initialize?5th@ 8800fb20     LIBCMT:crt0msg.obj
 0001:0000f784       ??_C@_0BN@IKJDJIOK@R6030?6?9?5CRT?5not?5initialized?6?$AA@ 8800fb84     LIBCMT:crt0msg.obj
 0001:0000f7a4       ??_C@_0CD@CBIHNGLM@R6028?6?9?5unable?5to?5initialize?5hea@ 8800fba4     LIBCMT:crt0msg.obj
 0001:0000f7c8       ??_C@_0DD@ELMNFFL@R6027?6?9?5not?5enough?5space?5for?5low@ 8800fbc8     LIBCMT:crt0msg.obj
 0001:0000f7fc       ??_C@_0DD@ECMPPDKJ@R6026?6?9?5not?5enough?5space?5for?5std@ 8800fbfc     LIBCMT:crt0msg.obj
 0001:0000f830       ??_C@_0CE@BNOBCALH@R6025?6?9?5pure?5virtual?5function?5ca@ 8800fc30     LIBCMT:crt0msg.obj
 0001:0000f854       ??_C@_0DD@KDOBPJEN@R6024?6?9?5not?5enough?5space?5for?5_on@ 8800fc54     LIBCMT:crt0msg.obj
 0001:0000f888       ??_C@_0CH@IJNGNKLN@R6019?6?9?5unable?5to?5open?5console?5d@ 8800fc88     LIBCMT:crt0msg.obj
 0001:0000f8b0       ??_C@_0BP@BHAKIOHE@R6018?6?9?5unexpected?5heap?5error?6?$AA@ 8800fcb0     LIBCMT:crt0msg.obj
 0001:0000f8d0       ??_C@_0CL@LODECPDF@R6017?6?9?5unexpected?5multithread?5l@ 8800fcd0     LIBCMT:crt0msg.obj
 0001:0000f8fc       ??_C@_0CK@NONBIDPM@R6016?6?9?5not?5enough?5space?5for?5thr@ 8800fcfc     LIBCMT:crt0msg.obj
 0001:0000f928       ??_C@_0JE@GCAJEKJH@?6This?5application?5has?5requested?5@ 8800fd28     LIBCMT:crt0msg.obj
 0001:0000f9bc       ??_C@_0CK@DGPNILPC@R6009?6?9?5not?5enough?5space?5for?5env@ 8800fdbc     LIBCMT:crt0msg.obj
 0001:0000f9e8       ??_C@_0CI@MOMFHLKF@R6008?6?9?5not?5enough?5space?5for?5arg@ 8800fde8     LIBCMT:crt0msg.obj
 0001:0000fa10       ??_C@_0CD@IEKHEPMF@R6002?6?9?5floating?5point?5not?5loade@ 8800fe10     LIBCMT:crt0msg.obj
 0001:0000fa34       ??_C@_1O@FIOHOELG@?$CI?$AAn?$AAu?$AAl?$AAl?$AA?$CJ?$AA?$AA?$AA@ 8800fe34     LIBCMT:output.obj
 0001:0000fa44       ??_C@_06OJHGLDPL@?$CInull?$CJ?$AA@ 8800fe44     LIBCMT:output.obj
 0001:0000fa4c       __nullstring               8800fe4c     LIBCMT:output.obj
 0001:0000fa50       __wnullstring              8800fe50     LIBCMT:output.obj
 0001:0000fa58       __lookuptable              8800fe58     LIBCMT:output.obj
 0001:0000fb38       __lookuptable_s            8800ff38     LIBCMT:outputs.obj
 0001:0000fce8       ??_C@_0L@KDOEJCKC@_nextafter?$AA@ 880100e8     LIBCMT:fpexcept.obj
 0001:0000fcf4       ??_C@_05JGDBENOH@_logb?$AA@ 880100f4     LIBCMT:fpexcept.obj
 0001:0000fcfc       ??_C@_03ONILCKOB@_yn?$AA@  880100fc     LIBCMT:fpexcept.obj
 0001:0000fd00       ??_C@_03NAKIGLHK@_y1?$AA@  88010100     LIBCMT:fpexcept.obj
 0001:0000fd04       ??_C@_03MJLDFKDL@_y0?$AA@  88010104     LIBCMT:fpexcept.obj
 0001:0000fd08       ??_C@_05GKKHEGJL@frexp?$AA@ 88010108     LIBCMT:fpexcept.obj
 0001:0000fd10       ??_C@_04KEPJIHGP@fmod?$AA@ 88010110     LIBCMT:fpexcept.obj
 0001:0000fd18       ??_C@_06MEIMCGCF@_hypot?$AA@ 88010118     LIBCMT:fpexcept.obj
 0001:0000fd20       ??_C@_05KBKMEMPO@_cabs?$AA@ 88010120     LIBCMT:fpexcept.obj
 0001:0000fd28       ??_C@_05CEJMAHNP@ldexp?$AA@ 88010128     LIBCMT:fpexcept.obj
 0001:0000fd30       ??_C@_04EHEDPDJG@modf?$AA@ 88010130     LIBCMT:fpexcept.obj
 0001:0000fd38       ??_C@_04ODHECPBC@fabs?$AA@ 88010138     LIBCMT:fpexcept.obj
 0001:0000fd40       ??_C@_05PBJFFIGL@floor?$AA@ 88010140     LIBCMT:fpexcept.obj
 0001:0000fd48       ??_C@_04GFPJNGEK@ceil?$AA@ 88010148     LIBCMT:fpexcept.obj
 0001:0000fd50       ??_C@_03IIINPABG@tan?$AA@  88010150     LIBCMT:fpexcept.obj
 0001:0000fd54       ??_C@_03LALBNOCG@cos?$AA@  88010154     LIBCMT:fpexcept.obj
 0001:0000fd58       ??_C@_03BLEJJJBH@sin?$AA@  88010158     LIBCMT:fpexcept.obj
 0001:0000fd5c       ??_C@_04EIAKFFMI@sqrt?$AA@ 8801015c     LIBCMT:fpexcept.obj
 0001:0000fd64       ??_C@_05KNGEOGJB@atan2?$AA@ 88010164     LIBCMT:fpexcept.obj
 0001:0000fd6c       ??_C@_04MLLJIGOK@atan?$AA@ 8801016c     LIBCMT:fpexcept.obj
 0001:0000fd74       ??_C@_04PDIFKINK@acos?$AA@ 88010174     LIBCMT:fpexcept.obj
 0001:0000fd7c       ??_C@_04FIHNOPOL@asin?$AA@ 8801017c     LIBCMT:fpexcept.obj
 0001:0000fd84       ??_C@_04FJHINJAO@tanh?$AA@ 88010184     LIBCMT:fpexcept.obj
 0001:0000fd8c       ??_C@_04HPJJNFIM@cosh?$AA@ 8801018c     LIBCMT:fpexcept.obj
 0001:0000fd94       ??_C@_04COOMCNPB@sinh?$AA@ 88010194     LIBCMT:fpexcept.obj
 0001:0000fd9c       ??_C@_05HGHHAHAP@log10?$AA@ 8801019c     LIBCMT:fpexcept.obj
 0001:0000fda4       ??_C@_03MGHMBJCF@log?$AA@  880101a4     LIBCMT:fpexcept.obj
 0001:0000fda8       ??_C@_03JGHBODFD@pow?$AA@  880101a8     LIBCMT:fpexcept.obj
 0001:0000fdac       ??_C@_03KHJOGHMM@exp?$AA@  880101ac     LIBCMT:fpexcept.obj
 0001:0000fe30       _HUGE                      88010230     LIBCMT:huge.obj
 0001:0000fe50       ??_C@_0BG@KLEAJEFJ@Illegal?5byte?5sequence?$AA@ 88010250     LIBCMT:syserr.obj
 0001:0000fe68       ??_C@_0BE@ICMCHPHH@Directory?5not?5empty?$AA@ 88010268     LIBCMT:syserr.obj
 0001:0000fe7c       ??_C@_0BJ@IHEHINLI@Function?5not?5implemented?$AA@ 8801027c     LIBCMT:syserr.obj
 0001:0000fe98       ??_C@_0BD@CLHBCGPB@No?5locks?5available?$AA@ 88010298     LIBCMT:syserr.obj
 0001:0000feac       ??_C@_0BC@BEDIHIDK@Filename?5too?5long?$AA@ 880102ac     LIBCMT:syserr.obj
 0001:0000fec0       ??_C@_0BK@JAEBMJJM@Resource?5deadlock?5avoided?$AA@ 880102c0     LIBCMT:syserr.obj
 0001:0000fedc       ??_C@_0BB@FCBJFCAJ@Result?5too?5large?$AA@ 880102dc     LIBCMT:syserr.obj
 0001:0000fef0       ??_C@_0N@MMJPGLJK@Domain?5error?$AA@ 880102f0     LIBCMT:syserr.obj
 0001:0000ff00       ??_C@_0M@LHEPIIOM@Broken?5pipe?$AA@ 88010300     LIBCMT:syserr.obj
 0001:0000ff0c       ??_C@_0P@PKCJJLLM@Too?5many?5links?$AA@ 8801030c     LIBCMT:syserr.obj
 0001:0000ff1c       ??_C@_0BG@DDBFNKBH@Read?9only?5file?5system?$AA@ 8801031c     LIBCMT:syserr.obj
 0001:0000ff34       ??_C@_0N@FEHLOILP@Invalid?5seek?$AA@ 88010334     LIBCMT:syserr.obj
 0001:0000ff44       ??_C@_0BI@FEALHKLD@No?5space?5left?5on?5device?$AA@ 88010344     LIBCMT:syserr.obj
 0001:0000ff5c       ??_C@_0P@LFMMIPAE@File?5too?5large?$AA@ 8801035c     LIBCMT:syserr.obj
 0001:0000ff6c       ??_C@_0CE@ONOKNLPF@Inappropriate?5I?1O?5control?5operat@ 8801036c     LIBCMT:syserr.obj
 0001:0000ff90       ??_C@_0BE@INBJMKGG@Too?5many?5open?5files?$AA@ 88010390     LIBCMT:syserr.obj
 0001:0000ffa4       ??_C@_0BO@IIFBODJE@Too?5many?5open?5files?5in?5system?$AA@ 880103a4     LIBCMT:syserr.obj
 0001:0000ffc4       ??_C@_0BB@HMGGCEBG@Invalid?5argument?$AA@ 880103c4     LIBCMT:syserr.obj
 0001:0000ffd8       ??_C@_0P@NDHGCGKE@Is?5a?5directory?$AA@ 880103d8     LIBCMT:syserr.obj
 0001:0000ffe8       ??_C@_0BA@CJBACOOL@Not?5a?5directory?$AA@ 880103e8     LIBCMT:syserr.obj
 0001:0000fff8       ??_C@_0P@NLEIANHE@No?5such?5device?$AA@ 880103f8     LIBCMT:syserr.obj
 0001:00010008       ??_C@_0O@OAMDNOCP@Improper?5link?$AA@ 88010408     LIBCMT:syserr.obj
 0001:00010018       ??_C@_0M@NAAJNNGH@File?5exists?$AA@ 88010418     LIBCMT:syserr.obj
 0001:00010024       ??_C@_0BA@BIBLIOEK@Resource?5device?$AA@ 88010424     LIBCMT:syserr.obj
 0001:00010034       ??_C@_0O@NIPGCINC@Unknown?5error?$AA@ 88010434     LIBCMT:syserr.obj
 0001:00010044       ??_C@_0M@LOEHLCJD@Bad?5address?$AA@ 88010444     LIBCMT:syserr.obj
 0001:00010050       ??_C@_0BC@HFNFNKAI@Permission?5denied?$AA@ 88010450     LIBCMT:syserr.obj
 0001:00010064       ??_C@_0BB@IMDKMPFB@Not?5enough?5space?$AA@ 88010464     LIBCMT:syserr.obj
 0001:00010078       ??_C@_0CB@EPFKGNAK@Resource?5temporarily?5unavailable@ 88010478     LIBCMT:syserr.obj
 0001:0001009c       ??_C@_0BD@LOHELEP@No?5child?5processes?$AA@ 8801049c     LIBCMT:syserr.obj
 0001:000100b0       ??_C@_0BE@NFGDDCEF@Bad?5file?5descriptor?$AA@ 880104b0     LIBCMT:syserr.obj
 0001:000100c4       ??_C@_0BC@HKPNECK@Exec?5format?5error?$AA@ 880104c4     LIBCMT:syserr.obj
 0001:000100d8       ??_C@_0BC@MFFGCDFL@Arg?5list?5too?5long?$AA@ 880104d8     LIBCMT:syserr.obj
 0001:000100ec       ??_C@_0BK@DPKMCKJ@No?5such?5device?5or?5address?$AA@ 880104ec     LIBCMT:syserr.obj
 0001:00010108       ??_C@_0BD@KKNFOBBD@Input?1output?5error?$AA@ 88010508     LIBCMT:syserr.obj
 0001:0001011c       ??_C@_0BK@FJBOAFDK@Interrupted?5function?5call?$AA@ 8801051c     LIBCMT:syserr.obj
 0001:00010138       ??_C@_0BA@FKIAIBGA@No?5such?5process?$AA@ 88010538     LIBCMT:syserr.obj
 0001:00010148       ??_C@_0BK@FMDHKPNF@No?5such?5file?5or?5directory?$AA@ 88010548     LIBCMT:syserr.obj
 0001:00010164       ??_C@_0BI@BJFCGOHL@Operation?5not?5permitted?$AA@ 88010564     LIBCMT:syserr.obj
 0001:0001017c       ??_C@_08INEPGKHH@No?5error?$AA@ 8801057c     LIBCMT:syserr.obj
 0001:00010188       ??_C@_08JCCMCCIL@HH?3mm?3ss?$AA@ 88010588     LIBCMT:strftime.obj
 0001:00010194       ??_C@_0BE@CKGJFCPC@dddd?0?5MMMM?5dd?0?5yyyy?$AA@ 88010594     LIBCMT:strftime.obj
 0001:000101a8       ??_C@_08BPBNCDIB@MM?1dd?1yy?$AA@ 880105a8     LIBCMT:strftime.obj
 0001:000101b4       ??_C@_02CJNFDJBF@PM?$AA@   880105b4     LIBCMT:strftime.obj
 0001:000101b8       ??_C@_02DEDBPAFC@AM?$AA@   880105b8     LIBCMT:strftime.obj
 0001:000101bc       ??_C@_08EDHMEBNP@December?$AA@ 880105bc     LIBCMT:strftime.obj
 0001:000101c8       ??_C@_08HCHEGEOA@November?$AA@ 880105c8     LIBCMT:strftime.obj
 0001:000101d4       ??_C@_07JJNFCEND@October?$AA@ 880105d4     LIBCMT:strftime.obj
 0001:000101dc       ??_C@_09BHHEALKD@September?$AA@ 880105dc     LIBCMT:strftime.obj
 0001:000101e8       ??_C@_06LBBHFDDG@August?$AA@ 880105e8     LIBCMT:strftime.obj
 0001:000101f0       ??_C@_04MIEPOIFP@July?$AA@ 880105f0     LIBCMT:strftime.obj
 0001:000101f8       ??_C@_04CNLMGBGM@June?$AA@ 880105f8     LIBCMT:strftime.obj
 0001:00010200       ??_C@_05DMJDNLEJ@April?$AA@ 88010600     LIBCMT:strftime.obj
 0001:00010208       ??_C@_05HPCKOFNC@March?$AA@ 88010608     LIBCMT:strftime.obj
 0001:00010210       ??_C@_08GNJGEPFN@February?$AA@ 88010610     LIBCMT:strftime.obj
 0001:0001021c       ??_C@_07CGJPFGJA@January?$AA@ 8801061c     LIBCMT:strftime.obj
 0001:00010224       ??_C@_03MKABNOCG@Dec?$AA@  88010624     LIBCMT:strftime.obj
 0001:00010228       ??_C@_03JPJOFNIA@Nov?$AA@  88010628     LIBCMT:strftime.obj
 0001:0001022c       ??_C@_03BMAOKBAD@Oct?$AA@  8801062c     LIBCMT:strftime.obj
 0001:00010230       ??_C@_03GGCAPAJC@Sep?$AA@  88010630     LIBCMT:strftime.obj
 0001:00010234       ??_C@_03IFJFEIGA@Aug?$AA@  88010634     LIBCMT:strftime.obj
 0001:00010238       ??_C@_03LBGABGKK@Jul?$AA@  88010638     LIBCMT:strftime.obj
 0001:0001023c       ??_C@_03IDFGHECI@Jun?$AA@  8801063c     LIBCMT:strftime.obj
 0001:00010240       ??_C@_03CNMDKL@May?$AA@    88010640     LIBCMT:strftime.obj
 0001:00010244       ??_C@_03LEOLGMJP@Apr?$AA@  88010644     LIBCMT:strftime.obj
 0001:00010248       ??_C@_03ODNJBKGA@Mar?$AA@  88010648     LIBCMT:strftime.obj
 0001:0001024c       ??_C@_03HJBDCHOM@Feb?$AA@  8801064c     LIBCMT:strftime.obj
 0001:00010250       ??_C@_03JIHJHPIE@Jan?$AA@  88010650     LIBCMT:strftime.obj
 0001:00010254       ??_C@_08INBOOONO@Saturday?$AA@ 88010654     LIBCMT:strftime.obj
 0001:00010260       ??_C@_06JECMNKMI@Friday?$AA@ 88010660     LIBCMT:strftime.obj
 0001:00010268       ??_C@_08HACCIKIA@Thursday?$AA@ 88010668     LIBCMT:strftime.obj
 0001:00010274       ??_C@_09DLIGFAKA@Wednesday?$AA@ 88010674     LIBCMT:strftime.obj
 0001:00010280       ??_C@_07BAAGCFCM@Tuesday?$AA@ 88010680     LIBCMT:strftime.obj
 0001:00010288       ??_C@_06JLEDEDGH@Monday?$AA@ 88010688     LIBCMT:strftime.obj
 0001:00010290       ??_C@_06OOPIFAJ@Sunday?$AA@ 88010690     LIBCMT:strftime.obj
 0001:00010298       ??_C@_03FEFJNEK@Sat?$AA@   88010698     LIBCMT:strftime.obj
 0001:0001029c       ??_C@_03IDIOELNC@Fri?$AA@  8801069c     LIBCMT:strftime.obj
 0001:000102a0       ??_C@_03IOFIKPDN@Thu?$AA@  880106a0     LIBCMT:strftime.obj
 0001:000102a4       ??_C@_03MHOMLAJA@Wed?$AA@  880106a4     LIBCMT:strftime.obj
 0001:000102a8       ??_C@_03NAGEINEP@Tue?$AA@  880106a8     LIBCMT:strftime.obj
 0001:000102ac       ??_C@_03PDAGKDH@Mon?$AA@   880106ac     LIBCMT:strftime.obj
 0001:000102b0       ??_C@_03KOEHGMDN@Sun?$AA@  880106b0     LIBCMT:strftime.obj
 0001:000102b4       ??_C@_06IMKFLFPG@1?$CDQNAN?$AA@ 880106b4     LIBCMT:x10fout.obj
 0001:000102bc       ??_C@_05DNEBIAHO@1?$CDINF?$AA@ 880106bc     LIBCMT:x10fout.obj
 0001:000102c4       ??_C@_05PHHOCPM@1?$CDIND?$AA@ 880106c4     LIBCMT:x10fout.obj
 0001:000102cc       ??_C@_06PGGFOGJG@1?$CDSNAN?$AA@ 880106cc     LIBCMT:x10fout.obj
 0001:000102d4       ??_C@_0BK@CFCOFLF@?5Complete?5Object?5Locator?8?$AA@ 880106d4     LIBCMT:undname.obj
 0001:000102f0       ??_C@_0BN@MECKDCOJ@?5Class?5Hierarchy?5Descriptor?8?$AA@ 880106f0     LIBCMT:undname.obj
 0001:00010310       ??_C@_0BD@LGICGFMM@?5Base?5Class?5Array?8?$AA@ 88010710     LIBCMT:undname.obj
 0001:00010324       ??_C@_0BM@LDKODKLH@?5Base?5Class?5Descriptor?5at?5?$CI?$AA@ 88010724     LIBCMT:undname.obj
 0001:00010340       ??_C@_0BC@DAFEJGAK@?5Type?5Descriptor?8?$AA@ 88010740     LIBCMT:undname.obj
 0001:00010354       ??_C@_0BM@PMGGMLDN@?$GAlocal?5static?5thread?5guard?8?$AA@ 88010754     LIBCMT:undname.obj
 0001:00010370       ??_C@_0CL@FGIJHLCE@?$GAmanaged?5vector?5copy?5constructor@ 88010770     LIBCMT:undname.obj
 0001:0001039c       ??_C@_0CJ@GJELGAMM@?$GAvector?5vbase?5copy?5constructor?5i@ 8801079c     LIBCMT:undname.obj
 0001:000103c8       ??_C@_0CD@CGAJBKEJ@?$GAvector?5copy?5constructor?5iterato@ 880107c8     LIBCMT:undname.obj
 0001:000103ec       ??_C@_0CB@PDBIFEP@?$GAdynamic?5atexit?5destructor?5for?5?8@ 880107ec     LIBCMT:undname.obj
 0001:00010410       ??_C@_0BL@CLIPGLGB@?$GAdynamic?5initializer?5for?5?8?$AA@ 88010810     LIBCMT:undname.obj
 0001:0001042c       ??_C@_0CM@FCBBDIGB@?$GAeh?5vector?5vbase?5copy?5constructo@ 8801082c     LIBCMT:undname.obj
 0001:00010458       ??_C@_0CG@HLDDJMAG@?$GAeh?5vector?5copy?5constructor?5iter@ 88010858     LIBCMT:undname.obj
 0001:00010480       ??_C@_0CF@IMGKMJNO@?$GAmanaged?5vector?5destructor?5itera@ 88010880     LIBCMT:undname.obj
 0001:000104a8       ??_C@_0CG@CFDHKGGD@?$GAmanaged?5vector?5constructor?5iter@ 880108a8     LIBCMT:undname.obj
 0001:000104d0       ??_C@_0BN@CKNJLHMB@?$GAplacement?5delete?$FL?$FN?5closure?8?$AA@ 880108d0     LIBCMT:undname.obj
 0001:000104f0       ??_C@_0BL@CNOONJFP@?$GAplacement?5delete?5closure?8?$AA@ 880108f0     LIBCMT:undname.obj
 0001:0001050c       ??_C@_0P@HJKNJFNN@?$GAomni?5callsig?8?$AA@ 8801090c     LIBCMT:undname.obj
 0001:0001051c       ??_C@_09LBNFPBCA@?5delete?$FL?$FN?$AA@ 8801091c     LIBCMT:undname.obj
 0001:00010528       ??_C@_06FHBGPFGH@?5new?$FL?$FN?$AA@ 88010928     LIBCMT:undname.obj
 0001:00010530       ??_C@_0CE@IIHCMGGL@?$GAlocal?5vftable?5constructor?5closu@ 88010930     LIBCMT:undname.obj
 0001:00010554       ??_C@_0BA@KKLDJDLB@?$GAlocal?5vftable?8?$AA@ 88010954     LIBCMT:undname.obj
 0001:00010564       ??_C@_05KHLCHHI@?$GARTTI?$AA@ 88010964     LIBCMT:undname.obj
 0001:0001056c       ??_C@_03KLGMFNMG@?$GAEH?$AA@ 8801096c     LIBCMT:undname.obj
 0001:00010570       ??_C@_0BA@KBCDOMBN@?$GAudt?5returning?8?$AA@ 88010970     LIBCMT:undname.obj
 0001:00010580       ??_C@_0BL@LLKPOHJI@?$GAcopy?5constructor?5closure?8?$AA@ 88010980     LIBCMT:undname.obj
 0001:0001059c       ??_C@_0CH@OOJPLCPH@?$GAeh?5vector?5vbase?5constructor?5ite@ 8801099c     LIBCMT:undname.obj
 0001:000105c4       ??_C@_0CA@GCEOPDGL@?$GAeh?5vector?5destructor?5iterator?8?$AA@ 880109c4     LIBCMT:undname.obj
 0001:000105e4       ??_C@_0CB@JONCMFFK@?$GAeh?5vector?5constructor?5iterator?8@ 880109e4     LIBCMT:undname.obj
 0001:00010608       ??_C@_0BL@NILFHHPC@?$GAvirtual?5displacement?5map?8?$AA@ 88010a08     LIBCMT:undname.obj
 0001:00010624       ??_C@_0CE@IKBNEHA@?$GAvector?5vbase?5constructor?5iterat@ 88010a24     LIBCMT:undname.obj
 0001:00010648       ??_C@_0BN@LFPFMEDL@?$GAvector?5destructor?5iterator?8?$AA@ 88010a48     LIBCMT:undname.obj
 0001:00010668       ??_C@_0BO@PFGOCPJJ@?$GAvector?5constructor?5iterator?8?$AA@ 88010a68     LIBCMT:undname.obj
 0001:00010688       ??_C@_0BN@IMDCHIKM@?$GAscalar?5deleting?5destructor?8?$AA@ 88010a88     LIBCMT:undname.obj
 0001:000106a8       ??_C@_0BO@OBMKPJIG@?$GAdefault?5constructor?5closure?8?$AA@ 88010aa8     LIBCMT:undname.obj
 0001:000106c8       ??_C@_0BN@DEGPLNFK@?$GAvector?5deleting?5destructor?8?$AA@ 88010ac8     LIBCMT:undname.obj
 0001:000106e8       ??_C@_0BD@JDLKDPAB@?$GAvbase?5destructor?8?$AA@ 88010ae8     LIBCMT:undname.obj
 0001:000106fc       ??_C@_08OBABFOLI@?$GAstring?8?$AA@ 88010afc     LIBCMT:undname.obj
 0001:00010708       ??_C@_0BF@KDPPACIK@?$GAlocal?5static?5guard?8?$AA@ 88010b08     LIBCMT:undname.obj
 0001:00010720       ??_C@_08LLFFHHDJ@?$GAtypeof?8?$AA@ 88010b20     LIBCMT:undname.obj
 0001:0001072c       ??_C@_07FEEIOKP@?$GAvcall?8?$AA@ 88010b2c     LIBCMT:undname.obj
 0001:00010734       ??_C@_09BLBHBJP@?$GAvbtable?8?$AA@ 88010b34     LIBCMT:undname.obj
 0001:00010740       ??_C@_09IFPLHPGF@?$GAvftable?8?$AA@ 88010b40     LIBCMT:undname.obj
 0001:0001074c       ??_C@_02MHEGNOJ@?$FO?$DN?$AA@ 88010b4c     LIBCMT:undname.obj
 0001:00010750       ??_C@_02DHLNPPGH@?$HM?$DN?$AA@ 88010b50     LIBCMT:undname.obj
 0001:00010754       ??_C@_02FGJGFEAB@?$CG?$DN?$AA@ 88010b54     LIBCMT:undname.obj
 0001:00010758       ??_C@_03CDNPDDLA@?$DM?$DM?$DN?$AA@ 88010b58     LIBCMT:undname.obj
 0001:0001075c       ??_C@_03IKFCCPFF@?$DO?$DO?$DN?$AA@ 88010b5c     LIBCMT:undname.obj
 0001:00010760       ??_C@_02FENAOKFI@?$CF?$DN?$AA@ 88010b60     LIBCMT:undname.obj
 0001:00010764       ??_C@_02FJEHGPIO@?1?$DN?$AA@ 88010b64     LIBCMT:undname.obj
 0001:00010768       ??_C@_02FKMDLLOA@?9?$DN?$AA@ 88010b68     LIBCMT:undname.obj
 0001:0001076c       ??_C@_02FOEOMHFC@?$CL?$DN?$AA@ 88010b6c     LIBCMT:undname.obj
 0001:00010770       ??_C@_02FPIMKNGF@?$CK?$DN?$AA@ 88010b70     LIBCMT:undname.obj
 0001:00010774       ??_C@_02NONPIBCD@?$HM?$HM?$AA@ 88010b74     LIBCMT:undname.obj
 0001:00010778       ??_C@_02PPKAJPJL@?$CG?$CG?$AA@ 88010b78     LIBCMT:undname.obj
 0001:0001077c       ??_C@_01DNKMNLPK@?$HM?$AA@ 88010b7c     LIBCMT:undname.obj
 0001:00010780       ??_C@_01JKBOJNNK@?$FO?$AA@ 88010b80     LIBCMT:undname.obj
 0001:00010784       ??_C@_01PJKLJHI@?$HO?$AA@  88010b84     LIBCMT:undname.obj
 0001:00010788       ??_C@_02HCKGKOFO@?$CI?$CJ?$AA@ 88010b88     LIBCMT:undname.obj
 0001:0001078c       ??_C@_01IHBHIGKO@?0?$AA@   88010b8c     LIBCMT:undname.obj
 0001:00010790       ??_C@_01PPODPGHN@?$DO?$AA@ 88010b90     LIBCMT:undname.obj
 0001:00010794       ??_C@_01MNNFJEPP@?$DM?$AA@ 88010b94     LIBCMT:undname.obj
 0001:00010798       ??_C@_01KMDKNFGN@?1?$AA@   88010b98     LIBCMT:undname.obj
 0001:0001079c       ??_C@_03MNHNFDLC@?9?$DO?$CK?$AA@ 88010b9c     LIBCMT:undname.obj
 0001:000107a0       ??_C@_01HNPIGOCE@?$CG?$AA@ 88010ba0     LIBCMT:undname.obj
 0001:000107a4       ??_C@_01MIFGBAGJ@?$CL?$AA@ 88010ba4     LIBCMT:undname.obj
 0001:000107a8       ??_C@_01JOAMLHOP@?9?$AA@   88010ba8     LIBCMT:undname.obj
 0001:000107ac       ??_C@_02BAABKJLB@?9?9?$AA@ 88010bac     LIBCMT:undname.obj
 0001:000107b0       ??_C@_02ECNGHCIF@?$CL?$CL?$AA@ 88010bb0     LIBCMT:undname.obj
 0001:000107b4       ??_C@_02HBOOOICD@?9?$DO?$AA@ 88010bb4     LIBCMT:undname.obj
 0001:000107b8       ??_C@_08LHJFAFGD@operator?$AA@ 88010bb8     LIBCMT:undname.obj
 0001:000107c4       ??_C@_02GPECMEKF@?$FL?$FN?$AA@ 88010bc4     LIBCMT:undname.obj
 0001:000107c8       ??_C@_02FDNJECIE@?$CB?$DN?$AA@ 88010bc8     LIBCMT:undname.obj
 0001:000107cc       ??_C@_01DCLJPIOD@?$CB?$AA@ 88010bcc     LIBCMT:undname.obj
 0001:000107d0       ??_C@_02FODMEDOG@?$DM?$DM?$AA@ 88010bd0     LIBCMT:undname.obj
 0001:000107d4       ??_C@_02GPIOPFAK@?$DO?$DO?$AA@ 88010bd4     LIBCMT:undname.obj
 0001:000107d8       ??_C@_01NEMOKFLO@?$DN?$AA@ 88010bd8     LIBCMT:undname.obj
 0001:000107dc       ??_C@_07FPCDHGMM@?5delete?$AA@ 88010bdc     LIBCMT:undname.obj
 0001:000107e4       ??_C@_04NIHEBCM@?5new?$AA@ 88010be4     LIBCMT:undname.obj
 0001:000107ec       ??_C@_0M@GFIIJFMG@__unaligned?$AA@ 88010bec     LIBCMT:undname.obj
 0001:000107f8       ??_C@_0L@PILCLIHE@__restrict?$AA@ 88010bf8     LIBCMT:undname.obj
 0001:00010804       ??_C@_07JOMMBBKO@__ptr64?$AA@ 88010c04     LIBCMT:undname.obj
 0001:0001080c       ??_C@_09HIJEGCPM@__clrcall?$AA@ 88010c0c     LIBCMT:undname.obj
 0001:00010818       ??_C@_0L@JMKHOMEK@__fastcall?$AA@ 88010c18     LIBCMT:undname.obj
 0001:00010824       ??_C@_0L@NPHFGOKO@__thiscall?$AA@ 88010c24     LIBCMT:undname.obj
 0001:00010830       ??_C@_09IFJBGAPI@__stdcall?$AA@ 88010c30     LIBCMT:undname.obj
 0001:0001083c       ??_C@_08GHMPAG@__pascal?$AA@ 88010c3c     LIBCMT:undname.obj
 0001:00010848       ??_C@_07KOLFKCDI@__cdecl?$AA@ 88010c48     LIBCMT:undname.obj
 0001:00010850       ??_C@_08EHJDFFNH@__based?$CI?$AA@ 88010c50     LIBCMT:undname.obj
 0001:00010a48       ??_C@_04GKJNKENE@void?$AA@ 88010e48     LIBCMT:undname.obj
 0001:00010a50       ??_C@_04DDKJGDCM@bool?$AA@ 88010e50     LIBCMT:undname.obj
 0001:00010a58       ??_C@_07NFANNNEC@UNKNOWN?$AA@ 88010e58     LIBCMT:undname.obj
 0001:00010a60       ??_C@_05KNFBNCOH@float?$AA@ 88010e60     LIBCMT:undname.obj
 0001:00010a84       __dnames                   88010e84     LIBCMT:timeset.obj
 0001:00010a9c       __mnames                   88010e9c     LIBCMT:timeset.obj
 0001:00010ac4       ??_C@_0BB@PEGHCKI@XLNI_DASH_ARCADE?$AA@ 88010ec4     XAPILIB:xlaunch.obj
 0001:00010ad8       ??_C@_0P@KFLIMHPD@XLNI_DET_MEDIA?$AA@ 88010ed8     XAPILIB:xlaunch.obj
 0001:00011898       ??_C@_08KLMILJCM@vs_3_xps?$AA@ 88011c98     d3dx9:d3dx9shader.obj
 0001:000118a4       ??_C@_08JKHCPBGD@vs_3_swx?$AA@ 88011ca4     d3dx9:d3dx9shader.obj
 0001:000118b0       ??_C@_07JDJMCMIP@vs_3_sw?$AA@ 88011cb0     d3dx9:d3dx9shader.obj
 0001:000118b8       ??_C@_06IAOGOKNE@vs_3_0?$AA@ 88011cb8     d3dx9:d3dx9shader.obj
 0001:000118c0       ??_C@_06PKEILM@vs_2_x?$AA@ 88011cc0     d3dx9:d3dx9shader.obj
 0001:000118c8       ??_C@_07KOPMAFDP@vs_2_sw?$AA@ 88011cc8     d3dx9:d3dx9shader.obj
 0001:000118d0       ??_C@_06JLPKOBKE@vs_2_a?$AA@ 88011cd0     d3dx9:d3dx9shader.obj
 0001:000118d8       ??_C@_06DIFKINLB@vs_2_0?$AA@ 88011cd8     d3dx9:d3dx9shader.obj
 0001:000118e0       ??_C@_06DDPEBDBO@vs_1_1?$AA@ 88011ce0     d3dx9:d3dx9shader.obj
 0001:000118e8       ??_C@_06CKOPCCFP@vs_1_0?$AA@ 88011ce8     d3dx9:d3dx9shader.obj
 0001:000118f0       ??_C@_08CFGFKLMM@vs?43?4xps?$AA@ 88011cf0     d3dx9:d3dx9shader.obj
 0001:000118fc       ??_C@_08BENPODID@vs?43?4swx?$AA@ 88011cfc     d3dx9:d3dx9shader.obj
 0001:00011908       ??_C@_07IAGBDFBC@vs?43?4sw?$AA@ 88011d08     d3dx9:d3dx9shader.obj
 0001:00011910       ??_C@_06BBGHCBMM@vs?43?40?$AA@ 88011d10     d3dx9:d3dx9shader.obj
 0001:00011918       ??_C@_06JBHLIDKE@vs?42?4x?$AA@ 88011d18     d3dx9:d3dx9shader.obj
 0001:00011920       ??_C@_07LNABBMKC@vs?42?4sw?$AA@ 88011d20     d3dx9:d3dx9shader.obj
 0001:00011928       ??_C@_06KHLCKLM@vs?42?4a?$AA@ 88011d28     d3dx9:d3dx9shader.obj
 0001:00011930       ??_C@_06KCHFNIAG@vs?41?41?$AA@ 88011d30     d3dx9:d3dx9shader.obj
 0001:00011938       ??_C@_06LLGOOJEH@vs?41?40?$AA@ 88011d38     d3dx9:d3dx9shader.obj
 0001:00011940       ??_C@_02FENABIDK@vs?$AA@   88011d40     d3dx9:d3dx9shader.obj
 0001:00011944       ??_C@_06NHLHMDLF@tx_1_0?$AA@ 88011d44     d3dx9:d3dx9shader.obj
 0001:0001194c       ??_C@_02LEKABFJP@tx?$AA@   88011d4c     d3dx9:d3dx9shader.obj
 0001:00011950       ??_C@_07FFPDCFAI@ps_3_sw?$AA@ 88011d50     d3dx9:d3dx9shader.obj
 0001:00011958       ??_C@_06ODDGNPOO@ps_3_0?$AA@ 88011d58     d3dx9:d3dx9shader.obj
 0001:00011960       ??_C@_06GDCKHNIG@ps_2_x?$AA@ 88011d60     d3dx9:d3dx9shader.obj
 0001:00011968       ??_C@_07GIJDAMLI@ps_2_sw?$AA@ 88011d68     d3dx9:d3dx9shader.obj
 0001:00011970       ??_C@_06NDAHIHFN@ps_2_b?$AA@ 88011d70     d3dx9:d3dx9shader.obj
 0001:00011978       ??_C@_0M@PCKMBKFI@ps_2_alpha2?$AA@ 88011d78     d3dx9:d3dx9shader.obj
 0001:00011984       ??_C@_06PICKNEJO@ps_2_a?$AA@ 88011d84     d3dx9:d3dx9shader.obj
 0001:0001198c       ??_C@_06FLIKLIIL@ps_2_0?$AA@ 88011d8c     d3dx9:d3dx9shader.obj
 0001:00011994       ??_C@_06CNFDNCGB@ps_1_4?$AA@ 88011d94     d3dx9:d3dx9shader.obj
 0001:0001199c       ??_C@_06GCBCEEKG@ps_1_3?$AA@ 88011d9c     d3dx9:d3dx9shader.obj
 0001:000119a4       ??_C@_06HLAJHFOH@ps_1_2?$AA@ 88011da4     d3dx9:d3dx9shader.obj
 0001:000119ac       ??_C@_06FACECGCE@ps_1_1?$AA@ 88011dac     d3dx9:d3dx9shader.obj
 0001:000119b4       ??_C@_06EJDPBHGF@ps_1_0?$AA@ 88011db4     d3dx9:d3dx9shader.obj
 0001:000119bc       ??_C@_07EGAODMJF@ps?43?4sw?$AA@ 88011dbc     d3dx9:d3dx9shader.obj
 0001:000119c4       ??_C@_06HCLHBEPG@ps?43?40?$AA@ 88011dc4     d3dx9:d3dx9shader.obj
 0001:000119cc       ??_C@_06PCKLLGJO@ps?42?4x?$AA@ 88011dcc     d3dx9:d3dx9shader.obj
 0001:000119d4       ??_C@_07HLGOBFCF@ps?42?4sw?$AA@ 88011dd4     d3dx9:d3dx9shader.obj
 0001:000119dc       ??_C@_06ECIGEMEF@ps?42?4b?$AA@ 88011ddc     d3dx9:d3dx9shader.obj
 0001:000119e4       ??_C@_06GJKLBPIG@ps?42?4a?$AA@ 88011de4     d3dx9:d3dx9shader.obj
 0001:000119ec       ??_C@_06LMNCBJHJ@ps?41?44?$AA@ 88011dec     d3dx9:d3dx9shader.obj
 0001:000119f4       ??_C@_06PDJDIPLO@ps?41?43?$AA@ 88011df4     d3dx9:d3dx9shader.obj
 0001:000119fc       ??_C@_06OKIILOPP@ps?41?42?$AA@ 88011dfc     d3dx9:d3dx9shader.obj
 0001:00011a04       ??_C@_06MBKFONDM@ps?41?41?$AA@ 88011e04     d3dx9:d3dx9shader.obj
 0001:00011a0c       ??_C@_06NILONMHN@ps?41?40?$AA@ 88011e0c     d3dx9:d3dx9shader.obj
 0001:00011a14       ??_C@_02FAFNGEII@ps?$AA@   88011e14     d3dx9:d3dx9shader.obj
 0001:00011c64       ??_C@_02DPKJAMEF@?$CFd?$AA@ 88012064     d3dx9:d3dx9shader.obj
 0001:00011c68       ??_C@_0FL@BDNGBEEH@?$CD?$DPRADIANCE?6?$CDFile?5created?5by?5Micr@ 88012068     d3dx9:cimage.obj
 0001:000124e8       __real@3bcd17b6            880128e8     d3dx9:ccodec.obj
 0001:000124ec       __real@3b95a025            880128ec     d3dx9:ccodec.obj
 0001:000124f0       __real@3c019bec            880128f0     d3dx9:ccodec.obj
 0001:00012e48       ??_C@_05PAODFFED@endif?$AA@ 88013248     d3dx9:cpreprocessor.obj
 0001:00012e50       ??_C@_02DKCKIIND@?$CFs?$AA@ 88013250     d3dx9:cpreprocessor.obj
 0001:00012e54       ??_C@_03BHEEIFFN@def?$AA@  88013254     d3dx9:cpreprocessor.obj
 0001:00012e68       ??_C@_01FMEDJKGI@o?$AA@    88013268     d3dx9:cassembler.obj
 0001:00012e6c       ??_C@_01JBBJJEPG@p?$AA@    8801326c     d3dx9:cassembler.obj
 0001:00012e70       ??_C@_01HHGOMJKL@l?$AA@    88013270     d3dx9:cassembler.obj
 0001:00012e74       ??_C@_05JFHEGHJE@vFace?$AA@ 88013274     d3dx9:cassembler.obj
 0001:00012e7c       ??_C@_04MDNLLEAH@vPos?$AA@ 8801327c     d3dx9:cassembler.obj
 0001:00012e84       ??_C@_02BFGHIHPD@aL?$AA@   88013284     d3dx9:cassembler.obj
 0001:00012e88       ??_C@_01OJONOECF@b?$AA@    88013288     d3dx9:cassembler.obj
 0001:00012e8c       ??_C@_01LKDEMHDF@s?$AA@    8801328c     d3dx9:cassembler.obj
 0001:00012e90       ??_C@_06EPJFCNHF@oDepth?$AA@ 88013290     d3dx9:cassembler.obj
 0001:00012e98       ??_C@_02JIGBLGDG@oC?$AA@   88013298     d3dx9:cassembler.obj
[...]
 0003:00029338       ?flush_pending@D3DX@@YAXPAUz_stream_s@1@@Z 88069338 f   xuirenderltcg:deflate.obj
 0003:000293f8       ?longest_match@XuiTex@@YAIPAUinternal_state@1@I@Z 880693f8 f   xuirenderltcg:deflate.obj
 0003:000293f8       ?longest_match@D3DX@@YAIPAUinternal_state@1@I@Z 880693f8 f   xuirenderltcg:deflate.obj
 0003:000295f0       ?fill_window@XuiTex@@YAXPAUinternal_state@1@@Z 880695f0 f   xuirenderltcg:deflate.obj
 0003:000295f0       ?fill_window@D3DX@@YAXPAUinternal_state@1@@Z 880695f0 f   xuirenderltcg:deflate.obj
 0003:00029800       ?deflate_stored@XuiTex@@YA?AW4block_state@1@PAUinternal_state@1@H@Z 88069800 f   xuirenderltcg:deflate.obj
 0003:000299c8       ?deflate_fast@XuiTex@@YA?AW4block_state@1@PAUinternal_state@1@H@Z 880699c8 f   xuirenderltcg:deflate.obj
 0003:00029de0       ?deflate_slow@XuiTex@@YA?AW4block_state@1@PAUinternal_state@1@H@Z 88069de0 f   xuirenderltcg:deflate.obj
 0003:0002aad8       XSolidFiller_Open          8806aad8 f   xuirenderltcg:fill.obj
 0003:0002ab28       XSolidFiller_Fill          8806ab28 f   xuirenderltcg:fill.obj
 0003:0002ae48       ?send_tree@XuiTex@@YAXPAUinternal_state@1@PAUct_data_s@1@H@Z 8806ae48 f   xuirenderltcg:trees.obj
 0003:0002ae48       ?send_tree@D3DX@@YAXPAUinternal_state@1@PAUct_data_s@1@H@Z 8806ae48 f   xuirenderltcg:trees.obj
 0003:0002b3a0       ?send_all_trees@XuiTex@@YAXPAUinternal_state@1@HHH@Z 8806b3a0 f   xuirenderltcg:trees.obj
 0003:0002b640       ?compress_block@XuiTex@@YAXPAUinternal_state@1@PAUct_data_s@1@1@Z 8806b640 f   xuirenderltcg:trees.obj
 0003:0002ba98       ?copy_block@XuiTex@@YAXPAUinternal_state@1@PADIH@Z 8806ba98 f   xuirenderltcg:trees.obj
 0003:0002ba98       ?copy_block@D3DX@@YAXPAUinternal_state@1@PADIH@Z 8806ba98 f   xuirenderltcg:trees.obj
 0003:0002bbb0       ?build_tree@XuiTex@@YAXPAUinternal_state@1@PAUtree_desc_s@1@@Z 8806bbb0 f   xuirenderltcg:trees.obj
 0003:0002d480       ?huft_build@XuiTex@@YAHPAIIIPBI1PAPAUinflate_huft_s@1@0PAU21@00@Z 8806d480 f   xuirenderltcg:inftrees.obj
 0003:0002e0f8       luaA_index                 8806e0f8 f   LUA:lapi.obj
 0003:0002e178       luaA_indexAcceptable       8806e178 f   LUA:lapi.obj
 0003:0002ebe8       f_call                     8806ebe8 f   LUA:lapi.obj
 0003:0002ee30       stack_init                 8806ee30 f   LUA:lstate.obj
 0003:0002ef08       f_luaopen                  8806ef08 f   LUA:lstate.obj
 0003:0002f078       close_state                8806f078 f   LUA:lstate.obj
 0003:0002f2b8       callallgcTM                8806f2b8 f   LUA:lstate.obj
 0003:0002f460       getsizes                   8806f460 f   LUA:lauxlib.obj
 0003:0002f8b0       getF                       8806f8b0 f   LUA:lauxlib.obj
 0003:0002fad8       aux_do                     8806fad8 f   LUA:lauxlib.obj
 0003:0002fbc8       seterrorobj                8806fbc8 f   LUA:ldo.obj
 0003:0002ffb0       adjust_varargs             8806ffb0 f   LUA:ldo.obj
 0003:00030150       tryfuncTM                  88070150 f   LUA:ldo.obj
 0003:00030618       f_parser                   88070618 f   LUA:ldo.obj
 0003:00030858       reallymarkobject           88070858 f   LUA:lgc.obj
 0003:000309a8       traversetable              880709a8 f   LUA:lgc.obj
 0003:00030ba0       traverseproto              88070ba0 f   LUA:lgc.obj
 0003:00030ce8       traverseclosure            88070ce8 f   LUA:lgc.obj
 0003:00030df8       traversestack              88070df8 f   LUA:lgc.obj
 0003:00030f50       propagatemarks             88070f50 f   LUA:lgc.obj
 0003:00031000       cleartablekeys             88071000 f   LUA:lgc.obj
 0003:00031090       cleartablevalues           88071090 f   LUA:lgc.obj
 0003:00031190       sweeplist                  88071190 f   LUA:lgc.obj
 0003:00031438       mark                       88071438 f   LUA:lgc.obj
 0003:000318c8       traceexec                  880718c8 f   LUA:lvm.obj
 0003:00031a08       callTMres                  88071a08 f   LUA:lvm.obj
 0003:00031ab0       luaV_getnotable            88071ab0 f   LUA:lvm.obj
 0003:00031d48       call_binTM                 88071d48 f   LUA:lvm.obj
 0003:00031de0       get_compTM                 88071de0 f   LUA:lvm.obj
 0003:00031e90       call_orderTM               88071e90 f   LUA:lvm.obj
 0003:00031f40       luaV_strcmp                88071f40 f   LUA:lvm.obj
 0003:00032348       Arith                      88072348 f   LUA:lvm.obj
 0003:000324c0       luaV_index                 880724c0 f   LUA:lvm.obj
 0003:000335d8       pushstr                    880735d8 f   LUA:lobject.obj
 0003:000341e0       numuse                     880741e0 f   LUA:ltable.obj
 0003:00034408       setnodevector              88074408 f   LUA:ltable.obj
 0003:00034a88       resize                     88074a88 f   LUA:ltable.obj
 0003:00034c48       newkey                     88074c48 f   LUA:ltable.obj
 0003:000350d8       luaG_symbexec              880750d8 f   LUA:ldebug.obj
 0003:00035478       getobjname                 88075478 f   LUA:ldebug.obj
 0003:00035620       getfuncname                88075620 f   LUA:ldebug.obj
 0003:00035888       auxgetinfo                 88075888 f   LUA:ldebug.obj
 0003:00036100       read_numeral               88076100 f   LUA:llex.obj
 0003:000365a0       inclinenumber              880765a0 f   LUA:llex.obj
 0003:00036630       read_long_string           88076630 f   LUA:llex.obj
 0003:00036918       read_string                88076918 f   LUA:llex.obj
 0003:00037498       next                       88077498 f   LUA:lparser.obj
 0003:00037508       check                      88077508 f   LUA:lparser.obj
 0003:00037568       check_match                88077568 f   LUA:lparser.obj
 0003:00037608       str_checkname              88077608 f   LUA:lparser.obj
 0003:00037658       new_localvar               88077658 f   LUA:lparser.obj
 0003:00037710       new_localvarstr            88077710 f   LUA:lparser.obj
 0003:00037780       indexupvalue               88077780 f   LUA:lparser.obj
 0003:00037898       singlevaraux               88077898 f   LUA:lparser.obj
 0003:000379d8       adjust_assign              880779d8 f   LUA:lparser.obj
 0003:00037a70       leaveblock                 88077a70 f   LUA:lparser.obj
 0003:00037b30       open_func                  88077b30 f   LUA:lparser.obj
 0003:00037bc8       close_func                 88077bc8 f   LUA:lparser.obj
 0003:00037d50       luaY_field                 88077d50 f   LUA:lparser.obj
 0003:00037dc0       recfield                   88077dc0 f   LUA:lparser.obj
 0003:00037ed8       constructor                88077ed8 f   LUA:lparser.obj
 0003:00038150       parlist                    88078150 f   LUA:lparser.obj
 0003:000382b8       body                       880782b8 f   LUA:lparser.obj
 0003:00038468       explist1                   88078468 f   LUA:lparser.obj
 0003:000384d0       funcargs                   880784d0 f   LUA:lparser.obj
 0003:00038650       primaryexp                 88078650 f   LUA:lparser.obj
 0003:000387e8       simpleexp                  880787e8 f   LUA:lparser.obj
 0003:000388f8       subexpr                    880788f8 f   LUA:lparser.obj
 0003:00038af8       block                      88078af8 f   LUA:lparser.obj
 0003:00038b58       assignment                 88078b58 f   LUA:lparser.obj
 0003:00038d00       whilestat                  88078d00 f   LUA:lparser.obj
 0003:00038ec8       repeatstat                 88078ec8 f   LUA:lparser.obj
 0003:00038fa0       forbody                    88078fa0 f   LUA:lparser.obj
 0003:000390e8       fornum                     880790e8 f   LUA:lparser.obj
 0003:00039230       forlist                    88079230 f   LUA:lparser.obj
 0003:00039328       forstat                    88079328 f   LUA:lparser.obj
 0003:000393e8       ifstat                     880793e8 f   LUA:lparser.obj
 0003:00039520       localfunc                  88079520 f   LUA:lparser.obj
 0003:000395e0       localstat                  880795e0 f   LUA:lparser.obj
 0003:000396e0       funcstat                   880796e0 f   LUA:lparser.obj
 0003:00039788       retstat                    88079788 f   LUA:lparser.obj
 0003:00039888       statement                  88079888 f   LUA:lparser.obj
 0003:00039a88       chunk                      88079a88 f   LUA:lparser.obj
 0003:00039c08       ezgetc                     88079c08 f   LUA:lundump.obj
 0003:00039c98       LoadBlock                  88079c98 f   LUA:lundump.obj
 0003:00039d18       LoadVector                 88079d18 f   LUA:lundump.obj
 0003:00039dc0       LoadInt                    88079dc0 f   LUA:lundump.obj
 0003:00039e18       LoadString                 88079e18 f   LUA:lundump.obj
 0003:00039ea0       LoadConstants              88079ea0 f   LUA:lundump.obj
 0003:00039fd8       LoadFunction               88079fd8 f   LUA:lundump.obj
 0003:0003a210       LoadHeader                 8807a210 f   LUA:lundump.obj
 0003:0003a588       luaK_fixjump               8807a588 f   LUA:lcode.obj
 0003:0003a600       need_value                 8807a600 f   LUA:lcode.obj
 0003:0003a6a0       luaK_patchlistaux          8807a6a0 f   LUA:lcode.obj
 0003:0003a8a8       addk                       8807a8a8 f   LUA:lcode.obj
 0003:0003adc8       discharge2reg              8807adc8 f   LUA:lcode.obj
 0003:0003aec8       luaK_exp2reg               8807aec8 f   LUA:lcode.obj
 0003:0003b460       jumponcond                 8807b460 f   LUA:lcode.obj
 0003:0003b6e8       codenot                    8807b6e8 f   LUA:lcode.obj
 0003:0003ba78       codebinop                  8807ba78 f   LUA:lcode.obj
 0003:0003c968       tidy_global                8807c968 f   libcpmt:locale0.obj
 0003:0003cab4       __unwind$20707             8807cab4 f   libcpmt:locale0.obj
 0003:0003cc70       __unwind$21472             8807cc70 f i libcpmt:locale0.obj
 0003:0003cd04       __unwind$21492             8807cd04 f i libcpmt:locale0.obj
 0003:0003cd2c       __unwind$21493             8807cd2c f i libcpmt:locale0.obj
 0003:0003ce64       __unwind$21533             8807ce64 f   libcpmt:locale0.obj
 0003:0003ce8c       __unwind$21534             8807ce8c f   libcpmt:locale0.obj
 0003:0003d2cc       __unwind$19666             8807d2cc f   libcpmt:string.obj
 0003:0003d34c       __unwind$19874             8807d34c f   libcpmt:string.obj
 0003:0003da10       __DllMainCRTStartup        8807da10 f   LIBCMT:dllcrt0.obj
 0003:0003dd14       $$$00003                   8807dd14 f   LIBCMT:crtgpr.obj
 0003:0003ed70       ?FindSITargetTypeInstance@@YAPBU_s_RTTIBaseClassDescriptor@@PBU_s_RTTICompleteObjectLocator@@PAUTypeDescriptor@@1@Z 8807ed70 f   LIBCMT:rtti.obj
 0003:0003ee70       ?FindMITargetTypeInstance@@YAPBU_s_RTTIBaseClassDescriptor@@PAXPBU_s_RTTICompleteObjectLocator@@PAUTypeDescriptor@@H2@Z 8807ee70 f   LIBCMT:rtti.obj
 0003:0003f018       ?FindVITargetTypeInstance@@YAPBU_s_RTTIBaseClassDescriptor@@PAXPBU_s_RTTICompleteObjectLocator@@PAUTypeDescriptor@@H2@Z 8807f018 f   LIBCMT:rtti.obj
 0003:0003f498       doexit                     8807f498 f   LIBCMT:crt0dat.obj
 0003:0003fe08       ?strtoxq@@YA_KPAUlocaleinfo_struct@@PBDPAPBDHH@Z 8807fe08 f   LIBCMT:strtoq.obj
 0003:00040120       ?strtoxl@@YAKPAUlocaleinfo_struct@@PBDPAPBDHH@Z 88080120 f   LIBCMT:strtol.obj
 0003:00040ae8       ?wcstoxl@@YAKPAUlocaleinfo_struct@@PB_WPAPB_WHH@Z 88080ae8 f   LIBCMT:wcstol.obj
 0003:00043350       ?CatchIt@@YAXPAUEHExceptionRecord@@PAKPAU_CONTEXT@@PAU_xDISPATCHER_CONTEXT@@PBU_s_FuncInfo@@PBU_s_HandlerType@@PBU_s_CatchableType@@PBU_s_TryBlockMapEntry@@H1E@Z 88083350 f   LIBCMT:frame.obj
 0003:00043498       ?FindHandlerForForeignException@@YAXPAUEHExceptionRecord@@PAKPAU_CONTEXT@@PAU_xDISPATCHER_CONTEXT@@PBU_s_FuncInfo@@HH1@Z 88083498 f   LIBCMT:frame.obj
 0003:00043608       ?FindHandler@@YAXPAUEHExceptionRecord@@PAKPAU_CONTEXT@@PAU_xDISPATCHER_CONTEXT@@PBU_s_FuncInfo@@EH1@Z 88083608 f   LIBCMT:frame.obj
 0003:00043d18       flsall                     88083d18 f   LIBCMT:fflush.obj
 0003:00044338       XSolidFiller_Skip          88084338 f   LIBCMT:winxfltr.obj
 0003:00044338       XSolidFiller_Close         88084338 f   LIBCMT:winxfltr.obj
 0003:00044828       _cftoe2_l                  88084828 f   LIBCMT:cvt.obj
 0003:00045008       _cftof2_l                  88085008 f   LIBCMT:cvt.obj
 0003:00045d20       __crtInitCritSecNoSpinCount 88085d20 f   LIBCMT:initcrit.obj
 0003:000465a0       write_char                 880865a0 f   LIBCMT:output.obj
 0003:000465a0       write_char                 880865a0 f   LIBCMT:output.obj
 0003:00047230       write_string               88087230 f   LIBCMT:outputs.obj
 0003:00047230       write_string               88087230 f   LIBCMT:outputs.obj
 0003:0004a0d8       ?setSBCS@@YAXPAUthreadmbcinfostruct@@@Z 8808a0d8 f   LIBCMT:mbctype.obj
 0003:0004d510       _tsopen_nolock             8808d510 f   LIBCMT:open.obj
 0003:00053418       ?init_BoxFilter2D_A8R8G8B8@D3DXTex@@YAJPAI0IIII@Z 88093418 f   d3dx9:cblt.obj
 0003:00053468       ?init_BoxFilter2D_X8R8G8B8@D3DXTex@@YAJPAI0IIII@Z 88093468 f   d3dx9:cblt.obj
 0003:000534b8       ?deflate_stored@D3DX@@YA?AW4block_state@1@PAUinternal_state@1@H@Z 880934b8 f   d3dx9:deflate.obj
 0003:00053680       ?deflate_fast@D3DX@@YA?AW4block_state@1@PAUinternal_state@1@H@Z 88093680 f   d3dx9:deflate.obj
 0003:00053a98       ?deflate_slow@D3DX@@YA?AW4block_state@1@PAUinternal_state@1@H@Z 88093a98 f   d3dx9:deflate.obj
 0003:00053fc0       ?pqdownheap@D3DX@@YAXPAUinternal_state@1@PAUct_data_s@1@H@Z 88093fc0 f   d3dx9:trees.obj
 0003:00053fc0       ?pqdownheap@XuiTex@@YAXPAUinternal_state@1@PAUct_data_s@1@H@Z 88093fc0 f   d3dx9:trees.obj
 0003:000540b0       ?gen_bitlen@XuiTex@@YAXPAUinternal_state@1@PAUtree_desc_s@1@@Z 880940b0 f   d3dx9:trees.obj
 0003:000540b0       ?gen_bitlen@D3DX@@YAXPAUinternal_state@1@PAUtree_desc_s@1@@Z 880940b0 f   d3dx9:trees.obj
 0003:000542f8       ?scan_tree@D3DX@@YAXPAUinternal_state@1@PAUct_data_s@1@H@Z 880942f8 f   d3dx9:trees.obj
 0003:000542f8       ?scan_tree@XuiTex@@YAXPAUinternal_state@1@PAUct_data_s@1@H@Z 880942f8 f   d3dx9:trees.obj
 0003:00054420       ?send_all_trees@D3DX@@YAXPAUinternal_state@1@HHH@Z 88094420 f   d3dx9:trees.obj
 0003:000546c0       ?compress_block@D3DX@@YAXPAUinternal_state@1@PAUct_data_s@1@1@Z 880946c0 f   d3dx9:trees.obj
 0003:00054b18       ?build_tree@D3DX@@YAXPAUinternal_state@1@PAUtree_desc_s@1@@Z 88094b18 f   d3dx9:trees.obj
 0003:00055398       ?LST_CreateItem@XGRAPHICS@@YAPAXPAU_MEM_HEAD@1@@Z 88095398 f   xgraphics:linkedlist.obj
 0003:00055410       ?LST_InsertBeforeItem@XGRAPHICS@@YAXPAU_LIST_PRIM_ITEM@1@0@Z 88095410 f   xgraphics:linkedlist.obj
 0003:00055920       ?c_BoxFilter2D_X8R8G8B8@D3DXTex@@YAJPAI0IIII@Z 88095920 f   xgraphics:cblt.obj
 0003:00055920       ?c_BoxFilter2D_X8R8G8B8@XG_D3DXTex@@YAJPAI0IIII@Z 88095920 f   xgraphics:cblt.obj
 0003:00055a08       ?init_BoxFilter2D_A8R8G8B8@XG_D3DXTex@@YAJPAI0IIII@Z 88095a08 f   xgraphics:cblt.obj
 0003:00055a58       ?init_BoxFilter2D_X8R8G8B8@XG_D3DXTex@@YAJPAI0IIII@Z 88095a58 f   xgraphics:cblt.obj
 0003:00056058       ?FloatToString@XGRAPHICS@@YAXMPAD@Z 88096058 f   xgraphics:compilertossm.obj
 0003:0005a9c8       ?TFetchDstModifierToDstSel@XGRAPHICS@@YAHHH@Z 8809a9c8 f   xgraphics:asm.obj
 0003:0005aa70       ?KorrectSwizzle@XGRAPHICS@@YAXPAVIRInst@1@H@Z 8809aa70 f   xgraphics:asm.obj
 0003:00060660       ??__Eg_FontRegistry@?A0x6b0c680e@@YAXXZ 880a0660 f    CIL library: CIL module
 0003:00060670       ??__Eg_XuiScratchAlloc@Xui@@YAXXZ 880a0670 f    CIL library: CIL module
 0003:00060680       ??__Eg_objEntryPool@Xui@@YAXXZ 880a0680 f    CIL library: CIL module
 0003:00060690       ??__Eg_classMap@Xui@@YAXXZ 880a0690 f    CIL library: CIL module
 0003:000606d0       ??__Eg_prefixMap@Xui@@YAXXZ 880a06d0 f    CIL library: CIL module
 0003:000606e0       ??__Eg_visualMap@Xui@@YAXXZ 880a06e0 f    CIL library: CIL module
 0003:000606f0       ??__Eg_VisualData@Xui@@YAXXZ 880a06f0 f    CIL library: CIL module
 0003:00060700       ??__Eg_timelines@Xui@@YAXXZ 880a0700 f    CIL library: CIL module
 0003:00060710       ??__Eg_GdipRenderer@Xui@@YAXXZ 880a0710 f    CIL library: CIL module
 0003:00060748       ??__Eg_ObjectPool@Xui@@YAXXZ 880a0748 f    CIL library: CIL module
 0003:000607a0       ??__EBaseLua@@YAXXZ        880a07a0 f   PatchData.obj
 0003:000607e0       ??__EQuickBootLua@@YAXXZ   880a07e0 f   PatchData.obj
 0003:00060820       ??__E_RCS@@YAXXZ           880a0820 f   PatchData.obj
 0003:00060830       ??__Emy_map@@YAXXZ         880a0830 f   PatchData.obj
 0003:00060868       ??__Evec@Multiplayer4P@@YAXXZ 880a0868 f   PatchData.obj
 0003:00060878       ??__Elog@DebugLogRestore@@YAXXZ 880a0878 f   PatchData.obj
 0003:00060888       ??__Emalloc_buffer@DebugLogRestore@@YAXXZ 880a0888 f   PatchData.obj
 0003:00060898       ??__EEffectMapJoiner@DebugLogRestore@@YAXXZ 880a0898 f   PatchData.obj
 0003:000608d0       ??__EContextMapJoiner@DebugLogRestore@@YAXXZ 880a08d0 f   PatchData.obj
 0003:00060908       ??__Em_Font@ImGUI@@YAXXZ   880a0908 f   PatchData.obj
 0003:00060940       ??__EBaseLua@@YAXXZ        880a0940 f   DLLModule.obj
 0003:00060980       ??__EQuickBootLua@@YAXXZ   880a0980 f   DLLModule.obj
 0003:000609c0       ??__Einitlocks@std@@YAXXZ  880a09c0 f   libcpmt:xlock.obj
 0003:000609f8       ??__Eclassic_locale@std@@YAXXZ 880a09f8 f   libcpmt:locale0.obj
 0003:00060a08       ??__Einitlocks@std@@YAXXZ  880a0a08 f   libcpmt:iosptrs.obj
 0003:00060a40       ??__Einit_atexit@@YAXXZ    880a0a40 f   libcpmt:iosptrs.obj
 0003:00060a50       ??__EpOldExceptFilter@@YAXXZ 880a0a50 f   LIBCMT:unhandled.obj
 0003:00060a90       ??__Eg_instrNeverIssue@D3DXShader@@YAXXZ 880a0a90 f   xgraphics:scheduler.obj
 0003:00060aa0       ??__Eg_depNeverIssue@D3DXShader@@YAXXZ 880a0aa0 f   xgraphics:scheduler.obj
 0003:00060ab8       ??__Fg_FontRegistry@?A0x6b0c680e@@YAXXZ 880a0ab8 f    CIL library: CIL module
 0003:00060ac8       ??__Fg_XuiScratchAlloc@Xui@@YAXXZ 880a0ac8 f    CIL library: CIL module
 0003:00060ad0       ??__Fg_objEntryPool@Xui@@YAXXZ 880a0ad0 f    CIL library: CIL module
 0003:00060ad8       ??__Fg_classMap@Xui@@YAXXZ 880a0ad8 f    CIL library: CIL module
 0003:00060b50       ??__Fg_prefixMap@Xui@@YAXXZ 880a0b50 f    CIL library: CIL module
 0003:00060b60       ??__Fg_visualMap@Xui@@YAXXZ 880a0b60 f    CIL library: CIL module
 0003:00060b70       ??__Fg_VisualData@Xui@@YAXXZ 880a0b70 f    CIL library: CIL module
 0003:00060bd0       ??__Fg_timelines@Xui@@YAXXZ 880a0bd0 f    CIL library: CIL module
 0003:00060c28       ??__Fg_GdipRenderer@Xui@@YAXXZ 880a0c28 f    CIL library: CIL module
 0003:00060c38       ??__Fm_Font@ImGUI@@YAXXZ   880a0c38 f   PatchData.obj
 0003:00060c48       ??__FBaseLua@@YAXXZ        880a0c48 f   PatchData.obj
 0003:00060c90       ??__FQuickBootLua@@YAXXZ   880a0c90 f   PatchData.obj
 0003:00060cd8       ??__Flog@DebugLogRestore@@YAXXZ 880a0cd8 f   PatchData.obj
 0003:00060d28       ??__Fmalloc_buffer@DebugLogRestore@@YAXXZ 880a0d28 f   PatchData.obj
 0003:00060d78       ??__Fvec@Multiplayer4P@@YAXXZ 880a0d78 f   PatchData.obj
 0003:00060dc8       ??__FContextMapJoiner@DebugLogRestore@@YAXXZ 880a0dc8 f   PatchData.obj
 0003:00060dd8       ??__FEffectMapJoiner@DebugLogRestore@@YAXXZ 880a0dd8 f   PatchData.obj
 0003:00060de8       ??__F_RCS@@YAXXZ           880a0de8 f   PatchData.obj
 0003:00060df8       ??__Fmy_map@@YAXXZ         880a0df8 f   PatchData.obj
 0003:00060e08       ??__FBaseLua@@YAXXZ        880a0e08 f   DLLModule.obj
 0003:00060e18       ??__FQuickBootLua@@YAXXZ   880a0e18 f   DLLModule.obj
 0003:00060e28       ??__Finitlocks@std@@YAXXZ  880a0e28 f   libcpmt:xlock.obj
 0003:00060e38       ??__Fclassic_locale@std@@YAXXZ 880a0e38 f   libcpmt:locale0.obj
 0003:00060e88       ??__Fnomem@?5???2@YAPAXI@Z@YAXXZ 880a0e88 f   libcpmt:newop.obj
 0003:00060eb8       ??__Finitlocks@std@@YAXXZ  880a0eb8 f   libcpmt:iosptrs.obj
 0003:00060ec8       ??__Finit_atexit@@YAXXZ    880a0ec8 f   libcpmt:iosptrs.obj
