 TEST

 Timestamp is 65da7a0d (Sun Feb 25 02:21:49 2024)

 Preferred load address is 88000000

 Start         Length     Name                   Class
 0001:00000000 00000100H .idata$5                DATA
 0001:00000100 00039824H .rdata                  DATA
 0001:00039924 0000006dH .rdata$debug            DATA
 0001:00039998 0000041cH .xdata                  DATA
 0001:00039db4 00000260H .xdata$x                DATA
 0002:00000000 00003c50H .pdata                  DATA
 0003:00000000 0006feecH .text                   CODE
 0003:0006fef0 000005e4H .text$yc                CODE
 0003:000704d8 00000b7cH .text$yd                CODE
 0003:00071054 00000390H .xidata                 CODE
 0003:000713e4 00000000H .xedata                 CODE
 0004:00000000 00000004H .CRT$RIA                DATA
 0004:00000004 00000004H .CRT$RII10              DATA
 0004:00000008 00000004H .CRT$RII20              DATA
 0004:0000000c 00000004H .CRT$RIZ                DATA
 0004:00000010 00000004H .CRT$XCA                DATA
 0004:00000014 00000004H .CRT$XCAA               DATA
 0004:00000018 00000010H .CRT$XCC                DATA
 0004:00000028 000000c8H .CRT$XCU                DATA
 0004:000000f0 00000004H .CRT$XCZ                DATA
 0004:000000f4 00000004H .CRT$XIA                DATA
 0004:000000f8 00000008H .CRT$XIC                DATA
 0004:00000100 00000004H .CRT$XIZ                DATA
 0004:00000104 00000004H .CRT$XPA                DATA
 0004:00000108 00000004H .CRT$XPX                DATA
 0004:0000010c 00000004H .CRT$XPXA               DATA
 0004:00000110 00000004H .CRT$XPZ                DATA
 0004:00000114 00000004H .CRT$XTA                DATA
 0004:00000118 00000004H .CRT$XTZ                DATA
 0004:00000120 0001748cH .data                   DATA
 0004:000175c0 00002d30H .bss                    DATA
 0005:00000000 00000031H .edata                  DATA
 0006:00000000 00000028H .idata$2                DATA
 0006:00000028 00000014H .idata$3                DATA
 0006:0000003c 00000100H .idata$4                DATA
 0006:0000013c 00000032H .idata$6                DATA
 0007:00000000 00000080H .XBLD$V                 DATA

  Address         Publics by Value              Rva+Base       Lib:Object

 0000:00000000       ___safe_se_handler_table   00000000     <absolute>
 0000:00000000       ___safe_se_handler_count   00000000     <absolute>
 0001:00000000       __imp_XamInputGetCapabilities 88000400     XAPILIB:xam.xex@3529.0+1861.0
 0001:00000004       __imp_XamLaunchNewImage    88000404     XAPILIB:xam.xex@3529.0+1861.0
 0001:00000008       __imp_XamInputGetState     88000408     XAPILIB:xam.xex@3529.0+1861.0
 0001:0000000c       __imp_XamShowMessageBoxUI  8800040c     XAPILIB:xam.xex@3529.0+1861.0
 0001:00000010       \177xam.xex@3529.0+1861_NULL_THUNK_DATA 88000410     XAPILIB:xam.xex@3529.0+1861.0
 0001:00000014       __imp_VdShutdownEngines    88000414     xboxkrnl:xboxkrnl.exe@3529.0+1861.0
 0001:00000018       __imp_ExRegisterTitleTerminateNotification 88000418     xboxkrnl:xboxkrnl.exe@3529.0+1861.0
 0001:0000001c       __imp_RtlInitializeCriticalSection 8800041c     xboxkrnl:xboxkrnl.exe@3529.0+1861.0
 0001:00000020       __imp_MmAllocatePhysicalMemoryEx 88000420     xboxkrnl:xboxkrnl.exe@3529.0+1861.0
 0001:00000024       __imp_RtlInitAnsiString    88000424     xboxkrnl:xboxkrnl.exe@3529.0+1861.0
 0001:00000028       __imp_DbgPrint             88000428     xboxkrnl:xboxkrnl.exe@3529.0+1861.0
 0001:0000002c       __imp_RtlVsnprintf         8800042c     xboxkrnl:xboxkrnl.exe@3529.0+1861.0
 0001:00000030       XboxKrnlVersion            88000430     xboxkrnl:xboxkrnl.exe@3529.0+1861.0
 0001:00000030       __imp_XboxKrnlVersion      88000430     xboxkrnl:xboxkrnl.exe@3529.0+1861.0
 0001:00000034       __imp_ExCreateThread       88000434     xboxkrnl:xboxkrnl.exe@3529.0+1861.0
 0001:00000038       __imp_RtlSprintf           88000438     xboxkrnl:xboxkrnl.exe@3529.0+1861.0
 0001:0000003c       KeDebugMonitorData         8800043c     xboxkrnl:xboxkrnl.exe@3529.0+1861.0
 0001:0000003c       __imp_KeDebugMonitorData   8800043c     xboxkrnl:xboxkrnl.exe@3529.0+1861.0
 0001:00000040       __imp_RtlEnterCriticalSection 88000440     xboxkrnl:xboxkrnl.exe@3529.0+1861.0
 0001:00000044       __imp_RtlLeaveCriticalSection 88000444     xboxkrnl:xboxkrnl.exe@3529.0+1861.0
 0001:00000048       __imp_KfAcquireSpinLock    88000448     xboxkrnl:xboxkrnl.exe@3529.0+1861.0
 0001:0000004c       __imp_KfReleaseSpinLock    8800044c     xboxkrnl:xboxkrnl.exe@3529.0+1861.0
 0001:00000050       __imp_MmFreePhysicalMemory 88000450     xboxkrnl:xboxkrnl.exe@3529.0+1861.0
 0001:00000054       VdGlobalDevice             88000454     xboxkrnl:xboxkrnl.exe@3529.0+1861.0
 0001:00000054       __imp_VdGlobalDevice       88000454     xboxkrnl:xboxkrnl.exe@3529.0+1861.0
 0001:00000058       __imp_RtlVswprintf         88000458     xboxkrnl:xboxkrnl.exe@3529.0+1861.0
 0001:0000005c       __imp_RtlVscwprintf        8800045c     xboxkrnl:xboxkrnl.exe@3529.0+1861.0
 0001:00000060       __imp_KeGetCurrentProcessType 88000460     xboxkrnl:xboxkrnl.exe@3529.0+1861.0
 0001:00000064       __imp_XeCryptBnQwBeSigVerify 88000464     xboxkrnl:xboxkrnl.exe@3529.0+1861.0
 0001:00000068       __imp_XeKeysGetKey         88000468     xboxkrnl:xboxkrnl.exe@3529.0+1861.0
 0001:0000006c       __imp_XeCryptRotSumSha     8800046c     xboxkrnl:xboxkrnl.exe@3529.0+1861.0
 0001:00000070       __imp_XeCryptSha           88000470     xboxkrnl:xboxkrnl.exe@3529.0+1861.0
 0001:00000074       __imp___C_specific_handler 88000474     xboxkrnl:xboxkrnl.exe@3529.0+1861.0
 0001:00000078       __imp_KeBugCheck           88000478     xboxkrnl:xboxkrnl.exe@3529.0+1861.0
 0001:0000007c       __imp_RtlUnwind            8800047c     xboxkrnl:xboxkrnl.exe@3529.0+1861.0
 0001:00000080       __imp_TlsAlloc             88000480     xboxkrnl:xboxkrnl.exe@3529.0+1861.0
 0001:00000084       __imp_TlsGetValue          88000484     xboxkrnl:xboxkrnl.exe@3529.0+1861.0
 0001:00000088       __imp_TlsSetValue          88000488     xboxkrnl:xboxkrnl.exe@3529.0+1861.0
 0001:0000008c       __imp_TlsFree              8800048c     xboxkrnl:xboxkrnl.exe@3529.0+1861.0
 0001:00000090       __imp_RtlCaptureContext    88000490     xboxkrnl:xboxkrnl.exe@3529.0+1861.0
 0001:00000094       __imp_RtlNtStatusToDosError 88000494     xboxkrnl:xboxkrnl.exe@3529.0+1861.0
 0001:00000098       __imp_RtlMultiByteToUnicodeN 88000498     xboxkrnl:xboxkrnl.exe@3529.0+1861.0
 0001:0000009c       __imp_NtClose              8800049c     xboxkrnl:xboxkrnl.exe@3529.0+1861.0
 0001:000000a0       __imp_NtCreateFile         880004a0     xboxkrnl:xboxkrnl.exe@3529.0+1861.0
 0001:000000a4       __imp_NtResumeThread       880004a4     xboxkrnl:xboxkrnl.exe@3529.0+1861.0
 0001:000000a8       __imp_NtProtectVirtualMemory 880004a8     xboxkrnl:xboxkrnl.exe@3529.0+1861.0
 0001:000000ac       __imp_NtQueryVirtualMemory 880004ac     xboxkrnl:xboxkrnl.exe@3529.0+1861.0
 0001:000000b0       __imp_XexGetModuleHandle   880004b0     xboxkrnl:xboxkrnl.exe@3529.0+1861.0
 0001:000000b4       __imp_NtSetInformationFile 880004b4     xboxkrnl:xboxkrnl.exe@3529.0+1861.0
 0001:000000b8       __imp_NtQueryInformationFile 880004b8     xboxkrnl:xboxkrnl.exe@3529.0+1861.0
 0001:000000bc       __imp_NtWaitForSingleObjectEx 880004bc     xboxkrnl:xboxkrnl.exe@3529.0+1861.0
 0001:000000c0       __imp_NtWriteFile          880004c0     xboxkrnl:xboxkrnl.exe@3529.0+1861.0
 0001:000000c4       __imp_KeTimeStampBundle    880004c4     xboxkrnl:xboxkrnl.exe@3529.0+1861.0
 0001:000000c4       KeTimeStampBundle          880004c4     xboxkrnl:xboxkrnl.exe@3529.0+1861.0
 0001:000000c8       __imp_NtReadFile           880004c8     xboxkrnl:xboxkrnl.exe@3529.0+1861.0
 0001:000000cc       __imp_MmQueryAllocationSize 880004cc     xboxkrnl:xboxkrnl.exe@3529.0+1861.0
 0001:000000d0       __imp_RtlRaiseException    880004d0     xboxkrnl:xboxkrnl.exe@3529.0+1861.0
 0001:000000d4       __imp_RtlImageXexHeaderField 880004d4     xboxkrnl:xboxkrnl.exe@3529.0+1861.0
 0001:000000d8       __imp_XexExecutableModuleHandle 880004d8     xboxkrnl:xboxkrnl.exe@3529.0+1861.0
 0001:000000d8       XexExecutableModuleHandle  880004d8     xboxkrnl:xboxkrnl.exe@3529.0+1861.0
 0001:000000dc       __imp_NtAllocateVirtualMemory 880004dc     xboxkrnl:xboxkrnl.exe@3529.0+1861.0
 0001:000000e0       __imp_KeBugCheckEx         880004e0     xboxkrnl:xboxkrnl.exe@3529.0+1861.0
 0001:000000e4       __imp_NtFreeVirtualMemory  880004e4     xboxkrnl:xboxkrnl.exe@3529.0+1861.0
 0001:000000e8       __imp_RtlCompareMemoryUlong 880004e8     xboxkrnl:xboxkrnl.exe@3529.0+1861.0
 0001:000000ec       __imp_KeQuerySystemTime    880004ec     xboxkrnl:xboxkrnl.exe@3529.0+1861.0
 0001:000000f0       __imp_NtFlushBuffersFile   880004f0     xboxkrnl:xboxkrnl.exe@3529.0+1861.0
 0001:000000f4       __imp_ExTerminateThread    880004f4     xboxkrnl:xboxkrnl.exe@3529.0+1861.0
 0001:000000f8       __imp_KeDelayExecutionThread 880004f8     xboxkrnl:xboxkrnl.exe@3529.0+1861.0
 0001:000000fc       \177xboxkrnl.exe@3529.0+1861_NULL_THUNK_DATA 880004fc     xboxkrnl:xboxkrnl.exe@3529.0+1861.0
 0001:0000011c       ??_C@_1DO@GHHJNKHM@?9?$AA?9?$AA?9?$AA?9?$AA?9?$AA?9?$AA?9?$AA?9?$AA?9?$AA?9?$AA?9?$AA?9?$AAO?$AAK?$AA?9?$AA?9?$AA?9?$AA?9?$AA?9?$AA?9?$AA?9?$AA?9?$AA?9?$AA?9?$AA?9?$AA?9?$AA?9?$AA?9?$AA?9?$AA?9?$AA?$AA?$AA@ 8800051c     Basics.obj
 0001:0000015c       ??_C@_0P@GHFPNOJB@bad?5allocation?$AA@ 8800055c     Basics.obj
 0001:0000016c       ??_C@_02OGMJIJNC@SR?$AA@   8800056c     PatchData.obj
 0001:00000170       ??_C@_02DCIILGAN@SL?$AA@   88000570     PatchData.obj
 0001:00000174       ??_C@_02PDPFNDMG@OR?$AA@   88000574     PatchData.obj
 0001:00000178       ??_C@_03BDACDFHA@AND?$AA@  88000578     PatchData.obj
 0001:0000017c       ??_C@_04IBBNLEM@Game?$AA@  8800057c     PatchData.obj
 0001:00000184       ??_C@_03GGEOLGBL@Log?$AA@  88000584     PatchData.obj
 0001:00000188       ??_C@_03DBKJMAGF@End?$AA@  88000588     PatchData.obj
 0001:0000018c       ??_C@_05BDHMEGNH@Retry?$AA@ 8800058c     PatchData.obj
 0001:00000194       ??_C@_0N@KNKPPOBI@StartPlaying?$AA@ 88000594     PatchData.obj
 0001:000001a4       ??_C@_0N@IAMBKINH@DestroyWorld?$AA@ 880005a4     PatchData.obj
 0001:000001b4       ??_C@_0L@GMPOMLCH@SetupWorld?$AA@ 880005b4     PatchData.obj
 0001:000001c0       ??_C@_0L@BHOMPEFG@ChangeArea?$AA@ 880005c0     PatchData.obj
 0001:000001cc       ??_C@_09FEHECFFI@LoadEvent?$AA@ 880005cc     PatchData.obj
 0001:000001d8       ??_C@_08BOCLAHEI@NewActor?$AA@ 880005d8     PatchData.obj
 0001:000001e4       ??_C@_0O@GEBHPFHH@CreateObjInfo?$AA@ 880005e4     PatchData.obj
 0001:000001f4       ??_C@_0BE@MJKBHJGO@CreateCameraTornado?$AA@ 880005f4     PatchData.obj
 0001:00000208       ??_C@_0O@EAAJPJLK@LoadEntityLib?$AA@ 88000608     PatchData.obj
 0001:00000218       ??_C@_0O@KNMLDCHM@LoadCameraSet?$AA@ 88000618     PatchData.obj
 0001:00000228       ??_C@_0O@LADDDJAG@LoadCameraLib?$AA@ 88000628     PatchData.obj
 0001:00000238       ??_C@_0O@LLBOHKBE@PreloadPlayer?$AA@ 88000638     PatchData.obj
 0001:00000248       ??_C@_0L@GONGBMAB@LoadPEBank?$AA@ 88000648     PatchData.obj
 0001:00000254       ??_C@_0BF@KDCELKCF@PlayerIndexToActorID?$AA@ 88000654     PatchData.obj
 0001:0000026c       ??_C@_0M@BAIICBDP@SetAreaName?$AA@ 8800066c     PatchData.obj
 0001:00000278       ??_C@_0BJ@HNJAAMML@SeparateRenderAndExecute?$AA@ 88000678     PatchData.obj
 0001:00000294       ??_C@_0BA@GPOIHIIP@InternalMessage?$AA@ 88000694     PatchData.obj
 0001:000002a4       ??_C@_0P@KAHCKGIP@ProcessMessage?$AA@ 880006a4     PatchData.obj
 0001:000002b4       ??_C@_0O@KKPANLEM@LoadTimeLight?$AA@ 880006b4     PatchData.obj
 0001:000002c4       ??_C@_0N@NCPCFKIF@DebugCommand?$AA@ 880006c4     PatchData.obj
 0001:000002d4       ??_C@_08BPMGPJFA@LoadShot?$AA@ 880006d4     PatchData.obj
 0001:000002e0       ??_C@_09LDAMDJAP@LoadEnemy?$AA@ 880006e0     PatchData.obj
 0001:000002ec       ??_C@_0O@FFNEGFFH@LoadExplosion?$AA@ 880006ec     PatchData.obj
 0001:000002fc       ??_C@_0BC@KOOKAOKJ@LoadObjectPhysics?$AA@ 880006fc     PatchData.obj
 0001:00000310       ??_C@_0N@CPEPFLMC@LoadRaderMap?$AA@ 88000710     PatchData.obj
 0001:00000320       ??_C@_0BB@BBEJLDLN@LoadTownsmanInfo?$AA@ 88000720     PatchData.obj
 0001:00000334       ??_C@_0M@PDGMIMBK@LoadKynapse?$AA@ 88000734     PatchData.obj
 0001:00000340       ??_C@_0BB@JKJKPECJ@LoadRenderScript?$AA@ 88000740     PatchData.obj
 0001:00000354       ??_C@_0BA@IEGEPFPO@LoadCameraParam?$AA@ 88000754     PatchData.obj
 0001:00000364       ??_C@_0O@EAILCOCA@LoadVoiceBank?$AA@ 88000764     PatchData.obj
 0001:00000374       ??_C@_0O@CHDNHDGF@LoadSoundBank?$AA@ 88000774     PatchData.obj
 0001:00000384       ??_C@_0BE@EKJLNALO@LoadReflectionAreas?$AA@ 88000784     PatchData.obj
 0001:00000398       ??_C@_0BA@LHIKPDPD@LoadSceneEnvMap?$AA@ 88000798     PatchData.obj
 0001:000003a8       ??_C@_09DPEPMAPK@LoadLight?$AA@ 880007a8     PatchData.obj
 0001:000003b4       ??_C@_0BA@EOGJOOKO@LoadSceneParams?$AA@ 880007b4     PatchData.obj
 0001:000003c4       ??_C@_0N@KFINAAFH@LoadParticle?$AA@ 880007c4     PatchData.obj
 0001:000003d4       ??_C@_08NDGKNNMG@LoadPath?$AA@ 880007d4     PatchData.obj
 0001:000003e0       ??_C@_0N@BCPMPIIE@LoadStageSet?$AA@ 880007e0     PatchData.obj
 0001:000003f0       ??_C@_07FFMMIAHI@LoadSky?$AA@ 880007f0     PatchData.obj
 0001:000003f8       ??_C@_0M@LPDNLJAC@LoadTerrain?$AA@ 880007f8     PatchData.obj
 0001:00000404       ??_C@_0L@LBNCCEIE@SetGenArea?$AA@ 88000804     PatchData.obj
 0001:00000410       ??_C@_07FIDMEHHA@StopBGM?$AA@ 88000810     PatchData.obj
 0001:00000418       ??_C@_07LFJIJBDL@PlayBGM?$AA@ 88000818     PatchData.obj
 0001:00000420       ??_C@_06CPODCDOI@Signal?$AA@ 88000820     PatchData.obj
 0001:00000428       ??_C@_0BC@OEDNGBOA@StartEntityByName?$AA@ 88000828     PatchData.obj
 0001:0000043c       ??_C@_09MNCLHEIB@SetPlayer?$AA@ 8800083c     PatchData.obj
 0001:00000448       ??_C@_05KJNJLLGA@level?$AA@ 88000848     PatchData.obj
 0001:00000450       ??_C@_06OLONEIEH@script?$AA@ 88000850     PatchData.obj
 0001:00000458       ??_C@_04CFDJAKFL@math?$AA@ 88000858     PatchData.obj
 0001:00000460       ??_C@_05IJDJACGD@print?$AA@ 88000860     PatchData.obj
 0001:00000468       ??_C@_0BC@KFDIHAAK@GetPlayerPosition?$AA@ 88000868     PatchData.obj
 0001:0000047c       ??_C@_0BC@MLHKCANA@GetPlayerRawInput?$AA@ 8800087c     PatchData.obj
 0001:00000490       ??_C@_0P@JAIKHAJK@GetPlayerInput?$AA@ 88000890     PatchData.obj
 0001:000004a0       ??_C@_0O@IGMPDDHL@controller_4p?$AA@ 880008a0     PatchData.obj
 0001:000004b0       ??_C@_0O@IDIACFPO@controller_3p?$AA@ 880008b0     PatchData.obj
 0001:000004c0       ??_C@_0O@ICECEPMJ@controller_2p?$AA@ 880008c0     PatchData.obj
 0001:000004d0       ??_C@_0O@IAAEPBJA@controller_1p?$AA@ 880008d0     PatchData.obj
 0001:000004e0       ??_C@_09EEGDHGMK@4p_cursor?$AA@ 880008e0     PatchData.obj
 0001:000004ec       ??_C@_09KGLPGNLD@3p_cursor?$AA@ 880008ec     PatchData.obj
 0001:000004f8       ??_C@_09EJHNAGIN@2p_cursor?$AA@ 880008f8     PatchData.obj
 0001:00000504       ??_C@_09KCEKLNIO@1p_cursor?$AA@ 88000904     PatchData.obj
 0001:00000510       ??_C@_07HHPHIJMD@4p_name?$AA@ 88000910     PatchData.obj
 0001:00000518       ??_C@_07HNDCIANK@3p_name?$AA@ 88000918     PatchData.obj
 0001:00000520       ??_C@_07LBJIIAEE@2p_name?$AA@ 88000920     PatchData.obj
 0001:00000528       ??_C@_07DPBHIHKH@1p_name?$AA@ 88000928     PatchData.obj
 0001:00000530       ??_C@_0BD@BPAGINMC@SUPER?5SONIC?5RACING?$AA@ 88000930     PatchData.obj
 0001:00000544       ??_C@_0O@PCEMOCLB@asdfasgasgasg?$AA@ 88000944     PatchData.obj
 0001:000005d4       ??_7exception@std@@6B@     880009d4     PatchData.obj
 0001:000005dc       ??_C@_0BC@EOODALEL@Unknown?5exception?$AA@ 880009dc     PatchData.obj
 0001:000005f0       ??_7bad_alloc@std@@6B@     880009f0     PatchData.obj
 0001:000005f8       ??_7bad_cast@std@@6B@      880009f8     PatchData.obj
 0001:00000600       ??_7facet@locale@std@@6B@  88000a00     PatchData.obj
 0001:00000604       ??_7ios_base@std@@6B@      88000a04     PatchData.obj
 0001:00000608       ??_7IDestructible@Memory@SoX@Sonicteam@@6B@ 88000a08     PatchData.obj
 0001:0000060c       ??_7sp_counted_base@detail@boost@@6B@ 88000a0c     PatchData.obj
 0001:0000061c       ??_7bad_weak_ptr@boost@@6B@ 88000a1c     PatchData.obj
 0001:00000624       ??_C@_0BE@GLILEGNA@boost?3?3bad_weak_ptr?$AA@ 88000a24     PatchData.obj
 0001:00000638       ??_7Object2@PlayerState@Marathon@@6B@ 88000a38     PatchData.obj
 0001:00000664       ??_7CommonObject@PlayerState@Marathon@@6B@ 88000a64     PatchData.obj
 0001:000006c8       ??_7StateWait@SonicStates@Multiplayer4P@@6B@ 88000ac8     PatchData.obj
 0001:000006f4       __real@447a0000            88000af4     PatchData.obj
 0001:000006f8       ??_C@_07JNBKOHNN@RStickY?$AA@ 88000af8     PatchData.obj
 0001:00000700       ??_C@_07IEABNGJM@RStickX?$AA@ 88000b00     PatchData.obj
 0001:00000708       ??_C@_07PECLMEME@LStickY?$AA@ 88000b08     PatchData.obj
 0001:00000710       ??_C@_07ONDAPFIF@LStickX?$AA@ 88000b10     PatchData.obj
 0001:00000718       ??_C@_07PGMKDIBI@Buttons?$AA@ 88000b18     PatchData.obj
 0001:00000720       __real@0000000000000000    88000b20     PatchData.obj
 0001:00000728       __real@403e000000000000    88000b28     PatchData.obj
 0001:00000730       __real@43f00000            88000b30     PatchData.obj
 0001:00000738       __real@407e000000000000    88000b38     PatchData.obj
 0001:00000740       ??_C@_15EFJJBKDF@S?$AAF?$AA?$AA?$AA@ 88000b40     PatchData.obj
 0001:00000746       ??_C@_00CNPNBAHC@?$AA@     88000b46     PatchData.obj
 0001:00000748       __real@4024000000000000    88000b48     PatchData.obj
 0001:00000750       __real@3fb5555555555555    88000b50     PatchData.obj
 0001:00000758       __real@4014000000000000    88000b58     PatchData.obj
 0001:00000760       __real@3f91111111111111    88000b60     PatchData.obj
 0001:00000768       __real@43480000            88000b68     PatchData.obj
 0001:0000076c       __real@3c9ba5e3            88000b6c     PatchData.obj
 0001:00000770       __real@3fb99999a0000000    88000b70     PatchData.obj
 0001:00000778       __real@3d0f5c29            88000b78     PatchData.obj
 0001:00000780       __real@3fd0000000000000    88000b80     PatchData.obj
 0001:00000788       __real@3fe4cccccccccccd    88000b88     PatchData.obj
 0001:00000790       ??_C@_06OGMGCFPO@option?$AA@ 88000b90     PatchData.obj
 0001:00000798       ??_C@_05IGEEMEHJ@text3?$AA@ 88000b98     PatchData.obj
 0001:000007a0       __real@41a80000            88000ba0     PatchData.obj
 0001:000007a4       ??_C@_0M@BOBAKBPP@main_deside?$AA@ 88000ba4     PatchData.obj
 0001:000007b0       ??_C@_09OHNKGEPA@main_menu?$AA@ 88000bb0     PatchData.obj
 0001:000007bc       ??_C@_0BA@BPGDPJAB@tagstory_select?$AA@ 88000bbc     PatchData.obj
 0001:000007d0       __real@3f847ae147ae147b    88000bd0     PatchData.obj
 0001:000007d8       ??_7?$basic_ostream@DU?$char_traits@D@std@@@std@@6B@ 88000bd8     PatchData.obj
 0001:000007dc       ??_7?$basic_istream@DU?$char_traits@D@std@@@std@@6B@ 88000bdc     PatchData.obj
 0001:000007e0       ??_7?$basic_iostream@DU?$char_traits@D@std@@@std@@6B@ 88000be0     PatchData.obj
 0001:000007e4       ??_7?$basic_ios@DU?$char_traits@D@std@@@std@@6B@ 88000be4     PatchData.obj
 0001:000007e8       ??_7?$sp_counted_impl_p@VStateWait@SonicStates@Multiplayer4P@@@detail@boost@@6B@ 88000be8     PatchData.obj
 0001:000007f8       ??_C@_0BD@GMAEKPME@DLL?1sprites_4P?4arc?$AA@ 88000bf8     PatchData.obj
 0001:0000080c       ??_C@_0BD@OGCCPCH@DLL?1scripts_4P?4arc?$AA@ 88000c0c     PatchData.obj
 0001:00000820       ??_C@_0BB@KAKKHMNI@DLL?1cache_4P?4arc?$AA@ 88000c20     PatchData.obj
 0001:00000834       ??_C@_0N@FHFBIKKI@window_close?$AA@ 88000c34     PatchData.obj
 0001:00000844       ??_C@_0L@NHKACJPF@DebugLabel?$AA@ 88000c44     PatchData.obj
 0001:00000850       __real@3ff0000000000000    88000c50     PatchData.obj
 0001:00000858       ??_C@_05JODGIKH@Light?$AA@ 88000c58     PatchData.obj
 0001:00000860       ??_C@_05PGGNCNKK@gauge?$AA@ 88000c60     PatchData.obj
 0001:00000868       ??_7TailsContextEX@TailsGauge@@6BIExportWeaponRequestFlag@@@ 88000c68     PatchData.obj
 0001:00000870       ??_7TailsContextEX@TailsGauge@@6BIExportPostureRequestFlag@Player@Sonicteam@@@ 88000c70     PatchData.obj
 0001:00000878       ??_7TailsContextEX@TailsGauge@@6BICommonContext@State@Player@Sonicteam@@@ 88000c78     PatchData.obj
 0001:00000894       ??_7TailsContextEX@TailsGauge@@6BIFlagCommunicator@Player@Sonicteam@@@ 88000c94     PatchData.obj
 0001:000008c8       ??_7TailsContextEX@TailsGauge@@6BIDynamicLink@Player@Sonicteam@@@ 88000cc8     PatchData.obj
 0001:000008d0       ??_7TailsContextEX@TailsGauge@@6BIVariable@Player@Sonicteam@@@ 88000cd0     PatchData.obj
 0001:000008d4       ??_7TailsContextEX@TailsGauge@@6BIPlugIn@Player@Sonicteam@@@ 88000cd4     PatchData.obj
 0001:00000938       ??_7?$basic_streambuf@DU?$char_traits@D@std@@@std@@6B@ 88000d38     PatchData.obj
 0001:00000970       ??_7?$basic_stringbuf@DU?$char_traits@D@std@@V?$allocator@D@2@@std@@6B@ 88000d70     PatchData.obj
 0001:000009a8       ??_7?$basic_stringstream@DU?$char_traits@D@std@@V?$allocator@D@2@@std@@6B@ 88000da8     PatchData.obj
 0001:00000b28       ??_C@_01POHCFINO@Z?$AA@    88000f28     PatchData.obj
 0001:00000b2c       ??_C@_01NFFPALBN@Y?$AA@    88000f2c     PatchData.obj
 0001:00000b30       ??_C@_01MMEEDKFM@X?$AA@    88000f30     PatchData.obj
 0001:00000b34       ??_C@_1M@HOEACIBF@E?$AAR?$AAR?$AAO?$AAR?$AA?$AA?$AA@ 88000f34     PatchData.obj
 0001:00000c60       ??_C@_0L@MKKFCCBD@shader?4pkg?$AA@ 88001060     PatchData.obj
 0001:00000d50       ??_7logic_error@std@@6B@   88001150     PatchData.obj
 0001:00000d58       ??_7runtime_error@std@@6B@ 88001158     PatchData.obj
 0001:00000df8       ??_7length_error@std@@6B@  880011f8     PatchData.obj
 0001:00000e00       ??_7out_of_range@std@@6B@  88001200     PatchData.obj
 0001:00000e40       ??_7failure@ios_base@std@@6B@ 88001240     PatchData.obj
 0001:00000e48       ??_C@_0BD@OLBABOEK@vector?$DMT?$DO?5too?5long?$AA@ 88001248     PatchData.obj
 0001:00000f40       ??_C@_0BA@ELKIONDK@bad?5locale?5name?$AA@ 88001340     PatchData.obj
 0001:00001000       ??_C@_01GFHCPBMG@C?$AA@    88001400     PatchData.obj
 0001:00001004       ??_7?$ctype@D@std@@6B@     88001404     PatchData.obj
 0001:00001078       ??_C@_0BF@OOHOMBOF@ios_base?3?3eofbit?5set?$AA@ 88001478     PatchData.obj
 0001:00001090       ??_C@_0BG@FMKFHCIL@ios_base?3?3failbit?5set?$AA@ 88001490     PatchData.obj
 0001:000010a8       ??_C@_0BF@PHHKMMFD@ios_base?3?3badbit?5set?$AA@ 880014a8     PatchData.obj
 0001:00001128       ??_C@_0M@GKIFPNAD@SetPosition?$AA@ 88001528     PatchData.obj
 0001:00001134       ??_C@_07NIJDBDAG@SetText?$AA@ 88001534     PatchData.obj
 0001:0000113c       ??_C@_07NHABFFHN@__index?$AA@ 8800153c     PatchData.obj
 0001:00001144       ??_C@_04BDLIKKMN@__gc?$AA@ 88001544     PatchData.obj
 0001:0000114c       ??_C@_06BALNJMNP@player?$AA@ 8800154c     PatchData.obj
 0001:00001154       ??_C@_03EDMBFDDG@bit?$AA@  88001554     PatchData.obj
 0001:00001158       __real@4034000000000000    88001558     PatchData.obj
 0001:00001160       ??_C@_0BE@CBGBCBAD@c_before_dizzy_time?$AA@ 88001560     PatchData.obj
 0001:000012a0       ??_C@_0BM@PAPJHAGI@invalid?5map?1set?$DMT?$DO?5iterator?$AA@ 880016a0     PatchData.obj
 0001:000013c0       ??_C@_08EPJLHIJG@bad?5cast?$AA@ 880017c0     PatchData.obj
 0001:00001418       ??_7?$num_put@DV?$ostreambuf_iterator@DU?$char_traits@D@std@@@std@@@std@@6B@ 88001818     PatchData.obj
 0001:00001478       ??_C@_05LAPONLG@false?$AA@ 88001878     PatchData.obj
 0001:00001480       ??_C@_04LOAJBDKD@true?$AA@ 88001880     PatchData.obj
 0001:000014f0       ??_7?$num_get@DV?$istreambuf_iterator@DU?$char_traits@D@std@@@std@@@std@@6B@ 880018f0     PatchData.obj
 0001:00001590       ??_7?$numpunct@D@std@@6B@  88001990     PatchData.obj
 0001:00001750       ??_C@_0BE@JONHPENG@map?1set?$DMT?$DO?5too?5long?$AA@ 88001b50     PatchData.obj
 0001:00001980       ??_8?$basic_istream@DU?$char_traits@D@std@@@std@@7B@ 88001d80     PatchData.obj
 0001:00001b68       ??_C@_08PJBAJFMP@mainmenu?$AA@ 88001f68     PatchData.obj
 0001:00001b74       ??_C@_0CL@KMEAFGIL@wvo?1tag?1a?3scripts?1mission?13000?1m@ 88001f74     PatchData.obj
 0001:00001ba0       ??_C@_0CI@IDHFCNCE@?3scripts?1mission?14000?1mission_b4@ 88001fa0     PatchData.obj
 0001:00001bc8       ??_C@_0CI@EICJPOIB@?3scripts?1mission?14000?1mission_b4@ 88001fc8     PatchData.obj
 0001:00001bf0       ??_C@_0CI@MOLNIMCP@?3scripts?1mission?14000?1mission_b4@ 88001ff0     PatchData.obj
 0001:00001c18       ??_C@_0CI@FOBFPIK@?3scripts?1mission?14000?1mission_b4@ 88002018     PatchData.obj
 0001:00001c40       ??_C@_0CI@BIOEGPDC@?3scripts?1mission?14000?1mission_b4@ 88002040     PatchData.obj
 0001:00001c68       ??_C@_0CI@NDLILMJH@?3scripts?1mission?14000?1mission_b4@ 88002068     PatchData.obj
 0001:00001c90       ??_C@_0CI@FFCMMODJ@?3scripts?1mission?14000?1mission_b4@ 88002090     PatchData.obj
 0001:00001cb8       ??_C@_05OLLLNAFN@omega?$AA@ 880020b8     PatchData.obj
 0001:00001cc0       ??_C@_08OHINOJMA@knuckles?$AA@ 880020c0     PatchData.obj
 0001:00001ccc       ??_C@_05BKEGAAOD@rouge?$AA@ 880020cc     PatchData.obj
 0001:00001cd4       ??_C@_03ODNDCKEJ@amy?$AA@  880020d4     PatchData.obj
 0001:00001cd8       ??_C@_05HJCNOPIO@tails?$AA@ 880020d8     PatchData.obj
 0001:00001ce0       ??_C@_06NBGLMDBG@silver?$AA@ 880020e0     PatchData.obj
 0001:00001ce8       ??_C@_06GIFHDKIF@shadow?$AA@ 880020e8     PatchData.obj
 0001:00001cf0       ??_C@_09JICGBPPM@sonic_new?$AA@ 880020f0     PatchData.obj
 0001:00001cfc       ??_C@_05JFLFIIED@blaze?$AA@ 880020fc     PatchData.obj
 0001:00001d68       ??_C@_0CL@EENDMONP@?$GAtostring?8?5must?5return?5a?5string?5@ 88002168     PatchData.obj
 0001:00001d94       ??_C@_01EEMJAFIK@?6?$AA@   88002194     PatchData.obj
 0001:00001d98       ??_C@_08FNIIFOJC@tostring?$AA@ 88002198     PatchData.obj
 0001:00001da4       ??_C@_1CE@MNGNNBMK@D?$AAe?$AAb?$AAu?$AAg?$AA?4?$AAL?$AAo?$AAg?$AA?$CI?$AAR?$AAe?$AAs?$AAu?$AAl?$AAt?$AA?$CJ?$AA?$AA?$AA@ 880021a4     PatchData.obj
 0001:00001dc8       ??_C@_01HMGJMAIH@B?$AA@    880021c8     PatchData.obj
 0001:00001dcc       ??_C@_01BBODEMC@G?$AA@     880021cc     PatchData.obj
 0001:00001dd0       ??_C@_01DGKLNCNG@R?$AA@    880021d0     PatchData.obj
 0001:00001dd4       ??_C@_04OKOFBOPB@Time?$AA@ 880021d4     PatchData.obj
 0001:00001ddc       ??_C@_0N@PBGPJMJA@Bloom_MinThr?$AA@ 880021dc     PatchData.obj
 0001:00001dec       ??_C@_0N@PCJMHMNP@Bloom_MaxThr?$AA@ 880021ec     PatchData.obj
 0001:00001dfc       ??_C@_0M@LBKMGDLI@Bloom_Scale?$AA@ 880021fc     PatchData.obj
 0001:00001e08       ??_C@_08NAMMHJCC@SunColor?$AA@ 88002208     PatchData.obj
 0001:00001e14       ??_C@_0N@HFEJFJCA@AmbientColor?$AA@ 88002214     PatchData.obj
 0001:00001e24       ??_C@_0M@FNLFONDM@LightColor0?$AA@ 88002224     PatchData.obj
 0001:00001e30       ??_C@_0M@EEKONMHN@LightColor1?$AA@ 88002230     PatchData.obj
 0001:00001e3c       ??_C@_04MNACKHEK@BRay?$AA@ 8800223c     PatchData.obj
 0001:00001e44       ??_C@_04CNBMOMGG@BMie?$AA@ 88002244     PatchData.obj
 0001:00001e4c       ??_C@_0BN@LLEPCDHM@LightColor0_Direction_3dsmax?$AA@ 8800224c     PatchData.obj
 0001:00001e6c       ??_C@_0BN@GMKNKDCE@LightColor1_Direction_3dsmax?$AA@ 8800226c     PatchData.obj
 0001:00001e8c       ??_C@_0P@NOMCCNOD@TimeLightTable?$AA@ 8800228c     PatchData.obj
 0001:000020f8       ??_8?$basic_ostream@DU?$char_traits@D@std@@@std@@7B@ 880024f8     PatchData.obj
 0001:00002138       ??_8?$basic_iostream@DU?$char_traits@D@std@@@std@@7B?$basic_ostream@DU?$char_traits@D@std@@@1@@ 88002538     PatchData.obj
 0001:00002140       ??_8?$basic_iostream@DU?$char_traits@D@std@@@std@@7B?$basic_istream@DU?$char_traits@D@std@@@1@@ 88002540     PatchData.obj
 0001:00002220       ??_C@_01KGKMHCOC@e?$AA@    88002620     PatchData.obj
 0001:00002224       ??_C@_01DDCIFGEA@E?$AA@    88002624     PatchData.obj
 0001:00002308       ??_C@_0BH@HHDGIIFB@0123456789abcdefABCDEF?$AA@ 88002708     PatchData.obj
 0001:00002450       ??_8?$basic_stringstream@DU?$char_traits@D@std@@V?$allocator@D@2@@std@@7B?$basic_ostream@DU?$char_traits@D@std@@@1@@ 88002850     PatchData.obj
 0001:00002458       ??_8?$basic_stringstream@DU?$char_traits@D@std@@V?$allocator@D@2@@std@@7B?$basic_istream@DU?$char_traits@D@std@@@1@@ 88002858     PatchData.obj
 0001:00002500       ??_C@_02EAOCLKAK@ld?$AA@   88002900     PatchData.obj
 0001:00002504       ??_C@_02BDDLJJBK@lu?$AA@   88002904     PatchData.obj
 0001:00002508       ??_C@_02HIKPPMOK@Ld?$AA@   88002908     PatchData.obj
 0001:0000250c       ??_C@_02CLHGNPPK@Lu?$AA@   8800290c     PatchData.obj
 0001:00002510       __real@38aa95a5b7f87a0f    88002910     PatchData.obj
 0001:00002518       __real@4202a05f20000000    88002918     PatchData.obj
 0001:00002520       __real@3ddb7cdfd9d7bdbb    88002920     PatchData.obj
 0001:00002528       __real@4733426172c74d82    88002928     PatchData.obj
 0001:00002530       ??_C@_02BBAHNLBA@?$CFp?$AA@ 88002930     PatchData.obj
 0001:00002960       ??_C@_01JOAMLHOP@?9?$AA@   88002d60     PatchData.obj
 0001:00002964       ??_C@_01NEMOKFLO@?$DN?$AA@ 88002d64     PatchData.obj
 0001:00002968       ??_C@_0BK@GAKALDJM@Not?5Supported?5LUA_TTHREAD?$AA@ 88002d68     PatchData.obj
 0001:00002984       ??_C@_0BM@HIHFGJLH@Not?5Supported?5LUA_TUSERDATA?$AA@ 88002d84     PatchData.obj
 0001:000029a0       ??_C@_0BM@NDGFHEHD@Not?5Supported?5LUA_TFUNCTION?$AA@ 88002da0     PatchData.obj
 0001:000029bc       ??_C@_0BE@GDJGJAFA@Table?5Not?5Supported?$AA@ 88002dbc     PatchData.obj
 0001:000029d0       ??_C@_03IGPHLJKL@NIL?$AA@  88002dd0     PatchData.obj
 0001:000029d4       ??_C@_0L@IHINHPEG@Type?5?3?5?$DP?$DP?5?$AA@ 88002dd4     PatchData.obj
 0001:000029e0       ??_C@_1BA@JJKCDKLG@L?$AAo?$AAg?$AAN?$AAe?$AAx?$AAt?$AA?$AA?$AA@ 88002de0     PatchData.obj
 0001:000029f0       ??_C@_01GBGANLPD@0?$AA@    88002df0     PatchData.obj
 0001:00002a38       ??_C@_08KINPOOEP@specific?$AA@ 88002e38     PatchData.obj
 0001:00002a44       ??_C@_06DBHEJNGA@common?$AA@ 88002e44     PatchData.obj
 0001:00002b30       ??_C@_01HIHLOKLC@1?$AA@    88002f30     PatchData.obj
 0001:00002c28       ??_C@_06FIFCPOPP@GetInt?$AA@ 88003028     PatchData.obj
 0001:00002c30       ??_C@_07IPMOHMKG@GetByte?$AA@ 88003030     PatchData.obj
 0001:00002c38       ??_C@_08NBPJKCLA@WriteInt?$AA@ 88003038     PatchData.obj
 0001:00002c44       ??_C@_09GJCEILPL@WriteByte?$AA@ 88003044     PatchData.obj
 0001:00002c50       ??_C@_06LEBJIAPJ@Memory?$AA@ 88003050     PatchData.obj
 0001:00002c58       ??_C@_03ODPDPMAI@Bit?$AA@  88003058     PatchData.obj
 0001:00002c5c       ??_C@_0O@FEECHBDO@ContextModule?$AA@ 8800305c     PatchData.obj
 0001:00002c6c       ??_C@_0N@BEJMAIFN@HideParticle?$AA@ 8800306c     PatchData.obj
 0001:00002c7c       ??_C@_0N@NMINILNK@ShowParticle?$AA@ 8800307c     PatchData.obj
 0001:00002c8c       ??_C@_07FJPHLACI@Connect?$AA@ 8800308c     PatchData.obj
 0001:00002c94       ??_C@_0N@OAHHGGNK@EffectModule?$AA@ 88003094     PatchData.obj
 0001:00002ca4       ??_C@_09MAIOPIDL@SonicTeam?$AA@ 880030a4     PatchData.obj
 0001:00002cb0       ??_C@_06DGFOANMH@reload?$AA@ 880030b0     PatchData.obj
 0001:00002cb8       ??_C@_0P@EFPCFNFG@CallCPLUSFuncF?$AA@ 880030b8     PatchData.obj
 0001:00002cc8       ??_C@_0L@PJIBAOLP@FreeString?$AA@ 880030c8     PatchData.obj
 0001:00002cd4       ??_C@_09DCAFAGJ@NewString?$AA@ 880030d4     PatchData.obj
 0001:00002ce0       ??_C@_04HJMOFLDF@Free?$AA@ 880030e0     PatchData.obj
 0001:00002ce8       ??_C@_06KEIOIOEJ@Malloc?$AA@ 880030e8     PatchData.obj
 0001:00002cf0       ??_C@_03IECIMIEG@HEX?$AA@  880030f0     PatchData.obj
 0001:00002cf4       ??_C@_0O@LCLOMHII@CallCPLUSFunc?$AA@ 880030f4     PatchData.obj
 0001:00002d04       ??_C@_0P@NFKELHOI@AddCustomState?$AA@ 88003104     PatchData.obj
 0001:00002d14       ??_C@_0BB@HFHOIDHC@StateChangeState?$AA@ 88003114     PatchData.obj
 0001:00002d28       ??_C@_0BH@PMFFPDNB@WriteVirtualBytesRange?$AA@ 88003128     PatchData.obj
 0001:00002d40       ??_C@_0BD@LGNMOOMO@WriteVirtualString?$AA@ 88003140     PatchData.obj
 0001:00002d54       ??_C@_0BC@MOCIEEEP@WriteVirtualShort?$AA@ 88003154     PatchData.obj
 0001:00002d68       ??_C@_0BC@HGNDGMIO@WriteVirtualFloat?$AA@ 88003168     PatchData.obj
 0001:00002d7c       ??_C@_0BC@HIIJGEGO@WriteVirtualDword?$AA@ 8800317c     PatchData.obj
 0001:00002d90       ??_C@_0BC@IKBCNIOP@WriteVirtualBytes?$AA@ 88003190     PatchData.obj
 0001:00002da4       ??_C@_0BC@MAOGGJIK@WriteVirtialBytes?$AA@ 880031a4     PatchData.obj
 0001:00002db8       ??_C@_0O@ENLNECGO@GetFloatField?$AA@ 880031b8     PatchData.obj
 0001:00002dc8       ??_C@_0O@DCKDPBBJ@SetFloatField?$AA@ 880031c8     PatchData.obj
 0001:00002dd8       ??_C@_0M@LPBODKIC@SetIntField?$AA@ 880031d8     PatchData.obj
 0001:00002de4       ??_C@_0M@LAAAOMAB@GetIntField?$AA@ 880031e4     PatchData.obj
 0001:00002df0       ??_C@_0N@KEOCIOJH@FixedMessage?$AA@ 880031f0     PatchData.obj
 0001:00002e00       ??_C@_04IBJCACNB@DLOG?$AA@ 88003200     PatchData.obj
 0001:00002e08       ??_C@_03MLIHNEFJ@LOG?$AA@  88003208     PatchData.obj
 0001:00002e60       ??_C@_0BF@FMBCMEMK@game?3?2common?2DLL?4lua?$AA@ 88003260     PatchData.obj
 0001:00002e78       ??_C@_0BL@LNHFIIMH@game?3?2common?2QuickBoot?4lua?$AA@ 88003278     PatchData.obj
 0001:00002e94       ??_C@_0BC@IADDPLBE@SetPlayerPosition?$AA@ 88003294     LuaExtension.obj
 0001:00002ed8       ??_7placeholder@any@boost@@6B@ 880032d8     LuaExtension.obj
 0001:00002ee4       ??_C@_0CJ@NNCDOHPG@?$CIX?5?$DN?5?$CF?43f?0?5Y?5?$DN?5?$CF?43f?0?5Z?5?$DN?5?$CF?43f?0?5W@ 880032e4     LuaExtension.obj
 0001:00002f10       ??_C@_06BOOCMPNK@Vector?$AA@ 88003310     LuaExtension.obj
 0001:00002f18       __real@471c4000            88003318     LuaExtension.obj
 0001:00002f1c       ??_C@_06NPAAKFED@Player?$AA@ 8800331c     LuaExtension.obj
 0001:00002f24       ??_C@_09CJBPFCDC@Cameraman?$AA@ 88003324     LuaExtension.obj
 0001:00002f30       ??_C@_05FKHKFDID@index?$AA@ 88003330     LuaExtension.obj
 0001:00002f38       ??_C@_03PLHFFLIH@ptr?$AA@  88003338     LuaExtension.obj
 0001:00002f3c       ??_C@_0BA@IGIEOGCA@MessageReceiver?$AA@ 8800333c     LuaExtension.obj
 0001:00002f4c       ??_C@_0BA@PEBFNCFN@MainDisplayTask?$AA@ 8800334c     LuaExtension.obj
 0001:00002f5c       ??_C@_02EGCJHIOB@id?$AA@   8800335c     LuaExtension.obj
 0001:00002f60       ??_C@_07PINAHOLI@GameImp?$AA@ 88003360     LuaExtension.obj
 0001:00002f68       ??_7bad_any_cast@boost@@6B@ 88003368     LuaExtension.obj
 0001:00002f70       ??_C@_0DN@JCOLGIHB@boost?3?3bad_any_cast?3?5failed?5conv@ 88003370     LuaExtension.obj
 0001:00002fb0       ??_C@_05HFNNBAII@__sub?$AA@ 880033b0     LuaExtension.obj
 0001:00002fb8       ??_C@_05MEHDOBFN@__add?$AA@ 880033b8     LuaExtension.obj
 0001:00002fc0       ??_C@_0L@HDFPAPPH@__tostring?$AA@ 880033c0     LuaExtension.obj
 0001:00002fd0       __real@bff0000000000000    880033d0     LuaExtension.obj
 0001:00002fd8       ??_C@_0M@KOLHOMFC@SendMessage?$AA@ 880033d8     LuaExtension.obj
 0001:00002fe4       ??_7?$holder@_N@any@boost@@6B@ 880033e4     LuaExtension.obj
 0001:00002ff0       ??_7?$holder@M@any@boost@@6B@ 880033f0     LuaExtension.obj
 0001:00003200       ??_7?$holder@V?$basic_string@DU?$char_traits@D@std@@V?$allocator@D@2@@std@@@any@boost@@6B@ 88003600     LuaExtension.obj
 0001:00003488       ??_C@_05MHNANJII@sound?$AA@ 88003888     LuaExtension.obj
 0001:00003778       ??_C@_0M@NABBCHMD@ReloadSound?$AA@ 88003b78     LuaExtension.obj
 0001:00003784       ??_C@_0O@NDCKEPNI@ReloadContext?$AA@ 88003b84     LuaExtension.obj
 0001:00003794       ??_C@_09EBOJJMDP@OpenFrame?$AA@ 88003b94     LuaExtension.obj
 0001:000037a0       ??_C@_09FLFBCFAM@OpenModel?$AA@ 88003ba0     LuaExtension.obj
 0001:000037ac       ??_C@_0M@FFHNILPO@OpenPackage?$AA@ 88003bac     LuaExtension.obj
 0001:000037b8       ??_C@_09LMOGLFEL@OpenInput?$AA@ 88003bb8     LuaExtension.obj
 0001:000037c4       ??_C@_0BD@MMKKBDMF@OpenPostureControl?$AA@ 88003bc4     LuaExtension.obj
 0001:000037d8       ??_C@_0M@MMMBFCOI@SetActorPTR?$AA@ 88003bd8     LuaExtension.obj
 0001:000037e4       ??_C@_0L@BBHFMHMC@SetActorID?$AA@ 88003be4     LuaExtension.obj
 0001:000037f0       ??_C@_0L@PFKHAIL@GetActorID?$AA@ 88003bf0     LuaExtension.obj
 0001:000037fc       ??_C@_0L@EHHAJEJ@SetStateID?$AA@ 88003bfc     LuaExtension.obj
 0001:00003808       ??_C@_0L@BKFILOAA@GetStateID?$AA@ 88003c08     LuaExtension.obj
 0001:00003814       ??_C@_0M@GNIHGJGG@SetRotation?$AA@ 88003c14     LuaExtension.obj
 0001:00003820       ??_C@_0M@GCJJLPOF@GetRotation?$AA@ 88003c20     LuaExtension.obj
 0001:0000382c       ??_C@_0M@GFJLCLIA@GetPosition?$AA@ 88003c2c     LuaExtension.obj
 0001:00003838       ??_C@_09KOHPDBNP@GetCamera?$AA@ 88003c38     LuaExtension.obj
 0001:00003844       ??_C@_07MMGEHGCI@GetName?$AA@ 88003c44     LuaExtension.obj
 0001:0000384c       ??_C@_04NGKMPNDN@Swap?$AA@ 88003c4c     LuaExtension.obj
 0001:00003854       ??_C@_06PJODDEFL@Reload?$AA@ 88003c54     LuaExtension.obj
 0001:0000385c       ??_C@_06JPGBAFII@GetPTR?$AA@ 88003c5c     LuaExtension.obj
 0001:00003aa8       ??_C@_04HGGBINEM@?$CFs?$CFd?$AA@ 88003ea8     LuaExtension.obj
 0001:00003ab0       ??_C@_04GOEDGNCF@area?$AA@ 88003eb0     LuaExtension.obj
 0001:00003ab8       ??_C@_04CEJDCDCH@test?$AA@ 88003eb8     LuaExtension.obj
 0001:00003ac0       ??_C@_08PKKGOGAD@particle?$AA@ 88003ec0     LuaExtension.obj
 0001:00003acc       ??_C@_07JFLJPODK@pathobj?$AA@ 88003ecc     LuaExtension.obj
 0001:00003ad4       ??_C@_06LOJGPIE@design?$AA@ 88003ed4     LuaExtension.obj
 0001:00003adc       ??_C@_09IFFAOFNA@Placement?$AA@ 88003edc     LuaExtension.obj
 0001:00003ae8       ??_C@_08GFJPCMMD@Rotation?$AA@ 88003ee8     LuaExtension.obj
 0001:00003af4       ??_C@_08GCJNLIKG@Position?$AA@ 88003ef4     LuaExtension.obj
 0001:00003b00       ??_C@_07DLHCIBDH@default?$AA@ 88003f00     LuaExtension.obj
 0001:00003b30       ??_C@_08LNDLEIN@GetFLOAT?$AA@ 88003f30     LuaExtension_Memory.obj
 0001:00003b3c       ??_C@_08PKPPKHPA@SetFLOAT?$AA@ 88003f3c     LuaExtension_Memory.obj
 0001:00003b48       ??_C@_08FIJLMGN@GetDWORD?$AA@ 88003f48     LuaExtension_Memory.obj
 0001:00003b54       ??_C@_08PEKFKPBA@SetDWORD?$AA@ 88003f54     LuaExtension_Memory.obj
 0001:00003b60       ??_C@_07ICDFLBNK@GetBYTE?$AA@ 88003f60     LuaExtension_Memory.obj
 0001:00003b68       ??_C@_07HKMEIOAL@SetBYTE?$AA@ 88003f68     LuaExtension_Memory.obj
 0001:00003b70       ??_C@_0BA@MMCCGCIN@SetPointerValue?$AA@ 88003f70     LuaExtension_Memory.obj
 0001:00003b80       ??_C@_0L@GHODGCJC@GetPointer?$AA@ 88003f80     LuaExtension_Memory.obj
 0001:00003b8c       ??_C@_03BOJFLAKG@ADD?$AA@  88003f8c     LuaExtension_Memory.obj
 0001:00003be0       ??_C@_0L@HJMMNFNL@SetPointer?$AA@ 88003fe0     LuaExtension_Memory.obj
 0001:00003bec       ??_C@_04LCANPIEP@Move?$AA@ 88003fec     LuaExtension_Memory.obj
 0001:00003bf4       ??_C@_06HLKELJGF@memory?$AA@ 88003ff4     LuaExtension_Memory.obj
 0001:00003c50       ??_C@_0BG@GAIAJCJN@?$FLPrintF?$FNFailedMessage?$AA@ 88004050     MessagesUtil.obj
 0001:00003cc8       ??_C@_08FIOPJNHB@SComment?$AA@ 880040c8     DevTitle.obj
 0001:00003cd4       ??_C@_03OMFNLMOB@SID?$AA@  880040d4     DevTitle.obj
 0001:00003cd8       ??_C@_07PMOHFBHB@SPlayer?$AA@ 880040d8     DevTitle.obj
 0001:00003ce0       ??_C@_05FCHIGOMG@SArea?$AA@ 880040e0     DevTitle.obj
 0001:00003ce8       ??_C@_06EHLAKBBC@CStage?$AA@ 880040e8     DevTitle.obj
 0001:00003cf0       __real@43fa0000            880040f0     DevTitle.obj
 0001:00003cf4       __real@41200000            880040f4     DevTitle.obj
 0001:00003cf8       ??_C@_1CE@BAFPPBGL@?$DO?$AA?$DO?$AA?$FL?$AAS?$AAe?$AAl?$AAe?$AAc?$AAt?$AAe?$AAd?$AA?$FN?$AA?3?$AA?$FL?$AA?$FN?$AA?$DM?$AA?$DM?$AA?$AA?$AA@ 880040f8     DevTitle.obj
 0001:00003d1c       __real@44200000            8800411c     DevTitle.obj
 0001:00003d20       ??_C@_1M@GKJHBGDG@?$DO?$AA?$DO?$AA$?$AA?$DM?$AA?$DM?$AA?$AA?$AA@ 88004120     DevTitle.obj
 0001:00003d2c       ??_C@_0BC@PJDKPMNA@picture?$CIbutton_a?$CJ?$AA@ 8800412c     DevTitle.obj
 0001:00003d40       __real@42c80000            88004140     DevTitle.obj
 0001:00003d44       __real@43c80000            88004144     DevTitle.obj
 0001:00003d48       __real@44160000            88004148     DevTitle.obj
 0001:00003d88       ??_C@_0BH@OLIAAJIO@?$DO?$DO?$FLSelected?$FN?3?$FL?$CFs?$FN?$DM?$DM?5?3?5?$AA@ 88004188     DevTitle.obj
 0001:00003da0       ??_C@_0EA@BMOGFGIK@Stage?5?$DN?5?$FL?$CFs?$FN?6Area?5?$DN?5?$FL?$CFs?$FN?6Player?5@ 880041a0     DevTitle.obj
 0001:00003de0       ??_C@_08MAGGLAPN@?$DO?$DO?$FL?$CFs?$FN?$DM?$DM?$AA@ 880041e0     DevTitle.obj
 0001:00003dec       ??_C@_03KHICJKCI@?4?4?4?$AA@ 880041ec     DevTitle.obj
 0001:00003e00       ?str@IVarible@Player@Marathon@@2QBDB 88004200     Marathon.obj
 0001:00003e0c       ?flt@ICommonContextIF@State@Player@Marathon@@2MB 8800420c     Marathon.obj
 0001:00003e10       ??_7IDynamicLink@Player@Sonicteam@@6B@ 88004210     IDynamicLink.obj
 0001:00003e18       ??_7IExportPostureRequestFlag@Player@Sonicteam@@6B@ 88004218     IExportPostureRequestFlag.obj
 0001:00003e20       ??_7IExportWeaponRequestFlag@@6B@ 88004220     IExportWeaponRequestFlag.obj
 0001:00003e28       ??_7IFlagCommunicator@Player@Sonicteam@@6B@ 88004228     IFlagCommunicator.obj
 0001:00003e5c       ??_7IPlugIn@Player@Sonicteam@@6B@ 8800425c     IPlugIn.obj
 0001:00003ea8       ??_7CommonContext@State@Player@Sonicteam@@6BIExportWeaponRequestFlag@@@ 880042a8     CommonContext.obj
 0001:00003eb0       ??_7CommonContext@State@Player@Sonicteam@@6BIExportPostureRequestFlag@23@@ 880042b0     CommonContext.obj
 0001:00003eb8       ??_7CommonContext@State@Player@Sonicteam@@6BICommonContext@123@@ 880042b8     CommonContext.obj
 0001:00003ed4       ??_7CommonContext@State@Player@Sonicteam@@6BIFlagCommunicator@23@@ 880042d4     CommonContext.obj
 0001:00003f08       ??_7CommonContext@State@Player@Sonicteam@@6BIDynamicLink@23@@ 88004308     CommonContext.obj
 0001:00003f10       ??_7CommonContext@State@Player@Sonicteam@@6BIVariable@23@@ 88004310     CommonContext.obj
 0001:00003f14       ??_7CommonContext@State@Player@Sonicteam@@6BIPlugIn@23@@ 88004314     CommonContext.obj
 0001:00003fc0       ??_C@_0BC@CFCOJDDF@c_psi_throw_speed?$AA@ 880043c0     CommonContext.obj
 0001:00003fd4       ??_C@_0BC@MNEOLEKB@c_jump_speed_sand?$AA@ 880043d4     CommonContext.obj
 0001:00003fe8       ??_C@_0P@KMGGPCM@c_run_acc_sand?$AA@ 880043e8     CommonContext.obj
 0001:00003ff8       ??_C@_0BB@HOJGJOHL@c_brake_acc_sand?$AA@ 880043f8     CommonContext.obj
 0001:0000400c       ??_C@_06NGHOINJN@c_stun?$AA@ 8800440c     CommonContext.obj
 0001:00004014       ??_C@_0O@FJMDMKB@c_climb_speed?$AA@ 88004414     CommonContext.obj
 0001:00004024       ??_C@_0P@MHIONMNP@c_hovering_acc?$AA@ 88004424     CommonContext.obj
 0001:00004034       ??_C@_0BD@GCKJKJNB@c_flight_speed_max?$AA@ 88004434     CommonContext.obj
 0001:00004048       ??_C@_0BD@HACCENLO@c_flight_speed_min?$AA@ 88004448     CommonContext.obj
 0001:0000405c       ??_C@_0BD@ICMNAJJN@c_flight_speed_acc?$AA@ 8800445c     CommonContext.obj
 0001:00004070       ??_C@_0N@EBHLCEHM@c_flight_acc?$AA@ 88004470     CommonContext.obj
 0001:00004080       ??_C@_0O@BHIDPAEN@c_lclick_time?$AA@ 88004480     CommonContext.obj
 0001:00004090       ??_C@_0BA@JFKCFCMD@c_wallwait_time?$AA@ 88004490     CommonContext.obj
 0001:000040a0       ??_C@_0BL@LODPNBJM@c_dead_animation_time_coll?$AA@ 880044a0     CommonContext.obj
 0001:000040bc       ??_C@_0BG@IFAEILAJ@c_dead_animation_time?$AA@ 880044bc     CommonContext.obj
 0001:000040d4       ??_C@_0O@CCICFHEC@c_ottoto_time?$AA@ 880044d4     CommonContext.obj
 0001:000040e4       ??_C@_0P@GDHBICDH@c_landing_time?$AA@ 880044e4     CommonContext.obj
 0001:000040f4       ??_C@_0BB@BAMNAGHB@c_border_gravity?$AA@ 880044f4     CommonContext.obj
 0001:00004108       ??_C@_0M@KEMNGEDG@c_wind_dist?$AA@ 88004508     CommonContext.obj
 0001:00004114       ??_C@_0L@JAHCJNAM@c_wind_spd?$AA@ 88004514     CommonContext.obj
 0001:00004120       ??_C@_0M@NADLLOJI@c_wind_init?$AA@ 88004520     CommonContext.obj
 0001:0000412c       ??_C@_0P@NJLPNEFL@c_speedup_time?$AA@ 8800452c     CommonContext.obj
 0001:0000413c       ??_C@_0BC@NDJAIHKD@c_invincible_item?$AA@ 8800453c     CommonContext.obj
 0001:00004150       ??_C@_0BI@CGKHCFLJ@c_invincible_time_ring1?$AA@ 88004550     CommonContext.obj
 0001:00004168       ??_C@_0BC@CPFJIAGC@c_invincible_time?$AA@ 88004568     CommonContext.obj
 0001:0000417c       ??_C@_0BC@JOMELAKN@c_grind_brake_acc?$AA@ 8800457c     CommonContext.obj
 0001:00004190       ??_C@_0BF@GCDAPMPP@c_grind_penalty_time?$AA@ 88004590     CommonContext.obj
 0001:000041a8       ??_C@_0N@CDHHHCDL@c_grind_time?$AA@ 880045a8     CommonContext.obj
 0001:000041b8       ??_C@_0BC@IHBDHELD@c_grind_speed_max?$AA@ 880045b8     CommonContext.obj
 0001:000041cc       ??_C@_0M@GHBOBONF@c_grind_acc?$AA@ 880045cc     CommonContext.obj
 0001:000041d8       ??_C@_0BC@POCAKPIP@c_grind_speed_org?$AA@ 880045d8     CommonContext.obj
 0001:000041ec       ??_C@_0BD@DGGGOLAF@c_run_against_time?$AA@ 880045ec     CommonContext.obj
 0001:00004200       ??_C@_0P@JAKNGMCC@c_damage_speed?$AA@ 88004600     CommonContext.obj
 0001:00004210       ??_C@_0O@DLCGKECD@c_damage_jump?$AA@ 88004610     CommonContext.obj
 0001:00004220       ??_C@_0O@MJIMIDPD@c_damage_time?$AA@ 88004620     CommonContext.obj
 0001:00004230       ??_C@_0BF@NBJJFDGP@c_wait_no_input_time?$AA@ 88004630     CommonContext.obj
 0001:00004248       ??_C@_0BC@CDLGOPHB@c_brake_quick_acc?$AA@ 88004648     CommonContext.obj
 0001:0000425c       ??_C@_0L@LNOALFK@c_jump_run?$AA@ 8800465c     CommonContext.obj
 0001:00004268       ??_C@_0M@BJKDEPFL@c_jump_walk?$AA@ 88004668     CommonContext.obj
 0001:00004274       ??_C@_0N@EMLGBLDE@c_jump_speed?$AA@ 88004674     CommonContext.obj
 0001:00004284       ??_C@_0BD@FGDCJCP@c_jump_speed_brake?$AA@ 88004684     CommonContext.obj
 0001:00004298       ??_C@_0BB@JPFHKCID@c_jump_speed_acc?$AA@ 88004698     CommonContext.obj
 0001:000042ac       ??_C@_0N@GCBLBCHG@c_jump_brake?$AA@ 880046ac     CommonContext.obj
 0001:000042bc       ??_C@_0BA@DPOJIJEC@c_jump_time_min?$AA@ 880046bc     CommonContext.obj
 0001:000042cc       ??_C@_0BE@HMOILOI@c_speedup_speed_max?$AA@ 880046cc     CommonContext.obj
 0001:000042e0       ??_C@_0O@KAIFBNML@c_speedup_acc?$AA@ 880046e0     CommonContext.obj
 0001:000042f0       ??_C@_0BA@LNOCNMEJ@c_run_speed_max?$AA@ 880046f0     CommonContext.obj
 0001:00004300       ??_C@_09NEANCEHH@c_run_acc?$AA@ 88004700     CommonContext.obj
 0001:0000430c       ??_C@_0BB@BIFNMMIM@c_walk_speed_max?$AA@ 8800470c     CommonContext.obj
 0001:00004320       ??_C@_0O@CJKJNEOH@c_walk_border?$AA@ 88004720     CommonContext.obj
 0001:00004330       ??_C@_0BC@FABHELCN@c_brake_dashpanel?$AA@ 88004730     CommonContext.obj
 0001:00004344       ??_C@_0M@MLLGDCCG@c_brake_acc?$AA@ 88004744     CommonContext.obj
 0001:00004350       ??_C@_07GFBFDLBM@gravity?$AA@ 88004750     CommonContext.obj
 0001:00004878       ??_7ICommonContext@State@Player@Sonicteam@@6B@ 88004c78     ICommonContext.obj
 0001:00004894       ??_7ICommonContext@State@Player@Sonicteam@@6BIFlagCommunicator@23@@ 88004c94     ICommonContext.obj
 0001:000048c8       ??_7ICommonContext@State@Player@Sonicteam@@6BIDynamicLink@23@@ 88004cc8     ICommonContext.obj
 0001:000048d0       ??_7ICommonContext@State@Player@Sonicteam@@6BIVariable@23@@ 88004cd0     ICommonContext.obj
 0001:000048d4       ??_7ICommonContext@State@Player@Sonicteam@@6BIPlugIn@23@@ 88004cd4     ICommonContext.obj
 0001:000048e4       ?unk_float@ICommonContextIF@State@Player@Sonicteam@@2MB 88004ce4     ICommonContextIF.obj
 0001:000048e8       ??_7IContext@State@Player@Sonicteam@@6BIFlagCommunicator@23@@ 88004ce8     IContext.obj
 0001:0000491c       ??_7IContext@State@Player@Sonicteam@@6BIDynamicLink@23@@ 88004d1c     IContext.obj
 0001:00004924       ??_7IContext@State@Player@Sonicteam@@6BIVariable@23@@ 88004d24     IContext.obj
 0001:00004928       ??_7IContext@State@Player@Sonicteam@@6BIPlugIn@23@@ 88004d28     IContext.obj
 0001:00004990       ??_C@_08DNNBPLCD@c_?$CFs_max?$AA@ 88004d90     GaugeStandard.obj
 0001:0000499c       __real@3dcccccd            88004d9c     ListenerNormal.obj
 0001:000049a0       ??_C@_0O@ODACDIAP@?4particle?4lua?$AA@ 88004da0     ParticleScript.obj
 0001:000049b0       ??_C@_06PLNFODJJ@AmyLOS?$AA@ 88004db0     DLLModule.obj
 0001:000049b8       ??_C@_0L@HHMCLBIG@TailsGauge?$AA@ 88004db8     DLLModule.obj
 0001:000049c4       ??_C@_08CIJNIMOH@TagStory?$AA@ 88004dc4     DLLModule.obj
 0001:000049d0       ??_C@_05HIONNNAM@AmyV2?$AA@ 88004dd0     DLLModule.obj
 0001:000049d8       ??_C@_0O@OBIHMOJB@CompleteGauge?$AA@ 88004dd8     DLLModule.obj
 0001:000049e8       ??_C@_0BA@FGDHALLF@OmegaHoverGauge?$AA@ 88004de8     DLLModule.obj
 0001:000049f8       ??_C@_0BC@NGJGAFCB@TimeSystemRestore?$AA@ 88004df8     DLLModule.obj
 0001:00004a0c       ??_C@_09JLAOBHNJ@NoArcMode?$AA@ 88004e0c     DLLModule.obj
 0001:00004a18       ??_C@_0BG@OPJBIDC@Multiplayer4P_Enabled?$AA@ 88004e18     DLLModule.obj
 0001:00004a30       ??_C@_0L@MMBEHBMG@DevTitleV2?$AA@ 88004e30     DLLModule.obj
 0001:00004a3c       ??_C@_0BB@GAPEAMKF@DebugLog_Enabled?$AA@ 88004e3c     DLLModule.obj
 0001:00004a50       szModuleName               88004e50     DLLModule.obj
 0001:00004a60       ??_C@_1CC@CLDKJCNA@L?$AAo?$AAa?$AAd?$AAe?$AAd?$AAD?$AAL?$AAL?$AAP?$AAa?$AAt?$AAc?$AAh?$AAe?$AAs?$AA?$AA?$AA@ 88004e60     DLLModule.obj
 0001:00004b58       ??_C@_0BH@LJDGCLEI@player?1sonic_super?4lua?$AA@ 88004f58     CompleteGauge_SonicStates.obj
 0001:00004b70       ??_C@_0BD@BOKCLLAF@player?1sonic_super?$AA@ 88004f70     CompleteGauge_SonicStates.obj
 0001:00004b84       ??_C@_0N@JFMGBPIK@player_sonic?$AA@ 88004f84     CompleteGauge_SonicStates.obj
 0001:00004b94       ??_C@_07EEELHLDH@levelup?$AA@ 88004f94     CompleteGauge_SonicSound.obj
 0001:00004b9c       ??_C@_0L@JEOKKPBB@obj_common?$AA@ 88004f9c     CompleteGauge_SonicSound.obj
 0001:00004ba8       ??_C@_09ELDCELDM@gauge_max?$AA@ 88004fa8     CompleteGauge_SonicSound.obj
 0001:00004bb4       ??_C@_0N@JMHEEJCB@homing_shoot?$AA@ 88004fb4     CompleteGauge_SonicSound.obj
 0001:00004bc4       ??_C@_0O@DAICELDB@homing_charge?$AA@ 88004fc4     CompleteGauge_SonicSound.obj
 0001:00004bd4       ??_C@_0M@CCADAEHO@superchange?$AA@ 88004fd4     CompleteGauge_SonicEffect.obj
 0001:00004c18       ?anisoFilterMap@?1??MapMaxAnisotropyToGpuAnisoFilter@D3D@@YA?AW4GPUANISOFILTER@@K@Z@4QBW43@B 88005018     d3d9:state.obj
 0001:00004c5c       __real@42000000            8800505c     d3d9:state.obj
 0001:00004c60       __real@41000000            88005060     d3d9:state.obj
 0001:00004c64       __real@41800000            88005064     d3d9:state.obj
 0001:00004c68       __real@3d800000            88005068     d3d9:state.obj
 0001:00004c6c       __real@c1000000            8800506c     d3d9:state.obj
 0001:00004c70       __real@3e000000            88005070     d3d9:state.obj
 0001:00004c74       __real@3d000000            88005074     d3d9:state.obj
 0001:00006824       ??_C@_09PGPFFBEG@VGT_DEBUG?$AA@ 88006c24     d3d9:debug.obj
 0001:00006830       ??_C@_0M@IEIEFLFF@PA_SU_DEBUG?$AA@ 88006c30     d3d9:debug.obj
 0001:0000683c       ??_C@_0M@DOFAGDPJ@PA_SC_DEBUG?$AA@ 88006c3c     d3d9:debug.obj
 0001:00006848       ??_C@_0L@EDCMACCG@RBBM?5DEBUG?$AA@ 88006c48     d3d9:debug.obj
 0001:00006854       ??_C@_08IEPKCEKF@CP?5DEBUG?$AA@ 88006c54     d3d9:debug.obj
 0001:00006860       ??_C@_0BH@NDMACDKK@PTR_BUFF_STATUS?50xAc24?$AA@ 88006c60     d3d9:debug.obj
 0001:00006878       ??_C@_0BF@PJMJJLNA@PIX_TB_STATUS?50x9c24?$AA@ 88006c78     d3d9:debug.obj
 0001:00006890       ??_C@_0BF@MEDBLFBA@VTX_TB_STATUS?50x8C24?$AA@ 88006c90     d3d9:debug.obj
 0001:000068a8       ??_C@_0L@DEOMDBCD@RB_DEBUG_0?$AA@ 88006ca8     d3d9:debug.obj
 0001:000068b4       ??_C@_0BA@KDEDGLM@TPC_CNTL_STATUS?$AA@ 88006cb4     d3d9:debug.obj
 0001:000068c4       ??_C@_0BA@OAFLIFPJ@TP3_CNTL_STATUS?$AA@ 88006cc4     d3d9:debug.obj
 0001:000068d4       ??_C@_0BA@HNFEGEIP@TP2_CNTL_STATUS?$AA@ 88006cd4     d3d9:debug.obj
 0001:000068e4       ??_C@_0BA@BDFEBFE@TP1_CNTL_STATUS?$AA@ 88006ce4     d3d9:debug.obj
 0001:000068f4       ??_C@_0BA@JMDKKACC@TP0_CNTL_STATUS?$AA@ 88006cf4     d3d9:debug.obj
 0001:00006904       ??_C@_0P@KHEIJPIO@TC_CNTL_STATUS?$AA@ 88006d04     d3d9:debug.obj
 0001:00006914       ??_C@_0BC@BKIMAGHF@PA_SU_CNTL_STATUS?$AA@ 88006d14     d3d9:debug.obj
 0001:00006928       ??_C@_0BC@IEPMHBKP@PA_SC_CNTL_STATUS?$AA@ 88006d28     d3d9:debug.obj
 0001:0000693c       ??_C@_0BC@JGAKFKBG@PA_CL_CNTL_STATUS?$AA@ 88006d3c     d3d9:debug.obj
 0001:00006950       ??_C@_0P@PMOCOBP@VC_CNTL_STATUS?$AA@ 88006d50     d3d9:debug.obj
 0001:00006960       ??_C@_0BA@FBIIBFCG@VGT_CNTL_STATUS?$AA@ 88006d60     d3d9:debug.obj
 0001:00006970       ??_C@_0M@FBPPHOMA@CP_MEQ_STAT?$AA@ 88006d70     d3d9:debug.obj
 0001:0000697c       ??_C@_0N@OHNJPNBE@CP_MEQ_AVAIL?$AA@ 88006d7c     d3d9:debug.obj
 0001:0000698c       ??_C@_0BA@BOIHOLJP@CP_CSQ_IB2_STAT?$AA@ 88006d8c     d3d9:debug.obj
 0001:0000699c       ??_C@_0BA@CPGPPBAC@CP_CSQ_IB1_STAT?$AA@ 88006d9c     d3d9:debug.obj
 0001:000069ac       ??_C@_0P@KNLABLB@CP_CSQ_RB_STAT?$AA@ 88006dac     d3d9:debug.obj
 0001:000069bc       ??_C@_0N@CGMKPGFM@CP_CSQ_AVAIL?$AA@ 88006dbc     d3d9:debug.obj
 0001:000069cc       ??_C@_08JONKIEGH@CP_DEBUG?$AA@ 88006dcc     d3d9:debug.obj
 0001:000069d8       ??_C@_07HHJBOEEE@CP_STAT?$AA@ 88006dd8     d3d9:debug.obj
 0001:000069e0       ??_C@_0N@IFPNDEEJ@CP_IB2_BUFSZ?$AA@ 88006de0     d3d9:debug.obj
 0001:000069f0       ??_C@_0M@MKLEDNDM@CP_IB2_BASE?$AA@ 88006df0     d3d9:debug.obj
 0001:000069fc       ??_C@_0N@LHCDDKK@CP_IB1_BUFSZ?$AA@ 88006dfc     d3d9:debug.obj
 0001:00006a0c       ??_C@_0M@PLFMCHKB@CP_IB1_BASE?$AA@ 88006e0c     d3d9:debug.obj
 0001:00006a18       ??_C@_0L@FEGELGBI@CP_RB_WPTR?$AA@ 88006e18     d3d9:debug.obj
 0001:00006a24       ??_C@_0L@JMIEDJGI@CP_RB_RPTR?$AA@ 88006e24     d3d9:debug.obj
 0001:00006a30       ??_C@_0L@BEANAMAD@CP_RB_BASE?$AA@ 88006e30     d3d9:debug.obj
 0001:00006a3c       ??_C@_02KIPEGDIF@BC?$AA@   88006e3c     d3d9:debug.obj
 0001:00006a40       ??_C@_02MNOENKBB@SQ?$AA@   88006e40     d3d9:debug.obj
 0001:00006a44       ??_C@_02IFGAHGBJ@PA?$AA@   88006e44     d3d9:debug.obj
 0001:00006a48       ??_C@_02LFBAKKMC@SC?$AA@   88006e48     d3d9:debug.obj
 0001:00006a4c       ??_C@_03CNDMIKGA@TPC?$AA@  88006e4c     d3d9:debug.obj
 0001:00006a50       ??_C@_02BMCGGBFI@SX?$AA@   88006e50     d3d9:debug.obj
 0001:00006a54       ??_C@_02EAFMPNHD@MH?$AA@   88006e54     d3d9:debug.obj
 0001:00006a58       ??_C@_02MINJEICA@CP?$AA@   88006e58     d3d9:debug.obj
 0001:00006a5c       ??_C@_04HMNKGMBJ@RBBM?$AA@ 88006e5c     d3d9:debug.obj
 0001:00006a64       ??_C@_03JLNPHDII@VGT?$AA@  88006e64     d3d9:debug.obj
 0001:00006a68       ??_C@_02LAFPLMEH@TC?$AA@   88006e68     d3d9:debug.obj
 0001:00006a6c       ??_C@_0M@CNEMNOEK@?$CFs?50x?$CF02x?3?5?$AA@ 88006e6c     d3d9:debug.obj
 0001:00006a78       ??_C@_05ECIELPFL@?$CF08x?5?$AA@ 88006e78     d3d9:debug.obj
 0001:00006a80       ??_C@_03OFAPEBGM@?$CFs?6?$AA@ 88006e80     d3d9:debug.obj
 0001:00006a84       ??_C@_0BB@IGFJDCCA@?5?5?5?$CF25s?3?50x?$CF08x?6?$AA@ 88006e84     d3d9:debug.obj
 0001:00006a98       ??_C@_02MNMNLDAI@?$CJ?6?$AA@ 88006e98     d3d9:debug.obj
 0001:00006a9c       ??_C@_0BE@IFEGNEDC@CPU?5Synchronization?$AA@ 88006e9c     d3d9:debug.obj
 0001:00006ab0       ??_C@_02KEGNLNML@?0?5?$AA@ 88006eb0     d3d9:debug.obj
 0001:00006ab4       ??_C@_0BC@FDGPBEGG@?5?5?5?$CF25s?3?50x?$CF08x?5?$CI?$AA@ 88006eb4     d3d9:debug.obj
 0001:00006ac8       ??_C@_0M@LMOFDNIB@RBBM_STATUS?$AA@ 88006ec8     d3d9:debug.obj
 0001:00006ad4       ??_C@_0BD@MGOELPJA@?5?5?5?5?5?5?5?50x?$CFx?50x?$CFx?6?$AA@ 88006ed4     d3d9:debug.obj
 0001:00006ae8       ??_C@_0IE@HAPKKEFG@?5?5?5?5Could?5the?5contents?5have?5beco@ 88006ee8     d3d9:debug.obj
 0001:00006b70       ??_C@_0HP@JGLGJJKJ@?5?5?5?5It?5was?5a?5growable?5command?5bu@ 88006f70     d3d9:debug.obj
 0001:00006bf0       ??_C@_0IJ@INJCEODI@?6?5?5o?5The?5GPU?5appears?5to?5have?5hun@ 88006ff0     d3d9:debug.obj
 0001:00006c80       ??_C@_0IJ@HDJLGDNG@?6The?5GPU?5state?5doesn?8t?5match?5any@ 88007080     d3d9:debug.obj
 0001:00006d10       ??_C@_0IG@NJBDKJCM@?6If?5your?5hang?5didn?8t?5occur?5for?5t@ 88007110     d3d9:debug.obj
 0001:00006d98       ??_C@_0KO@DHDAEFFD@?5?5?5?5If?5you?5hit?5this?5hang?5more?5th@ 88007198     d3d9:debug.obj
 0001:00006e48       ??_C@_0IB@IOBHKEGL@?6?5?5o?5The?5hang?5may?5have?5occurred?5@ 88007248     d3d9:debug.obj
 0001:00006ed0       ??_C@_0JE@BABLHBCI@?5?5?5?5on?5a?5draw?5call?5doesn?8t?5prope@ 880072d0     d3d9:debug.obj
 0001:00006f68       ??_C@_0IB@COOKGCFD@?6?5?5o?5The?5hang?5may?5have?5occurred?5@ 88007368     d3d9:debug.obj
 0001:00006fec       ??_C@_0CM@HAFCCHIJ@It?8s?5still?5running?5on?5processor?5@ 880073ec     d3d9:debug.obj
 0001:00007018       ??_C@_0KA@NNFGANAA@It?5appears?5that?5a?5callback?5routi@ 88007418     d3d9:debug.obj
 0001:000070b8       ??_C@_0EI@KDPGAJKG@The?5GPU?5is?5hung?$CB?5?5D3D?5version?5is@ 880074b8     d3d9:debug.obj
 0001:00007100       ??_C@_06EANLHNAH@retail?$AA@ 88007500     d3d9:debug.obj
 0001:00007108       ??_C@_0GA@IPENGLBM@Breaking?5into?5the?5debugger?4?5?5The@ 88007508     d3d9:debug.obj
 0001:00007168       ??_C@_0NJ@EBOIONOI@?6ERR?$FLD3D?$FN?3?5Try?5reproducing?5the?5h@ 88007568     d3d9:debug.obj
 0001:00007248       ??_C@_0EN@CLOCNIHP@?$CL?$CL?$CL?$CL?$CL?$CL?$CL?$CL?$CL?$CL?$CL?$CL?$CL?$CL?$CL?$CL?$CL?$CL?$CL?$CL?$CL?$CL?$CL?$CL?$CL?$CL?$CL?$CL?$CL?$CL?$CL?$CL@ 88007648     d3d9:debug.obj
 0001:00007400       ?g_PFP@D3D@@3QBKB          88007800     d3d9:microcode.obj
 0001:00007880       ?g_PM4@D3D@@3QAY02$$CBKA   88007c80     d3d9:microcode.obj
 0001:00009d14       ??_7GdipFontRenderer@Xui@@6B@ 8800a114     xuirenderltcg:gdipfont.obj
 0001:00009d38       __real@3c638e39            8800a138     xuirenderltcg:gdipfont.obj
 0001:00009d3c       g_abSaltXtt                8800a13c     xuirenderltcg:font.obj
 0001:00009d48       ??_C@_04LLIHEPK@glyf?$AA@  8800a148     xuirenderltcg:font.obj
 0001:00009d50       __real@3c47e282            8800a150     xuirenderltcg:font.obj
 0001:00009d54       __real@3faaaaab            8800a154     xuirenderltcg:font.obj
 0001:00009d58       ??_C@_05DOIEBMOI@1?41?44?$AA@ 8800a158     xuirenderltcg:compress.obj
 0001:00009d60       ??_C@_04MEMAJGDJ@name?$AA@ 8800a160     xuirenderltcg:truetype.obj
 0001:00009d68       ??_C@_04CEOEJCDD@xglf?$AA@ 8800a168     xuirenderltcg:truetype.obj
 0001:00009d70       ??_C@_04NEODDMOL@head?$AA@ 8800a170     xuirenderltcg:truetype.obj
 0001:00009d78       ??_C@_04FMPHLIKP@hhea?$AA@ 8800a178     xuirenderltcg:truetype.obj
 0001:00009d80       ??_C@_04EICJPCEA@cmap?$AA@ 8800a180     xuirenderltcg:truetype.obj
 0001:00009d88       ??_C@_04DACNFKGE@loca?$AA@ 8800a188     xuirenderltcg:truetype.obj
 0001:00009d90       ??_C@_04IMNEFPCO@xloc?$AA@ 8800a190     xuirenderltcg:truetype.obj
 0001:00009d98       ??_C@_04ONMNCIMC@hmtx?$AA@ 8800a198     xuirenderltcg:truetype.obj
 0001:00009da0       ??_C@_04BJCBNDPF@xchk?$AA@ 8800a1a0     xuirenderltcg:truetype.obj
 0001:00009da8       ??_C@_04HEHNJIIK@xttf?$AA@ 8800a1a8     xuirenderltcg:truetype.obj
 0001:00009db0       XMatrixIdentityFIX16       8800a1b0     xuirenderltcg:matrix.obj
 0001:00009e74       ??_C@_0BA@MOKMMFOD@need?5dictionary?$AA@ 8800a274     xuirenderltcg:inflate.obj
 0001:00009e84       ??_C@_0BL@IHKGDAEE@unknown?5compression?5method?$AA@ 8800a284     xuirenderltcg:inflate.obj
 0001:00009ea0       ??_C@_0BE@EMOGCLGO@invalid?5window?5size?$AA@ 8800a2a0     xuirenderltcg:inflate.obj
 0001:00009eb4       ??_C@_0BH@LIBMMIGA@incorrect?5header?5check?$AA@ 8800a2b4     xuirenderltcg:inflate.obj
 0001:00009ecc       ??_C@_0BF@MEIGEHBE@incorrect?5data?5check?$AA@ 8800a2cc     xuirenderltcg:inflate.obj
 0001:0000a530       ?_dist_code@XuiTex@@3QBEB  8800a930     xuirenderltcg:trees.obj
 0001:0000a730       ?_length_code@XuiTex@@3QBEB 8800ab30     xuirenderltcg:trees.obj
 0001:0000a95c       ??_C@_0BF@CJFPCCEG@incompatible?5version?$AA@ 8800ad5c     xuirenderltcg:zutil.obj
 0001:0000a974       ??_C@_0N@DFPGLBGC@buffer?5error?$AA@ 8800ad74     xuirenderltcg:zutil.obj
 0001:0000a984       ??_C@_0BE@OGGJBMCE@insufficient?5memory?$AA@ 8800ad84     xuirenderltcg:zutil.obj
 0001:0000a998       ??_C@_0L@HAHMBNLP@data?5error?$AA@ 8800ad98     xuirenderltcg:zutil.obj
 0001:0000a9a4       ??_C@_0N@MKKNPMJD@stream?5error?$AA@ 8800ada4     xuirenderltcg:zutil.obj
 0001:0000a9b4       ??_C@_0L@KIJFAKBJ@file?5error?$AA@ 8800adb4     xuirenderltcg:zutil.obj
 0001:0000a9c0       ??_C@_0L@FNAOCBOG@stream?5end?$AA@ 8800adc0     xuirenderltcg:zutil.obj
 0001:0000a9cc       ?z_errmsg@XuiTex@@3QBQBDB  8800adcc     xuirenderltcg:zutil.obj
 0001:0000aa5c       ??_C@_0BK@BMMPFBBH@invalid?5bit?5length?5repeat?$AA@ 8800ae5c     xuirenderltcg:infblock.obj
 0001:0000aa78       ??_C@_0CE@GMIGFPBB@too?5many?5length?5or?5distance?5symb@ 8800ae78     xuirenderltcg:infblock.obj
 0001:0000aa9c       ??_C@_0BN@LGAADGOK@invalid?5stored?5block?5lengths?$AA@ 8800ae9c     xuirenderltcg:infblock.obj
 0001:0000aabc       ??_C@_0BD@PJCBIDD@invalid?5block?5type?$AA@ 8800aebc     xuirenderltcg:infblock.obj
 0001:0000aae4       ??_C@_0BM@FFFLPBBC@invalid?5literal?1length?5code?$AA@ 8800aee4     xuirenderltcg:infcodes.obj
 0001:0000ab00       ??_C@_0BG@LBKINIKP@invalid?5distance?5code?$AA@ 8800af00     xuirenderltcg:infcodes.obj
 0001:0000be08       ??_C@_0CE@LOHAHEGK@incomplete?5dynamic?5bit?5lengths?5t@ 8800c208     xuirenderltcg:inftrees.obj
 0001:0000be2c       ??_C@_0CI@CGMOPDPD@oversubscribed?5dynamic?5bit?5lengt@ 8800c22c     xuirenderltcg:inftrees.obj
 0001:0000be54       ??_C@_0BP@NEEEJJNA@incomplete?5literal?1length?5tree?$AA@ 8800c254     xuirenderltcg:inftrees.obj
 0001:0000be74       ??_C@_0CD@GJIDGCKE@oversubscribed?5literal?1length?5tr@ 8800c274     xuirenderltcg:inftrees.obj
 0001:0000be98       ??_C@_0CB@KPKKKLFO@empty?5distance?5tree?5with?5lengths@ 8800c298     xuirenderltcg:inftrees.obj
 0001:0000bebc       ??_C@_0BJ@CBCPDPJF@incomplete?5distance?5tree?$AA@ 8800c2bc     xuirenderltcg:inftrees.obj
 0001:0000bed8       ??_C@_0BN@KBLCDIAI@oversubscribed?5distance?5tree?$AA@ 8800c2d8     xuirenderltcg:inftrees.obj
 0001:0000bef8       ?inflate_mask@XuiTex@@3QBIB 8800c2f8     xuirenderltcg:infutil.obj
 0001:0000bf40       lua_ident                  8800c340     LUA:lapi.obj
 0001:0000bfcc       ??_C@_08JEIPHCP@no?5value?$AA@ 8800c3cc     LUA:lapi.obj
 0001:0000bfd8       ??_C@_01OGPIMHDM@?$DP?$AA@ 8800c3d8     LUA:lapi.obj
 0001:0000bfdc       ??_C@_0BC@ENOOLCNF@not?5enough?5memory?$AA@ 8800c3dc     LUA:lstate.obj
 0001:0000bff0       ??_C@_07FCDHCGBN@?$CFs?3?$CFd?3?5?$AA@ 8800c3f0     LUA:lauxlib.obj
 0001:0000bff8       ??_C@_03IMACECCO@Snl?$AA@  8800c3f8     LUA:lauxlib.obj
 0001:0000bffc       ??_C@_0BE@CBBDHBEP@stack?5overflow?5?$CI?$CFs?$CJ?$AA@ 8800c3fc     LUA:lauxlib.obj
 0001:0000c010       ??_C@_01DICPFPGM@k?$AA@    8800c410     LUA:lauxlib.obj
 0001:0000c014       ??_C@_06BPGFKLEK@__mode?$AA@ 8800c414     LUA:lauxlib.obj
 0001:0000c01c       ??_C@_01EFFIKLCJ@n?$AA@    8800c41c     LUA:lauxlib.obj
 0001:0000c020       ??_C@_0BD@NGJHEBAH@cannot?5read?5?$CFs?3?5?$CFs?$AA@ 8800c420     LUA:lauxlib.obj
 0001:0000c034       ??_C@_02JDPG@rb?$AA@       8800c434     LUA:lauxlib.obj
 0001:0000c038       ??_C@_01KDCPPGHE@r?$AA@    8800c438     LUA:lauxlib.obj
 0001:0000c03c       ??_C@_03HPDLNGOA@?$EA?$CFs?$AA@ 8800c43c     LUA:lauxlib.obj
 0001:0000c040       ??_C@_06CCPPALKB@?$DNstdin?$AA@ 8800c440     LUA:lauxlib.obj
 0001:0000c048       ??_C@_06PDCMBPNP@_ALERT?$AA@ 8800c448     LUA:lauxlib.obj
 0001:0000c050       ??_C@_0BO@BCKMICNO@bad?5argument?5?$CD?$CFd?5to?5?$GA?$CFs?8?5?$CI?$CFs?$CJ?$AA@ 8800c450     LUA:lauxlib.obj
 0001:0000c070       ??_C@_0BO@BLEBNALC@calling?5?$GA?$CFs?8?5on?5bad?5self?5?$CI?$CFs?$CJ?$AA@ 8800c470     LUA:lauxlib.obj
 0001:0000c090       ??_C@_06GABBCIBA@method?$AA@ 8800c490     LUA:lauxlib.obj
 0001:0000c098       ??_C@_0BE@LDJANOJE@?$CFs?5expected?0?5got?5?$CFs?$AA@ 8800c498     LUA:lauxlib.obj
 0001:0000c0ac       ??_C@_04GOLEAPFD@gsub?$AA@ 8800c4ac     LUA:lstrlib.obj
 0001:0000c0b4       ??_C@_05EIEIBDFD@gfind?$AA@ 8800c4b4     LUA:lstrlib.obj
 0001:0000c0bc       ??_C@_04CKFJHKAP@find?$AA@ 8800c4bc     LUA:lstrlib.obj
 0001:0000c0c4       ??_C@_04GGLOKIEE@dump?$AA@ 8800c4c4     LUA:lstrlib.obj
 0001:0000c0cc       ??_C@_06DLEPGFEF@format?$AA@ 8800c4cc     LUA:lstrlib.obj
 0001:0000c0d4       ??_C@_04IHGKJMLH@byte?$AA@ 8800c4d4     LUA:lstrlib.obj
 0001:0000c0dc       ??_C@_03HOKODIMJ@rep?$AA@  8800c4dc     LUA:lstrlib.obj
 0001:0000c0e0       ??_C@_04ENMBGAPA@char?$AA@ 8800c4e0     LUA:lstrlib.obj
 0001:0000c0e8       ??_C@_05NECKJAMC@upper?$AA@ 8800c4e8     LUA:lstrlib.obj
 0001:0000c0f0       ??_C@_05IPJEPLHL@lower?$AA@ 8800c4f0     LUA:lstrlib.obj
 0001:0000c0f8       ??_C@_03KCMAIMAP@sub?$AA@  8800c4f8     LUA:lstrlib.obj
 0001:0000c0fc       ??_C@_03BKCJCHLK@len?$AA@  8800c4fc     LUA:lstrlib.obj
 0001:0000c1d0       ??_C@_0O@EAJJMEEM@invalid?5value?$AA@ 8800c5d0     LUA:lstrlib.obj
 0001:0000c1e0       ??_C@_0BO@BNLBHKJN@unable?5to?5dump?5given?5function?$AA@ 8800c5e0     LUA:lstrlib.obj
 0001:0000c200       ??_C@_0BG@LEHNKOGD@invalid?5capture?5index?$AA@ 8800c600     LUA:lstrlib.obj
 0001:0000c218       ??_C@_0BI@ECNPHIBF@invalid?5pattern?5capture?$AA@ 8800c618     LUA:lstrlib.obj
 0001:0000c230       ??_C@_0CC@HAKOPAIK@malformed?5pattern?5?$CIends?5with?5?$GA?$CF?8@ 8800c630     LUA:lstrlib.obj
 0001:0000c254       ??_C@_0CA@MPLDKKDI@malformed?5pattern?5?$CImissing?5?$GA?$FN?8?$CJ?$AA@ 8800c654     LUA:lstrlib.obj
 0001:0000c274       ??_C@_0BD@NGJIMPLI@unbalanced?5pattern?$AA@ 8800c674     LUA:lstrlib.obj
 0001:0000c288       ??_C@_0BC@IMEAEJPD@too?5many?5captures?$AA@ 8800c688     LUA:lstrlib.obj
 0001:0000c29c       ??_C@_0CD@LDDLDHDL@missing?5?$GA?$FL?8?5after?5?$GA?$CF?$CFf?8?5in?5patte@ 8800c69c     LUA:lstrlib.obj
 0001:0000c2c0       ??_C@_0BD@BFKNEALP@unfinished?5capture?$AA@ 8800c6c0     LUA:lstrlib.obj
 0001:0000c2d4       ??_C@_0L@NLFJOONJ@?$FO$?$CK?$CL?$DP?4?$CI?$FL?$CF?9?$AA@ 8800c6d4     LUA:lstrlib.obj
 0001:0000c2e0       ??_C@_0BM@NDEBGBCF@string?5or?5function?5expected?$AA@ 8800c6e0     LUA:lstrlib.obj
 0001:0000c2fc       ??_C@_04MPDIABOK@?2000?$AA@ 8800c6fc     LUA:lstrlib.obj
 0001:0000c304       ??_C@_0BK@KOAOBLGI@invalid?5format?5?$CItoo?5long?$CJ?$AA@ 8800c704     LUA:lstrlib.obj
 0001:0000c320       ??_C@_0CN@KALFEKPN@invalid?5format?5?$CIwidth?5or?5precisi@ 8800c720     LUA:lstrlib.obj
 0001:0000c350       ??_C@_05GGBDHNF@?9?$CL?5?$CD0?$AA@ 8800c750     LUA:lstrlib.obj
 0001:0000c358       ??_C@_0BL@NGDNKKBH@invalid?5option?5to?5?$GAformat?8?$AA@ 8800c758     LUA:lstrlib.obj
 0001:0000c374       ??_C@_0CB@NAIMDALI@obsolete?5option?5?$CId$?$CJ?5to?5?$GAformat?8@ 8800c774     LUA:lstrlib.obj
 0001:0000c398       ??_C@_06ICGJLFIM@string?$AA@ 8800c798     LUA:lstrlib.obj
 0001:0000c3a0       ??_C@_0BI@KGOCJOGJ@error?5in?5error?5handling?$AA@ 8800c7a0     LUA:ldo.obj
 0001:0000c3b8       ??_C@_0P@EODJGPIM@stack?5overflow?$AA@ 8800c7b8     LUA:ldo.obj
 0001:0000c3c8       ??_C@_04OMFAIDPG@call?$AA@ 8800c7c8     LUA:ldo.obj
 0001:0000c3d0       ??_C@_0BB@EJOGNINL@C?5stack?5overflow?$AA@ 8800c7d0     LUA:ldo.obj
 0001:0000c3e4       ??_C@_06JPFLIIOJ@__call?$AA@ 8800c7e4     LUA:ltm.obj
 0001:0000c3ec       ??_C@_08HGDAODEP@__concat?$AA@ 8800c7ec     LUA:ltm.obj
 0001:0000c3f8       ??_C@_04EJLHOCKK@__le?$AA@ 8800c7f8     LUA:ltm.obj
 0001:0000c400       ??_C@_04BKGOMBLK@__lt?$AA@ 8800c800     LUA:ltm.obj
 0001:0000c408       ??_C@_05MHFNBPAK@__unm?$AA@ 8800c808     LUA:ltm.obj
 0001:0000c410       ??_C@_05EBGMHPNE@__pow?$AA@ 8800c810     LUA:ltm.obj
 0001:0000c418       ??_C@_05IDIBPCOP@__div?$AA@ 8800c818     LUA:ltm.obj
 0001:0000c420       ??_C@_05FLJIBNKK@__mul?$AA@ 8800c820     LUA:ltm.obj
 0001:0000c428       ??_C@_04GIMIAOHA@__eq?$AA@ 8800c828     LUA:ltm.obj
 0001:0000c430       ??_C@_0L@GADKNKH@__newindex?$AA@ 8800c830     LUA:ltm.obj
 0001:0000c43c       ??_C@_06FJHNOCKE@thread?$AA@ 8800c83c     LUA:ltm.obj
 0001:0000c444       ??_C@_08HFFPPCHF@function?$AA@ 8800c844     LUA:ltm.obj
 0001:0000c450       ??_C@_05LCLENNFI@table?$AA@ 8800c850     LUA:ltm.obj
 0001:0000c458       ??_C@_06EBGNBFIA@number?$AA@ 8800c858     LUA:ltm.obj
 0001:0000c460       ??_C@_08NOEPOPLB@userdata?$AA@ 8800c860     LUA:ltm.obj
 0001:0000c46c       ??_C@_07GOBOHMJA@boolean?$AA@ 8800c86c     LUA:ltm.obj
 0001:0000c474       ??_C@_03ILAMHENH@nil?$AA@  8800c874     LUA:ltm.obj
 0001:0000c478       luaT_typenames             8800c878     LUA:ltm.obj
 0001:0000c4d8       ??_C@_05CGOEHEFE@?$CF?414g?$AA@ 8800c8d8     LUA:lvm.obj
 0001:0000c4e0       ??_C@_0BB@JEECHIJH@loop?5in?5gettable?$AA@ 8800c8e0     LUA:lvm.obj
 0001:0000c4f4       ??_C@_0BB@GFGOGLOK@loop?5in?5settable?$AA@ 8800c8f4     LUA:lvm.obj
 0001:0000c508       ??_C@_0BF@IMDEEHDK@string?5size?5overflow?$AA@ 8800c908     LUA:lvm.obj
 0001:0000c520       ??_C@_0CJ@KPOAFKCE@?$GA__pow?8?5?$CI?$GA?$FO?8?5operator?$CJ?5is?5not?5a?5@ 8800c920     LUA:lvm.obj
 0001:0000c598       ??_C@_0CF@POOBFDLI@?$GAfor?8?5initial?5value?5must?5be?5a?5nu@ 8800c998     LUA:lvm.obj
 0001:0000c5c0       ??_C@_0BN@ODCLKLJN@?$GAfor?8?5limit?5must?5be?5a?5number?$AA@ 8800c9c0     LUA:lvm.obj
 0001:0000c5e0       ??_C@_0BM@CPFDBJJK@?$GAfor?8?5step?5must?5be?5a?5number?$AA@ 8800c9e0     LUA:lvm.obj
 0001:0000c5fc       ??_C@_04CJGEDOF@next?$AA@  8800c9fc     LUA:lvm.obj
 0001:0000c608       luaO_nilobject             8800ca08     LUA:lobject.obj
 0001:0000c718       ??_C@_01FGNFDNOH@?$CF?$AA@ 8800cb18     LUA:lobject.obj
 0001:0000c71c       ??_C@_02DEGCJHHK@?$CC?$FN?$AA@ 8800cb1c     LUA:lobject.obj
 0001:0000c720       ??_C@_09PHLFBDIK@?$FLstring?5?$CC?$AA@ 8800cb20     LUA:lobject.obj
 0001:0000c72c       ??_C@_0P@KKABOKCO@table?5overflow?$AA@ 8800cb2c     LUA:ltable.obj
 0001:0000c73c       ??_C@_0BD@BKBJANLJ@table?5index?5is?5NaN?$AA@ 8800cb3c     LUA:ltable.obj
 0001:0000c750       ??_C@_0BD@BDIKLFBP@table?5index?5is?5nil?$AA@ 8800cb50     LUA:ltable.obj
 0001:0000c764       ??_C@_0BH@EOHDEKEB@invalid?5key?5for?5?$GAnext?8?$AA@ 8800cb64     LUA:ltable.obj
 0001:0000c780       __real@417df5e7689309b6    8800cb80     LUA:ldump.obj
 0001:0000c788       ??_C@_04NBPDLJKJ@?$BLLua?$AA@ 8800cb88     LUA:ldump.obj
 0001:0000c790       ??_C@_03CBKFDHDL@Lua?$AA@  8800cb90     LUA:ldebug.obj
 0001:0000c794       ??_C@_04GHJNJNPO@main?$AA@ 8800cb94     LUA:ldebug.obj
 0001:0000c79c       ??_C@_04BKJOMPG@?$DN?$FLC?$FN?$AA@ 8800cb9c     LUA:ldebug.obj
 0001:0000c7a4       ??_C@_04DIFLAKIP@tail?$AA@ 8800cba4     LUA:ldebug.obj
 0001:0000c7ac       ??_C@_0N@DIENKKJP@?$DN?$CItail?5call?$CJ?$AA@ 8800cbac     LUA:ldebug.obj
 0001:0000c7e4       ??_C@_06FJKEMHGD@global?$AA@ 8800cbe4     LUA:ldebug.obj
 0001:0000c7ec       ??_C@_05EIBGDMPB@field?$AA@ 8800cbec     LUA:ldebug.obj
 0001:0000c7f4       ??_C@_05IDKHKMLA@local?$AA@ 8800cbf4     LUA:ldebug.obj
 0001:0000c7fc       ??_C@_09BHPFBFOI@?$CFs?3?$CFd?3?5?$CFs?$AA@ 8800cbfc     LUA:ldebug.obj
 0001:0000c808       ??_C@_0CK@IOFHDOLG@value?5for?5?$GAlua_getinfo?8?5is?5not?5a@ 8800cc08     LUA:ldebug.obj
 0001:0000c834       ??_C@_0BJ@HGCMIDJD@attempt?5to?5?$CFs?5a?5?$CFs?5value?$AA@ 8800cc34     LUA:ldebug.obj
 0001:0000c850       ??_C@_0CD@CLMGLFIL@attempt?5to?5?$CFs?5?$CFs?5?$GA?$CFs?8?5?$CIa?5?$CFs?5valu@ 8800cc50     LUA:ldebug.obj
 0001:0000c874       ??_C@_0M@LPKAOE@concatenate?$AA@ 8800cc74     LUA:ldebug.obj
 0001:0000c880       ??_C@_0BG@IOLALLOM@perform?5arithmetic?5on?$AA@ 8800cc80     LUA:ldebug.obj
 0001:0000c898       ??_C@_0BO@DNBGDDFP@attempt?5to?5compare?5?$CFs?5with?5?$CFs?$AA@ 8800cc98     LUA:ldebug.obj
 0001:0000c8b8       ??_C@_0CB@DEJMKNMB@attempt?5to?5compare?5two?5?$CFs?5values@ 8800ccb8     LUA:ldebug.obj
 0001:0000c8dc       ??_C@_0CH@LBFPMMCP@memory?5allocation?5error?3?5block?5t@ 8800ccdc     LUA:lmem.obj
 0001:0000c904       ??_C@_05CINCKAN@?$DMeof?$DO?$AA@ 8800cd04     LUA:llex.obj
 0001:0000c90c       ??_C@_07BCJBMLAF@?$CKstring?$AA@ 8800cd0c     LUA:llex.obj
 0001:0000c914       ??_C@_07NBJFGLAJ@?$CKnumber?$AA@ 8800cd14     LUA:llex.obj
 0001:0000c91c       ??_C@_02DEDJCLAJ@?$HO?$DN?$AA@ 8800cd1c     LUA:llex.obj
 0001:0000c920       ??_C@_02EHCHHCKH@?$DM?$DN?$AA@ 8800cd20     LUA:llex.obj
 0001:0000c924       ??_C@_02EEKDKGMJ@?$DO?$DN?$AA@ 8800cd24     LUA:llex.obj
 0001:0000c928       ??_C@_02EGOFBIJA@?$DN?$DN?$AA@ 8800cd28     LUA:llex.obj
 0001:0000c92c       ??_C@_02DJGKEECL@?4?4?$AA@ 8800cd2c     LUA:llex.obj
 0001:0000c930       ??_C@_05BFBHOGNH@?$CKname?$AA@ 8800cd30     LUA:llex.obj
 0001:0000c938       ??_C@_05OODBEKIG@while?$AA@ 8800cd38     LUA:llex.obj
 0001:0000c940       ??_C@_05FJMDOIMN@until?$AA@ 8800cd40     LUA:llex.obj
 0001:0000c948       ??_C@_04HOHPNOOD@then?$AA@ 8800cd48     LUA:llex.obj
 0001:0000c950       ??_C@_06LNOFJDNM@return?$AA@ 8800cd50     LUA:llex.obj
 0001:0000c958       ??_C@_06LGDBIFHB@repeat?$AA@ 8800cd58     LUA:llex.obj
 0001:0000c960       ??_C@_02FODMLBIE@or?$AA@   8800cd60     LUA:llex.obj
 0001:0000c964       ??_C@_03NJKJADM@not?$AA@   8800cd64     LUA:llex.obj
 0001:0000c968       ??_C@_02LMMGJAGL@in?$AA@   8800cd68     LUA:llex.obj
 0001:0000c96c       ??_C@_02HEBPBKGD@if?$AA@   8800cd6c     LUA:llex.obj
 0001:0000c970       ??_C@_03JOHEBPFF@for?$AA@  8800cd70     LUA:llex.obj
 0001:0000c974       ??_C@_03JBJLGPFL@end?$AA@  8800cd74     LUA:llex.obj
 0001:0000c978       ??_C@_06CAACNEC@elseif?$AA@ 8800cd78     LUA:llex.obj
 0001:0000c980       ??_C@_04FHMCPBIP@else?$AA@ 8800cd80     LUA:llex.obj
 0001:0000c988       ??_C@_02KNAFDCHJ@do?$AA@   8800cd88     LUA:llex.obj
 0001:0000c98c       ??_C@_05ELPHFHOI@break?$AA@ 8800cd8c     LUA:llex.obj
 0001:0000c994       ??_C@_03BOPJPIAM@and?$AA@  8800cd94     LUA:llex.obj
 0001:0000ca14       ??_C@_0BE@GKGAKFBG@?$CFs?3?$CFd?3?5?$CFs?5near?5?$GA?$CFs?8?$AA@ 8800ce14     LUA:llex.obj
 0001:0000ca28       ??_C@_02HAOIJKIC@?$CFc?$AA@ 8800ce28     LUA:llex.obj
 0001:0000ca2c       ??_C@_0BB@CFMNENCE@malformed?5number?$AA@ 8800ce2c     LUA:llex.obj
 0001:0000ca40       ??_C@_0DI@KNOLHHPJ@ambiguous?5syntax?5?$CIdecimal?5point?5@ 8800ce40     LUA:llex.obj
 0001:0000ca78       ??_C@_0BH@JNMIODME@too?5many?5?$CFs?5?$CIlimit?$DN?$CFd?$CJ?$AA@ 8800ce78     LUA:llex.obj
 0001:0000ca90       ??_C@_0BB@IGNCAHNA@lines?5in?5a?5chunk?$AA@ 8800ce90     LUA:llex.obj
 0001:0000caa4       ??_C@_0BH@BBMFLJJP@unfinished?5long?5string?$AA@ 8800cea4     LUA:llex.obj
 0001:0000cabc       ??_C@_0BI@ONEAKEIB@unfinished?5long?5comment?$AA@ 8800cebc     LUA:llex.obj
 0001:0000cad4       ??_C@_0BC@IBAFBKML@unfinished?5string?$AA@ 8800ced4     LUA:llex.obj
 0001:0000cae8       ??_C@_0BK@GLJFEJMO@escape?5sequence?5too?5large?$AA@ 8800cee8     LUA:llex.obj
 0001:0000cb04       ??_C@_0BF@EHKLJMMB@invalid?5control?5char?$AA@ 8800cf04     LUA:llex.obj
 0001:0000cb1c       ??_C@_08HJPIMBHL@char?$CI?$CFd?$CJ?$AA@ 8800cf1c     LUA:llex.obj
 0001:0000cb44       ??_C@_0O@BHLEKGEF@?$GA?$CFs?8?5expected?$AA@ 8800cf44     LUA:lparser.obj
 0001:0000cb54       ??_C@_0CJ@LBNCBJHF@?$GA?$CFs?8?5expected?5?$CIto?5close?5?$GA?$CFs?8?5at?5@ 8800cf54     LUA:lparser.obj
 0001:0000cb80       ??_C@_0BA@JPNMEOII@?$DMname?$DO?5expected?$AA@ 8800cf80     LUA:lparser.obj
 0001:0000cb90       ??_C@_0BA@EIDMAHJI@local?5variables?$AA@ 8800cf90     LUA:lparser.obj
 0001:0000cba0       ??_C@_08JKPCMKJ@upvalues?$AA@ 8800cfa0     LUA:lparser.obj
 0001:0000cbac       ??_C@_03CAOIPBNL@arg?$AA@  8800cfac     LUA:lparser.obj
 0001:0000cbb0       ??_C@_0L@HHPOFMCB@parameters?$AA@ 8800cfb0     LUA:lparser.obj
 0001:0000cbbc       ??_C@_0BI@DGLMJHJB@constant?5table?5overflow?$AA@ 8800cfbc     LUA:lparser.obj
 0001:0000cbd4       ??_C@_0BH@IAOKECIM@items?5in?5a?5constructor?$AA@ 8800cfd4     LUA:lparser.obj
 0001:0000cbec       ??_C@_0BJ@JGHMPHBJ@?$DMname?$DO?5or?5?$GA?4?4?4?8?5expected?$AA@ 8800cfec     LUA:lparser.obj
 0001:0000cc08       ??_C@_04PJDNGLKJ@self?$AA@ 8800d008     LUA:lparser.obj
 0001:0000cc10       ??_C@_0DB@LGGKFLCP@ambiguous?5syntax?5?$CIfunction?5call?5@ 8800d010     LUA:lparser.obj
 0001:0000cc44       ??_C@_0BM@HEIHHEKF@function?5arguments?5expected?$AA@ 8800d044     LUA:lparser.obj
 0001:0000cc60       ??_C@_0BC@KBCKKGAJ@unexpected?5symbol?$AA@ 8800d060     LUA:lparser.obj
 0001:0000cc74       ??_C@_0BH@EPLHAPOA@too?5many?5syntax?5levels?$AA@ 8800d074     LUA:lparser.obj
 0001:0000cc8c       ??_C@_0N@MNJHOOI@syntax?5error?$AA@ 8800d08c     LUA:lparser.obj
 0001:0000cc9c       ??_C@_0BO@IEICNJMN@?$GAwhile?8?5condition?5too?5complex?$AA@ 8800d09c     LUA:lparser.obj
 0001:0000ccbc       ??_C@_0L@ELGHHMFI@?$CIfor?5step?$CJ?$AA@ 8800d0bc     LUA:lparser.obj
 0001:0000ccc8       ??_C@_0M@HGGGDCAE@?$CIfor?5limit?$CJ?$AA@ 8800d0c8     LUA:lparser.obj
 0001:0000ccd4       ??_C@_0M@CCNPGEGC@?$CIfor?5state?$CJ?$AA@ 8800d0d4     LUA:lparser.obj
 0001:0000cce0       ??_C@_0BA@IJIMMPHF@?$CIfor?5generator?$CJ?$AA@ 8800d0e0     LUA:lparser.obj
 0001:0000ccf0       ??_C@_0BF@EJFBMCLB@?$GA?$DN?8?5or?5?$GAin?8?5expected?$AA@ 8800d0f0     LUA:lparser.obj
 0001:0000cd08       ??_C@_0BB@DBFONGCK@no?5loop?5to?5break?$AA@ 8800d108     LUA:lparser.obj
 0001:0000cd1c       ??_C@_0P@NKPPCNBC@?$DMeof?$DO?5expected?$AA@ 8800d11c     LUA:lparser.obj
 0001:0000cd2c       ??_C@_0BN@MPGKNHPH@unexpected?5end?5of?5file?5in?5?$CFs?$AA@ 8800d12c     LUA:lundump.obj
 0001:0000cd4c       ??_C@_0BC@KMAEDEOJ@bad?5integer?5in?5?$CFs?$AA@ 8800d14c     LUA:lundump.obj
 0001:0000cd60       ??_C@_0CK@JLHBFODP@bad?5nupvalues?5in?5?$CFs?3?5read?5?$CFd?$DL?5ex@ 8800d160     LUA:lundump.obj
 0001:0000cd8c       ??_C@_0BN@NCOMFAFN@bad?5constant?5type?5?$CI?$CFd?$CJ?5in?5?$CFs?$AA@ 8800d18c     LUA:lundump.obj
 0001:0000cdac       ??_C@_0P@CJIBHDJE@bad?5code?5in?5?$CFs?$AA@ 8800d1ac     LUA:lundump.obj
 0001:0000cdbc       ??_C@_0BE@EDHJNGCP@bad?5signature?5in?5?$CFs?$AA@ 8800d1bc     LUA:lundump.obj
 0001:0000cdd0       ??_C@_0DN@NBAGCEID@virtual?5machine?5mismatch?5in?5?$CFs?3?5@ 8800d1d0     LUA:lundump.obj
 0001:0000ce10       ??_C@_0BM@HNBDABI@unknown?5number?5format?5in?5?$CFs?$AA@ 8800d210     LUA:lundump.obj
 0001:0000ce2c       ??_C@_01FHEEJDEE@A?$AA@    8800d22c     LUA:lundump.obj
 0001:0000ce30       ??_C@_02MBMDLBEE@OP?$AA@   8800d230     LUA:lundump.obj
 0001:0000ce34       ??_C@_0M@LHLPIFKK@Instruction?$AA@ 8800d234     LUA:lundump.obj
 0001:0000ce40       ??_C@_06DMBJOIF@size_t?$AA@ 8800d240     LUA:lundump.obj
 0001:0000ce48       ??_C@_03JBIPMCLC@int?$AA@  8800d248     LUA:lundump.obj
 0001:0000ce4c       ??_C@_0DI@FAOBBLCM@?$CFs?5too?5old?3?5read?5version?5?$CFd?4?$CFd?$DL?5@ 8800d24c     LUA:lundump.obj
 0001:0000ce84       ??_C@_0DH@LLFFCBFG@?$CFs?5too?5new?3?5read?5version?5?$CFd?4?$CFd?$DL?5@ 8800d284     LUA:lundump.obj
 0001:0000cebc       ??_C@_0O@CNJIDMJE@binary?5string?$AA@ 8800d2bc     LUA:lundump.obj
 0001:0000cecc       luaP_opmodes               8800d2cc     LUA:lopcodes.obj
 0001:0000cf08       ??_C@_0BL@BDOLDOFI@control?5structure?5too?5long?$AA@ 8800d308     LUA:lcode.obj
 0001:0000cf24       ??_C@_0CD@HGHHKJGL@function?5or?5expression?5too?5compl@ 8800d324     LUA:lcode.obj
 0001:0000cf48       ??_C@_0BD@LKJEPOHE@code?5size?5overflow?$AA@ 8800d348     LUA:lcode.obj
 0001:0000cf5c       __real@46fffe00            8800d35c     atgframework:AtgInput.obj
 0001:0000cf60       ??_C@_0BAPF@DGCCBJG@struct?5VS_IN?5?5?5?5?5?5?5?5?5?5?5?5?5?5?5?5?5?5?5?5@ 8800d360     atgframework:AtgFont.obj
[...]
 0003:00041778       resize                     88081778 f   LUA:ltable.obj
 0003:00041938       newkey                     88081938 f   LUA:ltable.obj
 0003:00041d00       DumpString                 88081d00 f   LUA:ldump.obj
 0003:00041d80       DumpConstants              88081d80 f   LUA:ldump.obj
 0003:00041ea0       DumpFunction               88081ea0 f   LUA:ldump.obj
 0003:00042110       DumpHeader                 88082110 f   LUA:ldump.obj
 0003:000423e8       luaG_symbexec              880823e8 f   LUA:ldebug.obj
 0003:00042788       getobjname                 88082788 f   LUA:ldebug.obj
 0003:00042930       getfuncname                88082930 f   LUA:ldebug.obj
 0003:00042b98       auxgetinfo                 88082b98 f   LUA:ldebug.obj
 0003:00043410       read_numeral               88083410 f   LUA:llex.obj
 0003:000438b0       inclinenumber              880838b0 f   LUA:llex.obj
 0003:00043940       read_long_string           88083940 f   LUA:llex.obj
 0003:00043c28       read_string                88083c28 f   LUA:llex.obj
 0003:000447a8       next                       880847a8 f   LUA:lparser.obj
 0003:00044818       check                      88084818 f   LUA:lparser.obj
 0003:00044878       check_match                88084878 f   LUA:lparser.obj
 0003:00044918       str_checkname              88084918 f   LUA:lparser.obj
 0003:00044968       new_localvar               88084968 f   LUA:lparser.obj
 0003:00044a20       new_localvarstr            88084a20 f   LUA:lparser.obj
 0003:00044a90       indexupvalue               88084a90 f   LUA:lparser.obj
 0003:00044ba8       singlevaraux               88084ba8 f   LUA:lparser.obj
 0003:00044ce8       adjust_assign              88084ce8 f   LUA:lparser.obj
 0003:00044d80       leaveblock                 88084d80 f   LUA:lparser.obj
 0003:00044e40       open_func                  88084e40 f   LUA:lparser.obj
 0003:00044ed8       close_func                 88084ed8 f   LUA:lparser.obj
 0003:00045060       luaY_field                 88085060 f   LUA:lparser.obj
 0003:000450d0       recfield                   880850d0 f   LUA:lparser.obj
 0003:000451e8       constructor                880851e8 f   LUA:lparser.obj
 0003:00045460       parlist                    88085460 f   LUA:lparser.obj
 0003:000455c8       body                       880855c8 f   LUA:lparser.obj
 0003:00045778       explist1                   88085778 f   LUA:lparser.obj
 0003:000457e0       funcargs                   880857e0 f   LUA:lparser.obj
 0003:00045960       primaryexp                 88085960 f   LUA:lparser.obj
 0003:00045af8       simpleexp                  88085af8 f   LUA:lparser.obj
 0003:00045c08       subexpr                    88085c08 f   LUA:lparser.obj
 0003:00045e08       block                      88085e08 f   LUA:lparser.obj
 0003:00045e68       assignment                 88085e68 f   LUA:lparser.obj
 0003:00046010       whilestat                  88086010 f   LUA:lparser.obj
 0003:000461d8       repeatstat                 880861d8 f   LUA:lparser.obj
 0003:000462b0       forbody                    880862b0 f   LUA:lparser.obj
 0003:000463f8       fornum                     880863f8 f   LUA:lparser.obj
 0003:00046540       forlist                    88086540 f   LUA:lparser.obj
 0003:00046638       forstat                    88086638 f   LUA:lparser.obj
 0003:000466f8       ifstat                     880866f8 f   LUA:lparser.obj
 0003:00046830       localfunc                  88086830 f   LUA:lparser.obj
 0003:000468f0       localstat                  880868f0 f   LUA:lparser.obj
 0003:000469f0       funcstat                   880869f0 f   LUA:lparser.obj
 0003:00046a98       retstat                    88086a98 f   LUA:lparser.obj
 0003:00046b98       statement                  88086b98 f   LUA:lparser.obj
 0003:00046d98       chunk                      88086d98 f   LUA:lparser.obj
 0003:00046f18       ezgetc                     88086f18 f   LUA:lundump.obj
 0003:00046fa8       LoadBlock                  88086fa8 f   LUA:lundump.obj
 0003:00047028       LoadVector                 88087028 f   LUA:lundump.obj
 0003:000470d0       LoadInt                    880870d0 f   LUA:lundump.obj
 0003:00047128       LoadString                 88087128 f   LUA:lundump.obj
 0003:000471b0       LoadConstants              880871b0 f   LUA:lundump.obj
 0003:000472e8       LoadFunction               880872e8 f   LUA:lundump.obj
 0003:00047528       LoadHeader                 88087528 f   LUA:lundump.obj
 0003:000478a0       luaK_fixjump               880878a0 f   LUA:lcode.obj
 0003:00047918       need_value                 88087918 f   LUA:lcode.obj
 0003:000479b8       luaK_patchlistaux          880879b8 f   LUA:lcode.obj
 0003:00047bc0       addk                       88087bc0 f   LUA:lcode.obj
 0003:000480e0       discharge2reg              880880e0 f   LUA:lcode.obj
 0003:000481e0       luaK_exp2reg               880881e0 f   LUA:lcode.obj
 0003:00048778       jumponcond                 88088778 f   LUA:lcode.obj
 0003:00048a00       codenot                    88088a00 f   LUA:lcode.obj
 0003:00048d90       codebinop                  88088d90 f   LUA:lcode.obj
 0003:00049c80       tidy_global                88089c80 f   libcpmt:locale0.obj
 0003:00049dcc       __unwind$20707             88089dcc f   libcpmt:locale0.obj
 0003:00049f88       __unwind$21472             88089f88 f i libcpmt:locale0.obj
 0003:0004a01c       __unwind$21492             8808a01c f i libcpmt:locale0.obj
 0003:0004a044       __unwind$21493             8808a044 f i libcpmt:locale0.obj
 0003:0004a17c       __unwind$21533             8808a17c f   libcpmt:locale0.obj
 0003:0004a1a4       __unwind$21534             8808a1a4 f   libcpmt:locale0.obj
 0003:0004a5e4       __unwind$19666             8808a5e4 f   libcpmt:string.obj
 0003:0004a664       __unwind$19874             8808a664 f   libcpmt:string.obj
 0003:0004ad30       __DllMainCRTStartup        8808ad30 f   LIBCMT:dllcrt0.obj
 0003:0004b164       $$$00003                   8808b164 f   LIBCMT:crtgpr.obj
 0003:0004c2a8       ?FindSITargetTypeInstance@@YAPBU_s_RTTIBaseClassDescriptor@@PBU_s_RTTICompleteObjectLocator@@PAUTypeDescriptor@@1@Z 8808c2a8 f   LIBCMT:rtti.obj
 0003:0004c3a8       ?FindMITargetTypeInstance@@YAPBU_s_RTTIBaseClassDescriptor@@PAXPBU_s_RTTICompleteObjectLocator@@PAUTypeDescriptor@@H2@Z 8808c3a8 f   LIBCMT:rtti.obj
 0003:0004c550       ?FindVITargetTypeInstance@@YAPBU_s_RTTIBaseClassDescriptor@@PAXPBU_s_RTTICompleteObjectLocator@@PAUTypeDescriptor@@H2@Z 8808c550 f   LIBCMT:rtti.obj
 0003:0004ca60       doexit                     8808ca60 f   LIBCMT:crt0dat.obj
 0003:0004d3c8       ?strtoxq@@YA_KPAUlocaleinfo_struct@@PBDPAPBDHH@Z 8808d3c8 f   LIBCMT:strtoq.obj
 0003:0004d6e0       ?strtoxl@@YAKPAUlocaleinfo_struct@@PBDPAPBDHH@Z 8808d6e0 f   LIBCMT:strtol.obj
 0003:0004e0b8       ?wcstoxl@@YAKPAUlocaleinfo_struct@@PB_WPAPB_WHH@Z 8808e0b8 f   LIBCMT:wcstol.obj
 0003:000509b0       ?CatchIt@@YAXPAUEHExceptionRecord@@PAKPAU_CONTEXT@@PAU_xDISPATCHER_CONTEXT@@PBU_s_FuncInfo@@PBU_s_HandlerType@@PBU_s_CatchableType@@PBU_s_TryBlockMapEntry@@H1E@Z 880909b0 f   LIBCMT:frame.obj
 0003:00050af8       ?FindHandlerForForeignException@@YAXPAUEHExceptionRecord@@PAKPAU_CONTEXT@@PAU_xDISPATCHER_CONTEXT@@PBU_s_FuncInfo@@HH1@Z 88090af8 f   LIBCMT:frame.obj
 0003:00050c68       ?FindHandler@@YAXPAUEHExceptionRecord@@PAKPAU_CONTEXT@@PAU_xDISPATCHER_CONTEXT@@PBU_s_FuncInfo@@EH1@Z 88090c68 f   LIBCMT:frame.obj
 0003:00051378       flsall                     88091378 f   LIBCMT:fflush.obj
 0003:00051e88       _cftoe2_l                  88091e88 f   LIBCMT:cvt.obj
 0003:00052668       _cftof2_l                  88092668 f   LIBCMT:cvt.obj
 0003:00053380       __crtInitCritSecNoSpinCount 88093380 f   LIBCMT:initcrit.obj
 0003:00053c00       write_char                 88093c00 f   LIBCMT:output.obj
 0003:00053c98       write_string               88093c98 f   LIBCMT:output.obj
 0003:00054928       write_char                 88094928 f   LIBCMT:outputs.obj
 0003:000549c0       write_string               880949c0 f   LIBCMT:outputs.obj
 0003:00057878       ?setSBCS@@YAXPAUthreadmbcinfostruct@@@Z 88097878 f   LIBCMT:mbctype.obj
 0003:0005acb8       _tsopen_nolock             8809acb8 f   LIBCMT:open.obj
 0003:00060cf0       ?c_BoxFilter2D_X8R8G8B8@D3DXTex@@YAJPAI0IIII@Z 880a0cf0 f   d3dx9:cblt.obj
 0003:00060dd8       ?init_BoxFilter2D_A8R8G8B8@D3DXTex@@YAJPAI0IIII@Z 880a0dd8 f   d3dx9:cblt.obj
 0003:00060e28       ?init_BoxFilter2D_X8R8G8B8@D3DXTex@@YAJPAI0IIII@Z 880a0e28 f   d3dx9:cblt.obj
 0003:00060e78       ?flush_pending@D3DX@@YAXPAUz_stream_s@1@@Z 880a0e78 f   d3dx9:deflate.obj
 0003:00060f38       ?longest_match@D3DX@@YAIPAUinternal_state@1@I@Z 880a0f38 f   d3dx9:deflate.obj
 0003:00061130       ?fill_window@D3DX@@YAXPAUinternal_state@1@@Z 880a1130 f   d3dx9:deflate.obj
 0003:00061340       ?deflate_stored@D3DX@@YA?AW4block_state@1@PAUinternal_state@1@H@Z 880a1340 f   d3dx9:deflate.obj
 0003:00061508       ?deflate_fast@D3DX@@YA?AW4block_state@1@PAUinternal_state@1@H@Z 880a1508 f   d3dx9:deflate.obj
 0003:00061920       ?deflate_slow@D3DX@@YA?AW4block_state@1@PAUinternal_state@1@H@Z 880a1920 f   d3dx9:deflate.obj
 0003:00061fb8       ?pqdownheap@D3DX@@YAXPAUinternal_state@1@PAUct_data_s@1@H@Z 880a1fb8 f   d3dx9:trees.obj
 0003:000620a8       ?gen_bitlen@D3DX@@YAXPAUinternal_state@1@PAUtree_desc_s@1@@Z 880a20a8 f   d3dx9:trees.obj
 0003:000622f0       ?scan_tree@D3DX@@YAXPAUinternal_state@1@PAUct_data_s@1@H@Z 880a22f0 f   d3dx9:trees.obj
 0003:00062418       ?send_tree@D3DX@@YAXPAUinternal_state@1@PAUct_data_s@1@H@Z 880a2418 f   d3dx9:trees.obj
 0003:00062970       ?send_all_trees@D3DX@@YAXPAUinternal_state@1@HHH@Z 880a2970 f   d3dx9:trees.obj
 0003:00062c10       ?compress_block@D3DX@@YAXPAUinternal_state@1@PAUct_data_s@1@1@Z 880a2c10 f   d3dx9:trees.obj
 0003:00063068       ?copy_block@D3DX@@YAXPAUinternal_state@1@PADIH@Z 880a3068 f   d3dx9:trees.obj
 0003:00063180       ?build_tree@D3DX@@YAXPAUinternal_state@1@PAUtree_desc_s@1@@Z 880a3180 f   d3dx9:trees.obj
 0003:00063a90       ?LST_CreateItem@XGRAPHICS@@YAPAXPAU_MEM_HEAD@1@@Z 880a3a90 f   xgraphics:linkedlist.obj
 0003:00063b08       ?LST_InsertBeforeItem@XGRAPHICS@@YAXPAU_LIST_PRIM_ITEM@1@0@Z 880a3b08 f   xgraphics:linkedlist.obj
 0003:00064018       ?c_BoxFilter2D_X8R8G8B8@XG_D3DXTex@@YAJPAI0IIII@Z 880a4018 f   xgraphics:cblt.obj
 0003:00064100       ?init_BoxFilter2D_A8R8G8B8@XG_D3DXTex@@YAJPAI0IIII@Z 880a4100 f   xgraphics:cblt.obj
 0003:00064150       ?init_BoxFilter2D_X8R8G8B8@XG_D3DXTex@@YAJPAI0IIII@Z 880a4150 f   xgraphics:cblt.obj
 0003:00064750       ?FloatToString@XGRAPHICS@@YAXMPAD@Z 880a4750 f   xgraphics:compilertossm.obj
 0003:000691d8       ?TFetchDstModifierToDstSel@XGRAPHICS@@YAHHH@Z 880a91d8 f   xgraphics:asm.obj
 0003:00069280       ?KorrectSwizzle@XGRAPHICS@@YAXPAVIRInst@1@H@Z 880a9280 f   xgraphics:asm.obj
 0003:0006fef0       ??__Eg_FontRegistry@?A0x6b0c680e@@YAXXZ 880afef0 f    CIL library: CIL module
 0003:0006ff00       ??__Eg_XuiScratchAlloc@Xui@@YAXXZ 880aff00 f    CIL library: CIL module
 0003:0006ff10       ??__Eg_objEntryPool@Xui@@YAXXZ 880aff10 f    CIL library: CIL module
 0003:0006ff20       ??__Eg_classMap@Xui@@YAXXZ 880aff20 f    CIL library: CIL module
 0003:0006ff60       ??__Eg_prefixMap@Xui@@YAXXZ 880aff60 f    CIL library: CIL module
 0003:0006ff70       ??__Eg_visualMap@Xui@@YAXXZ 880aff70 f    CIL library: CIL module
 0003:0006ff80       ??__Eg_VisualData@Xui@@YAXXZ 880aff80 f    CIL library: CIL module
 0003:0006ff90       ??__Eg_timelines@Xui@@YAXXZ 880aff90 f    CIL library: CIL module
 0003:0006ffa0       ??__Eg_GdipRenderer@Xui@@YAXXZ 880affa0 f    CIL library: CIL module
 0003:0006ffd8       ??__Eg_ObjectPool@Xui@@YAXXZ 880affd8 f    CIL library: CIL module
 0003:00070030       ??__EBaseLua@@YAXXZ        880b0030 f   PatchData.obj
 0003:00070070       ??__EQuickBootLua@@YAXXZ   880b0070 f   PatchData.obj
 0003:000700b0       ??__EDebugMessagesPlace@DebugLogRestore@@YAXXZ 880b00b0 f   PatchData.obj
 0003:000700c0       ??__EDebugMessages@DebugLogRestore@@YAXXZ 880b00c0 f   PatchData.obj
 0003:000700d0       ??__E_RCS@@YAXXZ           880b00d0 f   PatchData.obj
 0003:000700e0       ??__Emy_map@@YAXXZ         880b00e0 f   PatchData.obj
 0003:00070118       ??__Evec@Multiplayer4P@@YAXXZ 880b0118 f   PatchData.obj
 0003:00070128       ??__Elog@DebugLogRestore@@YAXXZ 880b0128 f   PatchData.obj
 0003:00070138       ??__Emalloc_buffer@DebugLogRestore@@YAXXZ 880b0138 f   PatchData.obj
 0003:00070148       ??__EEffectMapJoiner@DebugLogRestore@@YAXXZ 880b0148 f   PatchData.obj
 0003:00070180       ??__EContextMapJoiner@DebugLogRestore@@YAXXZ 880b0180 f   PatchData.obj
 0003:000701b8       ??__Em_Font@ImGUI@@YAXXZ   880b01b8 f   PatchData.obj
 0003:000701f0       ??__EDebugMessagesPlace@DebugLogV2@@YAXXZ 880b01f0 f   DebugLog.obj
 0003:00070200       ??__EDebugMessages@DebugLogV2@@YAXXZ 880b0200 f   DebugLog.obj
 0003:00070210       ??__Elog@DebugLogV2@@YAXXZ 880b0210 f   DebugLog.obj
 0003:00070220       ??__EDebugMessagesPlace@DebugLogV2@@YAXXZ 880b0220 f   LuaExtension.obj
 0003:00070230       ??__EDebugMessages@DebugLogV2@@YAXXZ 880b0230 f   LuaExtension.obj
 0003:00070240       ??__Elog@DebugLogV2@@YAXXZ 880b0240 f   LuaExtension.obj
 0003:00070250       ??__EDebugMessagesPlace@DebugLogV2@@YAXXZ 880b0250 f   LuaExtension_BIT.obj
 0003:00070260       ??__EDebugMessages@DebugLogV2@@YAXXZ 880b0260 f   LuaExtension_BIT.obj
 0003:00070270       ??__Elog@DebugLogV2@@YAXXZ 880b0270 f   LuaExtension_BIT.obj
 0003:00070280       ??__EDebugMessagesPlace@DebugLogV2@@YAXXZ 880b0280 f   LuaExtension_Memory.obj
 0003:00070290       ??__EDebugMessages@DebugLogV2@@YAXXZ 880b0290 f   LuaExtension_Memory.obj
 0003:000702a0       ??__Elog@DebugLogV2@@YAXXZ 880b02a0 f   LuaExtension_Memory.obj
 0003:000702b0       ??__EDebugMessagesPlace@DebugLogV2@@YAXXZ 880b02b0 f   MessagesUtil.obj
 0003:000702c0       ??__EDebugMessages@DebugLogV2@@YAXXZ 880b02c0 f   MessagesUtil.obj
 0003:000702d0       ??__Elog@DebugLogV2@@YAXXZ 880b02d0 f   MessagesUtil.obj
 0003:000702e0       ??__EDebugMessagesPlace@DebugLogV2@@YAXXZ 880b02e0 f   DevTitle.obj
 0003:000702f0       ??__EDebugMessages@DebugLogV2@@YAXXZ 880b02f0 f   DevTitle.obj
 0003:00070300       ??__Elog@DebugLogV2@@YAXXZ 880b0300 f   DevTitle.obj
 0003:00070310       ??__EBaseLua@@YAXXZ        880b0310 f   DLLModule.obj
 0003:00070350       ??__EQuickBootLua@@YAXXZ   880b0350 f   DLLModule.obj
 0003:00070390       ??__EDebugMessagesPlace@DebugLogRestore@@YAXXZ 880b0390 f   DLLModule.obj
 0003:000703a0       ??__EDebugMessages@DebugLogRestore@@YAXXZ 880b03a0 f   DLLModule.obj
 0003:000703b0       ??__EDebugMessagesPlace@DebugLogV2@@YAXXZ 880b03b0 f   DLLModule.obj
 0003:000703c0       ??__EDebugMessages@DebugLogV2@@YAXXZ 880b03c0 f   DLLModule.obj
 0003:000703d0       ??__Elog@DebugLogV2@@YAXXZ 880b03d0 f   DLLModule.obj
 0003:000703e0       ??__Einitlocks@std@@YAXXZ  880b03e0 f   libcpmt:xlock.obj
 0003:00070418       ??__Eclassic_locale@std@@YAXXZ 880b0418 f   libcpmt:locale0.obj
 0003:00070428       ??__Einitlocks@std@@YAXXZ  880b0428 f   libcpmt:iosptrs.obj
 0003:00070460       ??__Einit_atexit@@YAXXZ    880b0460 f   libcpmt:iosptrs.obj
 0003:00070470       ??__EpOldExceptFilter@@YAXXZ 880b0470 f   LIBCMT:unhandled.obj
 0003:000704b0       ??__Eg_instrNeverIssue@D3DXShader@@YAXXZ 880b04b0 f   xgraphics:scheduler.obj
 0003:000704c0       ??__Eg_depNeverIssue@D3DXShader@@YAXXZ 880b04c0 f   xgraphics:scheduler.obj
 0003:000704d8       ??__Fg_FontRegistry@?A0x6b0c680e@@YAXXZ 880b04d8 f    CIL library: CIL module
 0003:000704e8       ??__Fg_XuiScratchAlloc@Xui@@YAXXZ 880b04e8 f    CIL library: CIL module
 0003:000704f0       ??__Fg_objEntryPool@Xui@@YAXXZ 880b04f0 f    CIL library: CIL module
 0003:000704f8       ??__Fg_classMap@Xui@@YAXXZ 880b04f8 f    CIL library: CIL module
 0003:00070570       ??__Fg_prefixMap@Xui@@YAXXZ 880b0570 f    CIL library: CIL module
 0003:00070580       ??__Fg_visualMap@Xui@@YAXXZ 880b0580 f    CIL library: CIL module
 0003:00070590       ??__Fg_VisualData@Xui@@YAXXZ 880b0590 f    CIL library: CIL module
 0003:000705f0       ??__Fg_timelines@Xui@@YAXXZ 880b05f0 f    CIL library: CIL module
 0003:00070648       ??__Fg_GdipRenderer@Xui@@YAXXZ 880b0648 f    CIL library: CIL module
 0003:00070658       ??__Fm_Font@ImGUI@@YAXXZ   880b0658 f   PatchData.obj
 0003:00070668       ??__FDebugMessagesPlace@DebugLogRestore@@YAXXZ 880b0668 f   PatchData.obj
 0003:000706b8       ??__FDebugMessages@DebugLogRestore@@YAXXZ 880b06b8 f   PatchData.obj
 0003:00070708       ??__Fmalloc_buffer@DebugLogRestore@@YAXXZ 880b0708 f   PatchData.obj
 0003:00070758       ??__FBaseLua@@YAXXZ        880b0758 f   PatchData.obj
 0003:00070768       ??__FQuickBootLua@@YAXXZ   880b0768 f   PatchData.obj
 0003:00070778       ??__Flog@DebugLogRestore@@YAXXZ 880b0778 f   PatchData.obj
 0003:000707c8       ??__Fvec@Multiplayer4P@@YAXXZ 880b07c8 f   PatchData.obj
 0003:00070818       ??__FContextMapJoiner@DebugLogRestore@@YAXXZ 880b0818 f   PatchData.obj
 0003:00070828       ??__FEffectMapJoiner@DebugLogRestore@@YAXXZ 880b0828 f   PatchData.obj
 0003:00070838       ??__F_RCS@@YAXXZ           880b0838 f   PatchData.obj
 0003:00070848       ??__Fmy_map@@YAXXZ         880b0848 f   PatchData.obj
 0003:00070858       ??__FDebugMessagesPlace@DebugLogV2@@YAXXZ 880b0858 f   DebugLog.obj
 0003:000708a8       ??__FDebugMessages@DebugLogV2@@YAXXZ 880b08a8 f   DebugLog.obj
 0003:000708f8       ??__Flog@DebugLogV2@@YAXXZ 880b08f8 f   DebugLog.obj
 0003:00070948       ??__FDebugMessagesPlace@DebugLogV2@@YAXXZ 880b0948 f   LuaExtension.obj
 0003:00070998       ??__FDebugMessages@DebugLogV2@@YAXXZ 880b0998 f   LuaExtension.obj
 0003:000709e8       ??__Flog@DebugLogV2@@YAXXZ 880b09e8 f   LuaExtension.obj
 0003:00070a38       ??__FDebugMessagesPlace@DebugLogV2@@YAXXZ 880b0a38 f   LuaExtension_BIT.obj
 0003:00070a88       ??__FDebugMessages@DebugLogV2@@YAXXZ 880b0a88 f   LuaExtension_BIT.obj
 0003:00070ad8       ??__Flog@DebugLogV2@@YAXXZ 880b0ad8 f   LuaExtension_BIT.obj
 0003:00070b28       ??__FDebugMessagesPlace@DebugLogV2@@YAXXZ 880b0b28 f   LuaExtension_Memory.obj
 0003:00070b78       ??__FDebugMessages@DebugLogV2@@YAXXZ 880b0b78 f   LuaExtension_Memory.obj
 0003:00070bc8       ??__Flog@DebugLogV2@@YAXXZ 880b0bc8 f   LuaExtension_Memory.obj
 0003:00070c18       ??__FDebugMessagesPlace@DebugLogV2@@YAXXZ 880b0c18 f   MessagesUtil.obj
 0003:00070c68       ??__FDebugMessages@DebugLogV2@@YAXXZ 880b0c68 f   MessagesUtil.obj
 0003:00070cb8       ??__Flog@DebugLogV2@@YAXXZ 880b0cb8 f   MessagesUtil.obj
 0003:00070d08       ??__FDebugMessagesPlace@DebugLogV2@@YAXXZ 880b0d08 f   DevTitle.obj
 0003:00070d58       ??__FDebugMessages@DebugLogV2@@YAXXZ 880b0d58 f   DevTitle.obj
 0003:00070da8       ??__Flog@DebugLogV2@@YAXXZ 880b0da8 f   DevTitle.obj
 0003:00070df8       ??__FBaseLua@@YAXXZ        880b0df8 f   DLLModule.obj
 0003:00070e08       ??__FQuickBootLua@@YAXXZ   880b0e08 f   DLLModule.obj
 0003:00070e18       ??__FDebugMessagesPlace@DebugLogRestore@@YAXXZ 880b0e18 f   DLLModule.obj
 0003:00070e68       ??__FDebugMessages@DebugLogRestore@@YAXXZ 880b0e68 f   DLLModule.obj
 0003:00070eb8       ??__FDebugMessagesPlace@DebugLogV2@@YAXXZ 880b0eb8 f   DLLModule.obj
 0003:00070f08       ??__FDebugMessages@DebugLogV2@@YAXXZ 880b0f08 f   DLLModule.obj
 0003:00070f58       ??__Flog@DebugLogV2@@YAXXZ 880b0f58 f   DLLModule.obj
 0003:00070fa8       ??__Finitlocks@std@@YAXXZ  880b0fa8 f   libcpmt:xlock.obj
 0003:00070fb8       ??__Fclassic_locale@std@@YAXXZ 880b0fb8 f   libcpmt:locale0.obj
 0003:00071008       ??__Fnomem@?5???2@YAPAXI@Z@YAXXZ 880b1008 f   libcpmt:newop.obj
 0003:00071038       ??__Finitlocks@std@@YAXXZ  880b1038 f   libcpmt:iosptrs.obj
 0003:00071048       ??__Finit_atexit@@YAXXZ    880b1048 f   libcpmt:iosptrs.obj
